192.168.0.139 - - [26/Nov/2015:17:01:27 +0100] "GET /css/app.css HTTP/1.1" 200 1503 "http://caixamagica.eu/" "Mozilla/5.0 (Linux; Android 5.0.2; XT1225 Build/LXG22.33-12.16) AppleWebKit/537.36 (KHTML, like Gecko) Chrome/46.0.2490.76 Mobile Safari/537.36"
192.168.0.139 - - [26/Nov/2015:17:01:27 +0100] "GET /img/logo_caixa.png HTTP/1.1" 200 13860 "http://caixamagica.eu/" "Mozilla/5.0 (Linux; Android 5.0.2; XT1225 Build/LXG22.33-12.16) AppleWebKit/537.36 (KHTML, like Gecko) Chrome/46.0.2490.76 Mobile Safari/537.36"
192.168.0.139 - - [26/Nov/2015:17:01:27 +0100] "GET /js/foundation.min.js HTTP/1.1" 200 22301 "http://caixamagica.eu/" "Mozilla/5.0 (Linux; Android 5.0.2; XT1225 Build/LXG22.33-12.16) AppleWebKit/537.36 (KHTML, like Gecko) Chrome/46.0.2490.76 Mobile Safari/537.36"
192.168.0.139 - - [26/Nov/2015:17:01:27 +0100] "GET /css/foundation.css HTTP/1.1" 200 13869 "http://caixamagica.eu/" "Mozilla/5.0 (Linux; Android 5.0.2; XT1225 Build/LXG22.33-12.16) AppleWebKit/537.36 (KHTML, like Gecko) Chrome/46.0.2490.76 Mobile Safari/537.36"
192.168.0.139 - - [26/Nov/2015:17:01:27 +0100] "GET /js/vendor/jquery.min.js HTTP/1.1" 200 29910 "http://caixamagica.eu/" "Mozilla/5.0 (Linux; Android 5.0.2; XT1225 Build/LXG22.33-12.16) AppleWebKit/537.36 (KHTML, like Gecko) Chrome/46.0.2490.76 Mobile Safari/537.36"
192.168.0.139 - - [26/Nov/2015:17:01:27 +0100] "GET /js/app.js HTTP/1.1" 200 321 "http://caixamagica.eu/" "Mozilla/5.0 (Linux; Android 5.0.2; XT1225 Build/LXG22.33-12.16) AppleWebKit/537.36 (KHTML, like Gecko) Chrome/46.0.2490.76 Mobile Safari/537.36"
192.168.0.139 - - [26/Nov/2015:17:01:28 +0100] "GET /favicon.ico HTTP/1.1" 404 505 "http://caixamagica.eu/" "Mozilla/5.0 (Linux; Android 5.0.2; XT1225 Build/LXG22.33-12.16) AppleWebKit/537.36 (KHTML, like Gecko) Chrome/46.0.2490.76 Mobile Safari/537.36"
192.168.0.139 - - [26/Nov/2015:17:01:30 +0100] "GET /opciones.html HTTP/1.1" 200 1121 "http://caixamagica.eu/" "Mozilla/5.0 (Linux; Android 5.0.2; XT1225 Build/LXG22.33-12.16) AppleWebKit/537.36 (KHTML, like Gecko) Chrome/46.0.2490.76 Mobile Safari/537.36"
192.168.0.139 - - [26/Nov/2015:17:01:30 +0100] "GET /css/app.css HTTP/1.1" 200 1502 "http://caixamagica.eu/opciones.html" "Mozilla/5.0 (Linux; Android 5.0.2; XT1225 Build/LXG22.33-12.16) AppleWebKit/537.36 (KHTML, like Gecko) Chrome/46.0.2490.76 Mobile Safari/537.36"
192.168.0.139 - - [26/Nov/2015:17:01:30 +0100] "GET /css/jquery-ui.css HTTP/1.1" 200 8374 "http://caixamagica.eu/opciones.html" "Mozilla/5.0 (Linux; Android 5.0.2; XT1225 Build/LXG22.33-12.16) AppleWebKit/537.36 (KHTML, like Gecko) Chrome/46.0.2490.76 Mobile Safari/537.36"
192.168.0.139 - - [26/Nov/2015:17:01:30 +0100] "GET /img/logo_caixa.png HTTP/1.1" 200 13860 "http://caixamagica.eu/opciones.html" "Mozilla/5.0 (Linux; Android 5.0.2; XT1225 Build/LXG22.33-12.16) AppleWebKit/537.36 (KHTML, like Gecko) Chrome/46.0.2490.76 Mobile Safari/537.36"
192.168.0.139 - - [26/Nov/2015:17:01:30 +0100] "GET /js/vendor/what-input.min.js HTTP/1.1" 200 1113 "http://caixamagica.eu/opciones.html" "Mozilla/5.0 (Linux; Android 5.0.2; XT1225 Build/LXG22.33-12.16) AppleWebKit/537.36 (KHTML, like Gecko) Chrome/46.0.2490.76 Mobile Safari/537.36"
192.168.0.139 - - [26/Nov/2015:17:01:30 +0100] "GET /js/app.js HTTP/1.1" 304 179 "http://caixamagica.eu/opciones.html" "Mozilla/5.0 (Linux; Android 5.0.2; XT1225 Build/LXG22.33-12.16) AppleWebKit/537.36 (KHTML, like Gecko) Chrome/46.0.2490.76 Mobile Safari/537.36"
192.168.0.139 - - [26/Nov/2015:17:01:30 +0100] "GET /css/foundation.css HTTP/1.1" 200 13869 "http://caixamagica.eu/opciones.html" "Mozilla/5.0 (Linux; Android 5.0.2; XT1225 Build/LXG22.33-12.16) AppleWebKit/537.36 (KHTML, like Gecko) Chrome/46.0.2490.76 Mobile Safari/537.36"
192.168.0.139 - - [26/Nov/2015:17:01:30 +0100] "GET /js/vendor/jquery.min.js HTTP/1.1" 200 29909 "http://caixamagica.eu/opciones.html" "Mozilla/5.0 (Linux; Android 5.0.2; XT1225 Build/LXG22.33-12.16) AppleWebKit/537.36 (KHTML, like Gecko) Chrome/46.0.2490.76 Mobile Safari/537.36"
192.168.0.139 - - [26/Nov/2015:17:01:30 +0100] "GET /js/foundation.min.js HTTP/1.1" 200 22300 "http://caixamagica.eu/opciones.html" "Mozilla/5.0 (Linux; Android 5.0.2; XT1225 Build/LXG22.33-12.16) AppleWebKit/537.36 (KHTML, like Gecko) Chrome/46.0.2490.76 Mobile Safari/537.36"
192.168.0.139 - - [26/Nov/2015:17:01:30 +0100] "GET /img/ui-icons_ffffff_256x240.png HTTP/1.1" 200 6585 "http://caixamagica.eu/css/jquery-ui.css" "Mozilla/5.0 (Linux; Android 5.0.2; XT1225 Build/LXG22.33-12.16) AppleWebKit/537.36 (KHTML, like Gecko) Chrome/46.0.2490.76 Mobile Safari/537.36"
192.168.0.139 - - [26/Nov/2015:17:01:30 +0100] "GET /js/jquery.js HTTP/1.1" 200 81487 "http://caixamagica.eu/opciones.html" "Mozilla/5.0 (Linux; Android 5.0.2; XT1225 Build/LXG22.33-12.16) AppleWebKit/537.36 (KHTML, like Gecko) Chrome/46.0.2490.76 Mobile Safari/537.36"
::1 - - [26/Nov/2015:17:01:37 +0100] "OPTIONS * HTTP/1.0" 200 126 "-" "Apache/2.4.10 (Debian) (internal dummy connection)"
::1 - - [26/Nov/2015:17:01:38 +0100] "OPTIONS * HTTP/1.0" 200 126 "-" "Apache/2.4.10 (Debian) (internal dummy connection)"
192.168.0.139 - - [26/Nov/2015:17:01:51 +0100] "GET /problema.php HTTP/1.1" 200 1227 "http://caixamagica.eu/opciones.html" "Mozilla/5.0 (Linux; Android 5.0.2; XT1225 Build/LXG22.33-12.16) AppleWebKit/537.36 (KHTML, like Gecko) Chrome/46.0.2490.76 Mobile Safari/537.36"
192.168.0.139 - - [26/Nov/2015:17:01:51 +0100] "GET /css/app.css HTTP/1.1" 200 1503 "http://caixamagica.eu/problema.php" "Mozilla/5.0 (Linux; Android 5.0.2; XT1225 Build/LXG22.33-12.16) AppleWebKit/537.36 (KHTML, like Gecko) Chrome/46.0.2490.76 Mobile Safari/537.36"
192.168.0.139 - - [26/Nov/2015:17:01:51 +0100] "GET /css/jquery-ui.css HTTP/1.1" 200 8375 "http://caixamagica.eu/problema.php" "Mozilla/5.0 (Linux; Android 5.0.2; XT1225 Build/LXG22.33-12.16) AppleWebKit/537.36 (KHTML, like Gecko) Chrome/46.0.2490.76 Mobile Safari/537.36"
192.168.0.139 - - [26/Nov/2015:17:01:51 +0100] "GET /css/foundation.css HTTP/1.1" 200 13869 "http://caixamagica.eu/problema.php" "Mozilla/5.0 (Linux; Android 5.0.2; XT1225 Build/LXG22.33-12.16) AppleWebKit/537.36 (KHTML, like Gecko) Chrome/46.0.2490.76 Mobile Safari/537.36"
192.168.0.139 - - [26/Nov/2015:17:01:51 +0100] "GET /img/logo_caixa.png HTTP/1.1" 200 13860 "http://caixamagica.eu/problema.php" "Mozilla/5.0 (Linux; Android 5.0.2; XT1225 Build/LXG22.33-12.16) AppleWebKit/537.36 (KHTML, like Gecko) Chrome/46.0.2490.76 Mobile Safari/537.36"
192.168.0.139 - - [26/Nov/2015:17:01:51 +0100] "GET /js/vendor/what-input.min.js HTTP/1.1" 200 1114 "http://caixamagica.eu/problema.php" "Mozilla/5.0 (Linux; Android 5.0.2; XT1225 Build/LXG22.33-12.16) AppleWebKit/537.36 (KHTML, like Gecko) Chrome/46.0.2490.76 Mobile Safari/537.36"
192.168.0.139 - - [26/Nov/2015:17:01:52 +0100] "GET /js/app.js HTTP/1.1" 304 179 "http://caixamagica.eu/problema.php" "Mozilla/5.0 (Linux; Android 5.0.2; XT1225 Build/LXG22.33-12.16) AppleWebKit/537.36 (KHTML, like Gecko) Chrome/46.0.2490.76 Mobile Safari/537.36"
192.168.0.139 - - [26/Nov/2015:17:01:51 +0100] "GET /js/foundation.min.js HTTP/1.1" 200 22300 "http://caixamagica.eu/problema.php" "Mozilla/5.0 (Linux; Android 5.0.2; XT1225 Build/LXG22.33-12.16) AppleWebKit/537.36 (KHTML, like Gecko) Chrome/46.0.2490.76 Mobile Safari/537.36"
192.168.0.139 - - [26/Nov/2015:17:01:51 +0100] "GET /js/vendor/jquery.min.js HTTP/1.1" 200 29910 "http://caixamagica.eu/problema.php" "Mozilla/5.0 (Linux; Android 5.0.2; XT1225 Build/LXG22.33-12.16) AppleWebKit/537.36 (KHTML, like Gecko) Chrome/46.0.2490.76 Mobile Safari/537.36"
192.168.0.139 - - [26/Nov/2015:17:01:51 +0100] "GET /js/jquery.js HTTP/1.1" 200 81488 "http://caixamagica.eu/problema.php" "Mozilla/5.0 (Linux; Android 5.0.2; XT1225 Build/LXG22.33-12.16) AppleWebKit/537.36 (KHTML, like Gecko) Chrome/46.0.2490.76 Mobile Safari/537.36"
192.168.0.139 - - [26/Nov/2015:17:01:52 +0100] "GET /img/ui-icons_ffffff_256x240.png HTTP/1.1" 304 181 "http://caixamagica.eu/problema.php" "Mozilla/5.0 (Linux; Android 5.0.2; XT1225 Build/LXG22.33-12.16) AppleWebKit/537.36 (KHTML, like Gecko) Chrome/46.0.2490.76 Mobile Safari/537.36"
::1 - - [26/Nov/2015:17:02:00 +0100] "OPTIONS * HTTP/1.0" 200 126 "-" "Apache/2.4.10 (Debian) (internal dummy connection)"
192.168.0.139 - - [26/Nov/2015:17:02:46 +0100] "GET /problema.php HTTP/1.1" 200 1227 "http://caixamagica.eu/opciones.html" "Mozilla/5.0 (Linux; Android 5.0.2; XT1225 Build/LXG22.33-12.16) AppleWebKit/537.36 (KHTML, like Gecko) Chrome/46.0.2490.76 Mobile Safari/537.36"
192.168.0.139 - - [26/Nov/2015:17:02:46 +0100] "GET /img/logo_caixa.png HTTP/1.1" 200 13861 "http://caixamagica.eu/problema.php" "Mozilla/5.0 (Linux; Android 5.0.2; XT1225 Build/LXG22.33-12.16) AppleWebKit/537.36 (KHTML, like Gecko) Chrome/46.0.2490.76 Mobile Safari/537.36"
192.168.0.139 - - [26/Nov/2015:17:02:46 +0100] "GET /css/app.css HTTP/1.1" 200 1503 "http://caixamagica.eu/problema.php" "Mozilla/5.0 (Linux; Android 5.0.2; XT1225 Build/LXG22.33-12.16) AppleWebKit/537.36 (KHTML, like Gecko) Chrome/46.0.2490.76 Mobile Safari/537.36"
192.168.0.139 - - [26/Nov/2015:17:02:46 +0100] "GET /css/jquery-ui.css HTTP/1.1" 200 8375 "http://caixamagica.eu/problema.php" "Mozilla/5.0 (Linux; Android 5.0.2; XT1225 Build/LXG22.33-12.16) AppleWebKit/537.36 (KHTML, like Gecko) Chrome/46.0.2490.76 Mobile Safari/537.36"
192.168.0.139 - - [26/Nov/2015:17:02:46 +0100] "GET /js/app.js HTTP/1.1" 304 179 "http://caixamagica.eu/problema.php" "Mozilla/5.0 (Linux; Android 5.0.2; XT1225 Build/LXG22.33-12.16) AppleWebKit/537.36 (KHTML, like Gecko) Chrome/46.0.2490.76 Mobile Safari/537.36"
192.168.0.139 - - [26/Nov/2015:17:02:46 +0100] "GET /js/vendor/what-input.min.js HTTP/1.1" 200 1114 "http://caixamagica.eu/problema.php" "Mozilla/5.0 (Linux; Android 5.0.2; XT1225 Build/LXG22.33-12.16) AppleWebKit/537.36 (KHTML, like Gecko) Chrome/46.0.2490.76 Mobile Safari/537.36"
192.168.0.139 - - [26/Nov/2015:17:02:46 +0100] "GET /css/foundation.css HTTP/1.1" 200 13869 "http://caixamagica.eu/problema.php" "Mozilla/5.0 (Linux; Android 5.0.2; XT1225 Build/LXG22.33-12.16) AppleWebKit/537.36 (KHTML, like Gecko) Chrome/46.0.2490.76 Mobile Safari/537.36"
192.168.0.139 - - [26/Nov/2015:17:02:46 +0100] "GET /js/foundation.min.js HTTP/1.1" 200 22300 "http://caixamagica.eu/problema.php" "Mozilla/5.0 (Linux; Android 5.0.2; XT1225 Build/LXG22.33-12.16) AppleWebKit/537.36 (KHTML, like Gecko) Chrome/46.0.2490.76 Mobile Safari/537.36"
192.168.0.139 - - [26/Nov/2015:17:02:46 +0100] "GET /img/ui-icons_ffffff_256x240.png HTTP/1.1" 304 181 "http://caixamagica.eu/problema.php" "Mozilla/5.0 (Linux; Android 5.0.2; XT1225 Build/LXG22.33-12.16) AppleWebKit/537.36 (KHTML, like Gecko) Chrome/46.0.2490.76 Mobile Safari/537.36"
192.168.0.139 - - [26/Nov/2015:17:02:46 +0100] "GET /js/vendor/jquery.min.js HTTP/1.1" 200 29910 "http://caixamagica.eu/problema.php" "Mozilla/5.0 (Linux; Android 5.0.2; XT1225 Build/LXG22.33-12.16) AppleWebKit/537.36 (KHTML, like Gecko) Chrome/46.0.2490.76 Mobile Safari/537.36"
192.168.0.139 - - [26/Nov/2015:17:02:46 +0100] "GET /js/jquery.js HTTP/1.1" 200 81487 "http://caixamagica.eu/problema.php" "Mozilla/5.0 (Linux; Android 5.0.2; XT1225 Build/LXG22.33-12.16) AppleWebKit/537.36 (KHTML, like Gecko) Chrome/46.0.2490.76 Mobile Safari/537.36"
::1 - - [26/Nov/2015:17:02:54 +0100] "OPTIONS * HTTP/1.0" 200 126 "-" "Apache/2.4.10 (Debian) (internal dummy connection)"
192.168.0.139 - - [26/Nov/2015:17:04:13 +0100] "POST /problema.php HTTP/1.1" 302 230 "http://caixamagica.eu/problema.php" "Mozilla/5.0 (Linux; Android 5.0.2; XT1225 Build/LXG22.33-12.16) AppleWebKit/537.36 (KHTML, like Gecko) Chrome/46.0.2490.76 Mobile Safari/537.36"
192.168.0.139 - - [26/Nov/2015:17:04:13 +0100] "GET /decision.php HTTP/1.1" 200 1331 "http://caixamagica.eu/problema.php" "Mozilla/5.0 (Linux; Android 5.0.2; XT1225 Build/LXG22.33-12.16) AppleWebKit/537.36 (KHTML, like Gecko) Chrome/46.0.2490.76 Mobile Safari/537.36"
192.168.0.139 - - [26/Nov/2015:17:04:13 +0100] "GET /css/app.css HTTP/1.1" 200 1503 "http://caixamagica.eu/decision.php" "Mozilla/5.0 (Linux; Android 5.0.2; XT1225 Build/LXG22.33-12.16) AppleWebKit/537.36 (KHTML, like Gecko) Chrome/46.0.2490.76 Mobile Safari/537.36"
192.168.0.139 - - [26/Nov/2015:17:04:13 +0100] "GET /js/app.js HTTP/1.1" 304 179 "http://caixamagica.eu/decision.php" "Mozilla/5.0 (Linux; Android 5.0.2; XT1225 Build/LXG22.33-12.16) AppleWebKit/537.36 (KHTML, like Gecko) Chrome/46.0.2490.76 Mobile Safari/537.36"
192.168.0.139 - - [26/Nov/2015:17:04:13 +0100] "GET /css/jquery-ui.css HTTP/1.1" 200 8375 "http://caixamagica.eu/decision.php" "Mozilla/5.0 (Linux; Android 5.0.2; XT1225 Build/LXG22.33-12.16) AppleWebKit/537.36 (KHTML, like Gecko) Chrome/46.0.2490.76 Mobile Safari/537.36"
192.168.0.139 - - [26/Nov/2015:17:04:13 +0100] "GET /js/vendor/what-input.min.js HTTP/1.1" 200 1114 "http://caixamagica.eu/decision.php" "Mozilla/5.0 (Linux; Android 5.0.2; XT1225 Build/LXG22.33-12.16) AppleWebKit/537.36 (KHTML, like Gecko) Chrome/46.0.2490.76 Mobile Safari/537.36"
192.168.0.139 - - [26/Nov/2015:17:04:13 +0100] "GET /img/logo_caixa.png HTTP/1.1" 200 13860 "http://caixamagica.eu/decision.php" "Mozilla/5.0 (Linux; Android 5.0.2; XT1225 Build/LXG22.33-12.16) AppleWebKit/537.36 (KHTML, like Gecko) Chrome/46.0.2490.76 Mobile Safari/537.36"
192.168.0.139 - - [26/Nov/2015:17:04:13 +0100] "GET /css/foundation.css HTTP/1.1" 200 13869 "http://caixamagica.eu/decision.php" "Mozilla/5.0 (Linux; Android 5.0.2; XT1225 Build/LXG22.33-12.16) AppleWebKit/537.36 (KHTML, like Gecko) Chrome/46.0.2490.76 Mobile Safari/537.36"
192.168.0.139 - - [26/Nov/2015:17:04:13 +0100] "GET /js/foundation.min.js HTTP/1.1" 200 22301 "http://caixamagica.eu/decision.php" "Mozilla/5.0 (Linux; Android 5.0.2; XT1225 Build/LXG22.33-12.16) AppleWebKit/537.36 (KHTML, like Gecko) Chrome/46.0.2490.76 Mobile Safari/537.36"
192.168.0.139 - - [26/Nov/2015:17:04:13 +0100] "GET /js/vendor/jquery.min.js HTTP/1.1" 200 29910 "http://caixamagica.eu/decision.php" "Mozilla/5.0 (Linux; Android 5.0.2; XT1225 Build/LXG22.33-12.16) AppleWebKit/537.36 (KHTML, like Gecko) Chrome/46.0.2490.76 Mobile Safari/537.36"
192.168.0.139 - - [26/Nov/2015:17:04:13 +0100] "GET /img/ui-icons_ffffff_256x240.png HTTP/1.1" 304 181 "http://caixamagica.eu/decision.php" "Mozilla/5.0 (Linux; Android 5.0.2; XT1225 Build/LXG22.33-12.16) AppleWebKit/537.36 (KHTML, like Gecko) Chrome/46.0.2490.76 Mobile Safari/537.36"
192.168.0.139 - - [26/Nov/2015:17:04:13 +0100] "GET /js/jquery.js HTTP/1.1" 200 81487 "http://caixamagica.eu/decision.php" "Mozilla/5.0 (Linux; Android 5.0.2; XT1225 Build/LXG22.33-12.16) AppleWebKit/537.36 (KHTML, like Gecko) Chrome/46.0.2490.76 Mobile Safari/537.36"
::1 - - [26/Nov/2015:17:04:21 +0100] "OPTIONS * HTTP/1.0" 200 126 "-" "Apache/2.4.10 (Debian) (internal dummy connection)"
192.168.0.139 - - [26/Nov/2015:17:05:10 +0100] "POST /decision.php HTTP/1.1" 302 230 "http://caixamagica.eu/decision.php" "Mozilla/5.0 (Linux; Android 5.0.2; XT1225 Build/LXG22.33-12.16) AppleWebKit/537.36 (KHTML, like Gecko) Chrome/46.0.2490.76 Mobile Safari/537.36"
192.168.0.139 - - [26/Nov/2015:17:05:10 +0100] "GET /solucion.php HTTP/1.1" 200 1332 "http://caixamagica.eu/decision.php" "Mozilla/5.0 (Linux; Android 5.0.2; XT1225 Build/LXG22.33-12.16) AppleWebKit/537.36 (KHTML, like Gecko) Chrome/46.0.2490.76 Mobile Safari/537.36"
192.168.0.139 - - [26/Nov/2015:17:05:10 +0100] "GET /js/vendor/what-input.min.js HTTP/1.1" 200 1114 "http://caixamagica.eu/solucion.php" "Mozilla/5.0 (Linux; Android 5.0.2; XT1225 Build/LXG22.33-12.16) AppleWebKit/537.36 (KHTML, like Gecko) Chrome/46.0.2490.76 Mobile Safari/537.36"
192.168.0.139 - - [26/Nov/2015:17:05:10 +0100] "GET /css/jquery-ui.css HTTP/1.1" 200 8375 "http://caixamagica.eu/solucion.php" "Mozilla/5.0 (Linux; Android 5.0.2; XT1225 Build/LXG22.33-12.16) AppleWebKit/537.36 (KHTML, like Gecko) Chrome/46.0.2490.76 Mobile Safari/537.36"
192.168.0.139 - - [26/Nov/2015:17:05:10 +0100] "GET /css/app.css HTTP/1.1" 200 1503 "http://caixamagica.eu/solucion.php" "Mozilla/5.0 (Linux; Android 5.0.2; XT1225 Build/LXG22.33-12.16) AppleWebKit/537.36 (KHTML, like Gecko) Chrome/46.0.2490.76 Mobile Safari/537.36"
192.168.0.139 - - [26/Nov/2015:17:05:10 +0100] "GET /js/app.js HTTP/1.1" 304 179 "http://caixamagica.eu/solucion.php" "Mozilla/5.0 (Linux; Android 5.0.2; XT1225 Build/LXG22.33-12.16) AppleWebKit/537.36 (KHTML, like Gecko) Chrome/46.0.2490.76 Mobile Safari/537.36"
192.168.0.139 - - [26/Nov/2015:17:05:10 +0100] "GET /img/logo_caixa.png HTTP/1.1" 200 13860 "http://caixamagica.eu/solucion.php" "Mozilla/5.0 (Linux; Android 5.0.2; XT1225 Build/LXG22.33-12.16) AppleWebKit/537.36 (KHTML, like Gecko) Chrome/46.0.2490.76 Mobile Safari/537.36"
192.168.0.139 - - [26/Nov/2015:17:05:10 +0100] "GET /css/foundation.css HTTP/1.1" 200 13869 "http://caixamagica.eu/solucion.php" "Mozilla/5.0 (Linux; Android 5.0.2; XT1225 Build/LXG22.33-12.16) AppleWebKit/537.36 (KHTML, like Gecko) Chrome/46.0.2490.76 Mobile Safari/537.36"
192.168.0.139 - - [26/Nov/2015:17:05:10 +0100] "GET /js/foundation.min.js HTTP/1.1" 200 22301 "http://caixamagica.eu/solucion.php" "Mozilla/5.0 (Linux; Android 5.0.2; XT1225 Build/LXG22.33-12.16) AppleWebKit/537.36 (KHTML, like Gecko) Chrome/46.0.2490.76 Mobile Safari/537.36"
192.168.0.139 - - [26/Nov/2015:17:05:10 +0100] "GET /js/vendor/jquery.min.js HTTP/1.1" 200 29910 "http://caixamagica.eu/solucion.php" "Mozilla/5.0 (Linux; Android 5.0.2; XT1225 Build/LXG22.33-12.16) AppleWebKit/537.36 (KHTML, like Gecko) Chrome/46.0.2490.76 Mobile Safari/537.36"
192.168.0.139 - - [26/Nov/2015:17:05:10 +0100] "GET /img/ui-icons_ffffff_256x240.png HTTP/1.1" 304 181 "http://caixamagica.eu/solucion.php" "Mozilla/5.0 (Linux; Android 5.0.2; XT1225 Build/LXG22.33-12.16) AppleWebKit/537.36 (KHTML, like Gecko) Chrome/46.0.2490.76 Mobile Safari/537.36"
192.168.0.139 - - [26/Nov/2015:17:05:10 +0100] "GET /js/jquery.js HTTP/1.1" 200 81487 "http://caixamagica.eu/solucion.php" "Mozilla/5.0 (Linux; Android 5.0.2; XT1225 Build/LXG22.33-12.16) AppleWebKit/537.36 (KHTML, like Gecko) Chrome/46.0.2490.76 Mobile Safari/537.36"
::1 - - [26/Nov/2015:17:05:18 +0100] "OPTIONS * HTTP/1.0" 200 126 "-" "Apache/2.4.10 (Debian) (internal dummy connection)"
192.168.0.139 - - [26/Nov/2015:17:05:24 +0100] "GET /index.php?nao_importa=m3:1 HTTP/1.1" 200 819 "http://caixamagica.eu/solucion.php" "Mozilla/5.0 (Linux; Android 5.0.2; XT1225 Build/LXG22.33-12.16) AppleWebKit/537.36 (KHTML, like Gecko) Chrome/46.0.2490.76 Mobile Safari/537.36"
192.168.0.139 - - [26/Nov/2015:17:05:24 +0100] "GET /js/vendor/what-input.min.js HTTP/1.1" 200 1114 "http://caixamagica.eu/index.php?nao_importa=m3:1" "Mozilla/5.0 (Linux; Android 5.0.2; XT1225 Build/LXG22.33-12.16) AppleWebKit/537.36 (KHTML, like Gecko) Chrome/46.0.2490.76 Mobile Safari/537.36"
192.168.0.139 - - [26/Nov/2015:17:05:24 +0100] "GET /js/app.js HTTP/1.1" 304 180 "http://caixamagica.eu/index.php?nao_importa=m3:1" "Mozilla/5.0 (Linux; Android 5.0.2; XT1225 Build/LXG22.33-12.16) AppleWebKit/537.36 (KHTML, like Gecko) Chrome/46.0.2490.76 Mobile Safari/537.36"
192.168.0.139 - - [26/Nov/2015:17:05:24 +0100] "GET /css/app.css HTTP/1.1" 200 1503 "http://caixamagica.eu/index.php?nao_importa=m3:1" "Mozilla/5.0 (Linux; Android 5.0.2; XT1225 Build/LXG22.33-12.16) AppleWebKit/537.36 (KHTML, like Gecko) Chrome/46.0.2490.76 Mobile Safari/537.36"
192.168.0.139 - - [26/Nov/2015:17:05:24 +0100] "GET /img/logo_caixa.png HTTP/1.1" 200 13860 "http://caixamagica.eu/index.php?nao_importa=m3:1" "Mozilla/5.0 (Linux; Android 5.0.2; XT1225 Build/LXG22.33-12.16) AppleWebKit/537.36 (KHTML, like Gecko) Chrome/46.0.2490.76 Mobile Safari/537.36"
192.168.0.139 - - [26/Nov/2015:17:05:24 +0100] "GET /css/foundation.css HTTP/1.1" 200 13869 "http://caixamagica.eu/index.php?nao_importa=m3:1" "Mozilla/5.0 (Linux; Android 5.0.2; XT1225 Build/LXG22.33-12.16) AppleWebKit/537.36 (KHTML, like Gecko) Chrome/46.0.2490.76 Mobile Safari/537.36"
192.168.0.139 - - [26/Nov/2015:17:05:24 +0100] "GET /js/foundation.min.js HTTP/1.1" 200 22301 "http://caixamagica.eu/index.php?nao_importa=m3:1" "Mozilla/5.0 (Linux; Android 5.0.2; XT1225 Build/LXG22.33-12.16) AppleWebKit/537.36 (KHTML, like Gecko) Chrome/46.0.2490.76 Mobile Safari/537.36"
192.168.0.139 - - [26/Nov/2015:17:05:24 +0100] "GET /js/vendor/jquery.min.js HTTP/1.1" 200 29910 "http://caixamagica.eu/index.php?nao_importa=m3:1" "Mozilla/5.0 (Linux; Android 5.0.2; XT1225 Build/LXG22.33-12.16) AppleWebKit/537.36 (KHTML, like Gecko) Chrome/46.0.2490.76 Mobile Safari/537.36"
::1 - - [26/Nov/2015:17:05:31 +0100] "OPTIONS * HTTP/1.0" 200 126 "-" "Apache/2.4.10 (Debian) (internal dummy connection)"
192.168.0.139 - - [26/Nov/2015:17:05:31 +0100] "GET /opciones.html HTTP/1.1" 200 1122 "http://caixamagica.eu/index.php?nao_importa=m3:1" "Mozilla/5.0 (Linux; Android 5.0.2; XT1225 Build/LXG22.33-12.16) AppleWebKit/537.36 (KHTML, like Gecko) Chrome/46.0.2490.76 Mobile Safari/537.36"
192.168.0.139 - - [26/Nov/2015:17:05:31 +0100] "GET /css/foundation.css HTTP/1.1" 200 13869 "http://caixamagica.eu/opciones.html" "Mozilla/5.0 (Linux; Android 5.0.2; XT1225 Build/LXG22.33-12.16) AppleWebKit/537.36 (KHTML, like Gecko) Chrome/46.0.2490.76 Mobile Safari/537.36"
192.168.0.139 - - [26/Nov/2015:17:05:31 +0100] "GET /js/vendor/what-input.min.js HTTP/1.1" 200 1114 "http://caixamagica.eu/opciones.html" "Mozilla/5.0 (Linux; Android 5.0.2; XT1225 Build/LXG22.33-12.16) AppleWebKit/537.36 (KHTML, like Gecko) Chrome/46.0.2490.76 Mobile Safari/537.36"
192.168.0.139 - - [26/Nov/2015:17:05:31 +0100] "GET /css/jquery-ui.css HTTP/1.1" 200 8375 "http://caixamagica.eu/opciones.html" "Mozilla/5.0 (Linux; Android 5.0.2; XT1225 Build/LXG22.33-12.16) AppleWebKit/537.36 (KHTML, like Gecko) Chrome/46.0.2490.76 Mobile Safari/537.36"
192.168.0.139 - - [26/Nov/2015:17:05:31 +0100] "GET /css/app.css HTTP/1.1" 200 1503 "http://caixamagica.eu/opciones.html" "Mozilla/5.0 (Linux; Android 5.0.2; XT1225 Build/LXG22.33-12.16) AppleWebKit/537.36 (KHTML, like Gecko) Chrome/46.0.2490.76 Mobile Safari/537.36"
192.168.0.139 - - [26/Nov/2015:17:05:31 +0100] "GET /js/app.js HTTP/1.1" 304 179 "http://caixamagica.eu/opciones.html" "Mozilla/5.0 (Linux; Android 5.0.2; XT1225 Build/LXG22.33-12.16) AppleWebKit/537.36 (KHTML, like Gecko) Chrome/46.0.2490.76 Mobile Safari/537.36"
192.168.0.139 - - [26/Nov/2015:17:05:31 +0100] "GET /img/logo_caixa.png HTTP/1.1" 200 13860 "http://caixamagica.eu/opciones.html" "Mozilla/5.0 (Linux; Android 5.0.2; XT1225 Build/LXG22.33-12.16) AppleWebKit/537.36 (KHTML, like Gecko) Chrome/46.0.2490.76 Mobile Safari/537.36"
192.168.0.139 - - [26/Nov/2015:17:05:31 +0100] "GET /js/vendor/jquery.min.js HTTP/1.1" 200 29910 "http://caixamagica.eu/opciones.html" "Mozilla/5.0 (Linux; Android 5.0.2; XT1225 Build/LXG22.33-12.16) AppleWebKit/537.36 (KHTML, like Gecko) Chrome/46.0.2490.76 Mobile Safari/537.36"
192.168.0.139 - - [26/Nov/2015:17:05:31 +0100] "GET /js/foundation.min.js HTTP/1.1" 200 22301 "http://caixamagica.eu/opciones.html" "Mozilla/5.0 (Linux; Android 5.0.2; XT1225 Build/LXG22.33-12.16) AppleWebKit/537.36 (KHTML, like Gecko) Chrome/46.0.2490.76 Mobile Safari/537.36"
192.168.0.139 - - [26/Nov/2015:17:05:31 +0100] "GET /img/ui-icons_ffffff_256x240.png HTTP/1.1" 304 181 "http://caixamagica.eu/opciones.html" "Mozilla/5.0 (Linux; Android 5.0.2; XT1225 Build/LXG22.33-12.16) AppleWebKit/537.36 (KHTML, like Gecko) Chrome/46.0.2490.76 Mobile Safari/537.36"
192.168.0.139 - - [26/Nov/2015:17:05:31 +0100] "GET /js/jquery.js HTTP/1.1" 200 81487 "http://caixamagica.eu/opciones.html" "Mozilla/5.0 (Linux; Android 5.0.2; XT1225 Build/LXG22.33-12.16) AppleWebKit/537.36 (KHTML, like Gecko) Chrome/46.0.2490.76 Mobile Safari/537.36"
192.168.0.139 - - [26/Nov/2015:17:05:37 +0100] "GET /decision.php HTTP/1.1" 200 1333 "http://caixamagica.eu/opciones.html" "Mozilla/5.0 (Linux; Android 5.0.2; XT1225 Build/LXG22.33-12.16) AppleWebKit/537.36 (KHTML, like Gecko) Chrome/46.0.2490.76 Mobile Safari/537.36"
192.168.0.139 - - [26/Nov/2015:17:05:37 +0100] "GET /css/app.css HTTP/1.1" 200 1503 "http://caixamagica.eu/decision.php" "Mozilla/5.0 (Linux; Android 5.0.2; XT1225 Build/LXG22.33-12.16) AppleWebKit/537.36 (KHTML, like Gecko) Chrome/46.0.2490.76 Mobile Safari/537.36"
192.168.0.139 - - [26/Nov/2015:17:05:37 +0100] "GET /img/logo_caixa.png HTTP/1.1" 200 13860 "http://caixamagica.eu/decision.php" "Mozilla/5.0 (Linux; Android 5.0.2; XT1225 Build/LXG22.33-12.16) AppleWebKit/537.36 (KHTML, like Gecko) Chrome/46.0.2490.76 Mobile Safari/537.36"
192.168.0.139 - - [26/Nov/2015:17:05:37 +0100] "GET /css/jquery-ui.css HTTP/1.1" 200 8375 "http://caixamagica.eu/decision.php" "Mozilla/5.0 (Linux; Android 5.0.2; XT1225 Build/LXG22.33-12.16) AppleWebKit/537.36 (KHTML, like Gecko) Chrome/46.0.2490.76 Mobile Safari/537.36"
192.168.0.139 - - [26/Nov/2015:17:05:37 +0100] "GET /js/vendor/what-input.min.js HTTP/1.1" 200 1114 "http://caixamagica.eu/decision.php" "Mozilla/5.0 (Linux; Android 5.0.2; XT1225 Build/LXG22.33-12.16) AppleWebKit/537.36 (KHTML, like Gecko) Chrome/46.0.2490.76 Mobile Safari/537.36"
192.168.0.139 - - [26/Nov/2015:17:05:37 +0100] "GET /css/foundation.css HTTP/1.1" 200 13869 "http://caixamagica.eu/decision.php" "Mozilla/5.0 (Linux; Android 5.0.2; XT1225 Build/LXG22.33-12.16) AppleWebKit/537.36 (KHTML, like Gecko) Chrome/46.0.2490.76 Mobile Safari/537.36"
192.168.0.139 - - [26/Nov/2015:17:05:37 +0100] "GET /js/app.js HTTP/1.1" 304 179 "http://caixamagica.eu/decision.php" "Mozilla/5.0 (Linux; Android 5.0.2; XT1225 Build/LXG22.33-12.16) AppleWebKit/537.36 (KHTML, like Gecko) Chrome/46.0.2490.76 Mobile Safari/537.36"
192.168.0.139 - - [26/Nov/2015:17:05:37 +0100] "GET /js/foundation.min.js HTTP/1.1" 200 22300 "http://caixamagica.eu/decision.php" "Mozilla/5.0 (Linux; Android 5.0.2; XT1225 Build/LXG22.33-12.16) AppleWebKit/537.36 (KHTML, like Gecko) Chrome/46.0.2490.76 Mobile Safari/537.36"
192.168.0.139 - - [26/Nov/2015:17:05:37 +0100] "GET /js/vendor/jquery.min.js HTTP/1.1" 200 29910 "http://caixamagica.eu/decision.php" "Mozilla/5.0 (Linux; Android 5.0.2; XT1225 Build/LXG22.33-12.16) AppleWebKit/537.36 (KHTML, like Gecko) Chrome/46.0.2490.76 Mobile Safari/537.36"
192.168.0.139 - - [26/Nov/2015:17:05:37 +0100] "GET /js/jquery.js HTTP/1.1" 200 81488 "http://caixamagica.eu/decision.php" "Mozilla/5.0 (Linux; Android 5.0.2; XT1225 Build/LXG22.33-12.16) AppleWebKit/537.36 (KHTML, like Gecko) Chrome/46.0.2490.76 Mobile Safari/537.36"
192.168.0.139 - - [26/Nov/2015:17:05:37 +0100] "GET /img/ui-icons_ffffff_256x240.png HTTP/1.1" 304 181 "http://caixamagica.eu/decision.php" "Mozilla/5.0 (Linux; Android 5.0.2; XT1225 Build/LXG22.33-12.16) AppleWebKit/537.36 (KHTML, like Gecko) Chrome/46.0.2490.76 Mobile Safari/537.36"
::1 - - [26/Nov/2015:17:05:45 +0100] "OPTIONS * HTTP/1.0" 200 126 "-" "Apache/2.4.10 (Debian) (internal dummy connection)"
192.168.0.139 - - [26/Nov/2015:17:05:51 +0100] "POST /decision.php HTTP/1.1" 302 230 "http://caixamagica.eu/decision.php" "Mozilla/5.0 (Linux; Android 5.0.2; XT1225 Build/LXG22.33-12.16) AppleWebKit/537.36 (KHTML, like Gecko) Chrome/46.0.2490.76 Mobile Safari/537.36"
192.168.0.139 - - [26/Nov/2015:17:05:51 +0100] "GET /solucion.php HTTP/1.1" 200 1348 "http://caixamagica.eu/decision.php" "Mozilla/5.0 (Linux; Android 5.0.2; XT1225 Build/LXG22.33-12.16) AppleWebKit/537.36 (KHTML, like Gecko) Chrome/46.0.2490.76 Mobile Safari/537.36"
192.168.0.139 - - [26/Nov/2015:17:05:51 +0100] "GET /css/foundation.css HTTP/1.1" 200 13869 "http://caixamagica.eu/solucion.php" "Mozilla/5.0 (Linux; Android 5.0.2; XT1225 Build/LXG22.33-12.16) AppleWebKit/537.36 (KHTML, like Gecko) Chrome/46.0.2490.76 Mobile Safari/537.36"
192.168.0.139 - - [26/Nov/2015:17:05:51 +0100] "GET /css/jquery-ui.css HTTP/1.1" 200 8375 "http://caixamagica.eu/solucion.php" "Mozilla/5.0 (Linux; Android 5.0.2; XT1225 Build/LXG22.33-12.16) AppleWebKit/537.36 (KHTML, like Gecko) Chrome/46.0.2490.76 Mobile Safari/537.36"
192.168.0.139 - - [26/Nov/2015:17:05:51 +0100] "GET /js/vendor/what-input.min.js HTTP/1.1" 200 1114 "http://caixamagica.eu/solucion.php" "Mozilla/5.0 (Linux; Android 5.0.2; XT1225 Build/LXG22.33-12.16) AppleWebKit/537.36 (KHTML, like Gecko) Chrome/46.0.2490.76 Mobile Safari/537.36"
192.168.0.139 - - [26/Nov/2015:17:05:51 +0100] "GET /js/app.js HTTP/1.1" 304 180 "http://caixamagica.eu/solucion.php" "Mozilla/5.0 (Linux; Android 5.0.2; XT1225 Build/LXG22.33-12.16) AppleWebKit/537.36 (KHTML, like Gecko) Chrome/46.0.2490.76 Mobile Safari/537.36"
192.168.0.139 - - [26/Nov/2015:17:05:51 +0100] "GET /css/app.css HTTP/1.1" 200 1502 "http://caixamagica.eu/solucion.php" "Mozilla/5.0 (Linux; Android 5.0.2; XT1225 Build/LXG22.33-12.16) AppleWebKit/537.36 (KHTML, like Gecko) Chrome/46.0.2490.76 Mobile Safari/537.36"
192.168.0.139 - - [26/Nov/2015:17:05:51 +0100] "GET /img/logo_caixa.png HTTP/1.1" 200 13860 "http://caixamagica.eu/solucion.php" "Mozilla/5.0 (Linux; Android 5.0.2; XT1225 Build/LXG22.33-12.16) AppleWebKit/537.36 (KHTML, like Gecko) Chrome/46.0.2490.76 Mobile Safari/537.36"
192.168.0.139 - - [26/Nov/2015:17:05:51 +0100] "GET /js/foundation.min.js HTTP/1.1" 200 22301 "http://caixamagica.eu/solucion.php" "Mozilla/5.0 (Linux; Android 5.0.2; XT1225 Build/LXG22.33-12.16) AppleWebKit/537.36 (KHTML, like Gecko) Chrome/46.0.2490.76 Mobile Safari/537.36"
192.168.0.139 - - [26/Nov/2015:17:05:51 +0100] "GET /js/vendor/jquery.min.js HTTP/1.1" 200 29910 "http://caixamagica.eu/solucion.php" "Mozilla/5.0 (Linux; Android 5.0.2; XT1225 Build/LXG22.33-12.16) AppleWebKit/537.36 (KHTML, like Gecko) Chrome/46.0.2490.76 Mobile Safari/537.36"
192.168.0.139 - - [26/Nov/2015:17:05:51 +0100] "GET /img/ui-icons_ffffff_256x240.png HTTP/1.1" 304 181 "http://caixamagica.eu/solucion.php" "Mozilla/5.0 (Linux; Android 5.0.2; XT1225 Build/LXG22.33-12.16) AppleWebKit/537.36 (KHTML, like Gecko) Chrome/46.0.2490.76 Mobile Safari/537.36"
192.168.0.139 - - [26/Nov/2015:17:05:51 +0100] "GET /js/jquery.js HTTP/1.1" 200 81487 "http://caixamagica.eu/solucion.php" "Mozilla/5.0 (Linux; Android 5.0.2; XT1225 Build/LXG22.33-12.16) AppleWebKit/537.36 (KHTML, like Gecko) Chrome/46.0.2490.76 Mobile Safari/537.36"
::1 - - [26/Nov/2015:17:05:59 +0100] "OPTIONS * HTTP/1.0" 200 126 "-" "Apache/2.4.10 (Debian) (internal dummy connection)"
192.168.0.139 - - [26/Nov/2015:17:06:26 +0100] "POST /solucion.php HTTP/1.1" 302 237 "http://caixamagica.eu/solucion.php" "Mozilla/5.0 (Linux; Android 5.0.2; XT1225 Build/LXG22.33-12.16) AppleWebKit/537.36 (KHTML, like Gecko) Chrome/46.0.2490.76 Mobile Safari/537.36"
192.168.0.139 - - [26/Nov/2015:17:06:26 +0100] "GET /agradecimiento.html HTTP/1.1" 200 979 "http://caixamagica.eu/solucion.php" "Mozilla/5.0 (Linux; Android 5.0.2; XT1225 Build/LXG22.33-12.16) AppleWebKit/537.36 (KHTML, like Gecko) Chrome/46.0.2490.76 Mobile Safari/537.36"
192.168.0.139 - - [26/Nov/2015:17:06:26 +0100] "GET /css/app.css HTTP/1.1" 200 1503 "http://caixamagica.eu/agradecimiento.html" "Mozilla/5.0 (Linux; Android 5.0.2; XT1225 Build/LXG22.33-12.16) AppleWebKit/537.36 (KHTML, like Gecko) Chrome/46.0.2490.76 Mobile Safari/537.36"
192.168.0.139 - - [26/Nov/2015:17:06:26 +0100] "GET /js/vendor/what-input.min.js HTTP/1.1" 200 1114 "http://caixamagica.eu/agradecimiento.html" "Mozilla/5.0 (Linux; Android 5.0.2; XT1225 Build/LXG22.33-12.16) AppleWebKit/537.36 (KHTML, like Gecko) Chrome/46.0.2490.76 Mobile Safari/537.36"
192.168.0.139 - - [26/Nov/2015:17:06:26 +0100] "GET /js/app.js HTTP/1.1" 304 179 "http://caixamagica.eu/agradecimiento.html" "Mozilla/5.0 (Linux; Android 5.0.2; XT1225 Build/LXG22.33-12.16) AppleWebKit/537.36 (KHTML, like Gecko) Chrome/46.0.2490.76 Mobile Safari/537.36"
192.168.0.139 - - [26/Nov/2015:17:06:26 +0100] "GET /css/jquery-ui.css HTTP/1.1" 200 8375 "http://caixamagica.eu/agradecimiento.html" "Mozilla/5.0 (Linux; Android 5.0.2; XT1225 Build/LXG22.33-12.16) AppleWebKit/537.36 (KHTML, like Gecko) Chrome/46.0.2490.76 Mobile Safari/537.36"
192.168.0.139 - - [26/Nov/2015:17:06:26 +0100] "GET /css/foundation.css HTTP/1.1" 200 13869 "http://caixamagica.eu/agradecimiento.html" "Mozilla/5.0 (Linux; Android 5.0.2; XT1225 Build/LXG22.33-12.16) AppleWebKit/537.36 (KHTML, like Gecko) Chrome/46.0.2490.76 Mobile Safari/537.36"
192.168.0.139 - - [26/Nov/2015:17:06:26 +0100] "GET /js/foundation.min.js HTTP/1.1" 200 22301 "http://caixamagica.eu/agradecimiento.html" "Mozilla/5.0 (Linux; Android 5.0.2; XT1225 Build/LXG22.33-12.16) AppleWebKit/537.36 (KHTML, like Gecko) Chrome/46.0.2490.76 Mobile Safari/537.36"
192.168.0.139 - - [26/Nov/2015:17:06:26 +0100] "GET /js/vendor/jquery.min.js HTTP/1.1" 200 29910 "http://caixamagica.eu/agradecimiento.html" "Mozilla/5.0 (Linux; Android 5.0.2; XT1225 Build/LXG22.33-12.16) AppleWebKit/537.36 (KHTML, like Gecko) Chrome/46.0.2490.76 Mobile Safari/537.36"
192.168.0.139 - - [26/Nov/2015:17:06:26 +0100] "GET /img/ui-icons_ffffff_256x240.png HTTP/1.1" 304 181 "http://caixamagica.eu/agradecimiento.html" "Mozilla/5.0 (Linux; Android 5.0.2; XT1225 Build/LXG22.33-12.16) AppleWebKit/537.36 (KHTML, like Gecko) Chrome/46.0.2490.76 Mobile Safari/537.36"
192.168.0.139 - - [26/Nov/2015:17:06:26 +0100] "GET /js/jquery.js HTTP/1.1" 200 81487 "http://caixamagica.eu/agradecimiento.html" "Mozilla/5.0 (Linux; Android 5.0.2; XT1225 Build/LXG22.33-12.16) AppleWebKit/537.36 (KHTML, like Gecko) Chrome/46.0.2490.76 Mobile Safari/537.36"
::1 - - [26/Nov/2015:17:06:34 +0100] "OPTIONS * HTTP/1.0" 200 126 "-" "Apache/2.4.10 (Debian) (internal dummy connection)"
192.168.0.139 - - [26/Nov/2015:17:08:08 +0100] "GET /solucion.php HTTP/1.1" 200 1342 "http://caixamagica.eu/decision.php" "Mozilla/5.0 (Linux; Android 5.0.2; XT1225 Build/LXG22.33-12.16) AppleWebKit/537.36 (KHTML, like Gecko) Chrome/46.0.2490.76 Mobile Safari/537.36"
192.168.0.139 - - [26/Nov/2015:17:08:11 +0100] "GET /decision.php HTTP/1.1" 200 1317 "http://caixamagica.eu/opciones.html" "Mozilla/5.0 (Linux; Android 5.0.2; XT1225 Build/LXG22.33-12.16) AppleWebKit/537.36 (KHTML, like Gecko) Chrome/46.0.2490.76 Mobile Safari/537.36"
192.168.0.139 - - [26/Nov/2015:17:08:28 +0100] "GET /decision.php HTTP/1.1" 200 1325 "http://caixamagica.eu/problema.php" "Mozilla/5.0 (Linux; Android 5.0.2; XT1225 Build/LXG22.33-12.16) AppleWebKit/537.36 (KHTML, like Gecko) Chrome/46.0.2490.76 Mobile Safari/537.36"
192.168.0.139 - - [26/Nov/2015:17:08:28 +0100] "GET /problema.php HTTP/1.1" 200 1227 "http://caixamagica.eu/opciones.html" "Mozilla/5.0 (Linux; Android 5.0.2; XT1225 Build/LXG22.33-12.16) AppleWebKit/537.36 (KHTML, like Gecko) Chrome/46.0.2490.76 Mobile Safari/537.36"
192.168.0.126 - - [26/Nov/2015:17:09:58 +0100] "GET /opciones.html HTTP/1.1" 200 1122 "http://caixamagica.eu/index.php" "Mozilla/5.0 (Linux; Android 5.0.1; GT-I9295 Build/LRX22C) AppleWebKit/537.36 (KHTML, like Gecko) Chrome/45.0.2454.94 Mobile Safari/537.36"
192.168.0.126 - - [26/Nov/2015:17:09:58 +0100] "GET /css/jquery-ui.css HTTP/1.1" 200 8375 "http://caixamagica.eu/opciones.html" "Mozilla/5.0 (Linux; Android 5.0.1; GT-I9295 Build/LRX22C) AppleWebKit/537.36 (KHTML, like Gecko) Chrome/45.0.2454.94 Mobile Safari/537.36"
192.168.0.126 - - [26/Nov/2015:17:09:58 +0100] "GET /img/logo_caixa.png HTTP/1.1" 200 13861 "http://caixamagica.eu/opciones.html" "Mozilla/5.0 (Linux; Android 5.0.1; GT-I9295 Build/LRX22C) AppleWebKit/537.36 (KHTML, like Gecko) Chrome/45.0.2454.94 Mobile Safari/537.36"
192.168.0.126 - - [26/Nov/2015:17:09:58 +0100] "GET /css/foundation.css HTTP/1.1" 200 13869 "http://caixamagica.eu/opciones.html" "Mozilla/5.0 (Linux; Android 5.0.1; GT-I9295 Build/LRX22C) AppleWebKit/537.36 (KHTML, like Gecko) Chrome/45.0.2454.94 Mobile Safari/537.36"
192.168.0.126 - - [26/Nov/2015:17:09:58 +0100] "GET /css/app.css HTTP/1.1" 200 1503 "http://caixamagica.eu/opciones.html" "Mozilla/5.0 (Linux; Android 5.0.1; GT-I9295 Build/LRX22C) AppleWebKit/537.36 (KHTML, like Gecko) Chrome/45.0.2454.94 Mobile Safari/537.36"
192.168.0.126 - - [26/Nov/2015:17:09:58 +0100] "GET /js/app.js HTTP/1.1" 304 179 "http://caixamagica.eu/opciones.html" "Mozilla/5.0 (Linux; Android 5.0.1; GT-I9295 Build/LRX22C) AppleWebKit/537.36 (KHTML, like Gecko) Chrome/45.0.2454.94 Mobile Safari/537.36"
192.168.0.126 - - [26/Nov/2015:17:09:58 +0100] "GET /js/vendor/what-input.min.js HTTP/1.1" 200 1113 "http://caixamagica.eu/opciones.html" "Mozilla/5.0 (Linux; Android 5.0.1; GT-I9295 Build/LRX22C) AppleWebKit/537.36 (KHTML, like Gecko) Chrome/45.0.2454.94 Mobile Safari/537.36"
192.168.0.126 - - [26/Nov/2015:17:09:58 +0100] "GET /js/vendor/jquery.min.js HTTP/1.1" 200 29909 "http://caixamagica.eu/opciones.html" "Mozilla/5.0 (Linux; Android 5.0.1; GT-I9295 Build/LRX22C) AppleWebKit/537.36 (KHTML, like Gecko) Chrome/45.0.2454.94 Mobile Safari/537.36"
192.168.0.126 - - [26/Nov/2015:17:09:58 +0100] "GET /js/foundation.min.js HTTP/1.1" 200 22300 "http://caixamagica.eu/opciones.html" "Mozilla/5.0 (Linux; Android 5.0.1; GT-I9295 Build/LRX22C) AppleWebKit/537.36 (KHTML, like Gecko) Chrome/45.0.2454.94 Mobile Safari/537.36"
192.168.0.126 - - [26/Nov/2015:17:09:58 +0100] "GET /js/jquery.js HTTP/1.1" 200 81487 "http://caixamagica.eu/opciones.html" "Mozilla/5.0 (Linux; Android 5.0.1; GT-I9295 Build/LRX22C) AppleWebKit/537.36 (KHTML, like Gecko) Chrome/45.0.2454.94 Mobile Safari/537.36"
192.168.0.126 - - [26/Nov/2015:17:09:59 +0100] "GET /img/ui-icons_ffffff_256x240.png HTTP/1.1" 304 181 "http://caixamagica.eu/opciones.html" "Mozilla/5.0 (Linux; Android 5.0.1; GT-I9295 Build/LRX22C) AppleWebKit/537.36 (KHTML, like Gecko) Chrome/45.0.2454.94 Mobile Safari/537.36"
192.168.0.126 - - [26/Nov/2015:17:10:01 +0100] "GET /solucion.php HTTP/1.1" 200 1332 "http://caixamagica.eu/opciones.html" "Mozilla/5.0 (Linux; Android 5.0.1; GT-I9295 Build/LRX22C) AppleWebKit/537.36 (KHTML, like Gecko) Chrome/45.0.2454.94 Mobile Safari/537.36"
192.168.0.126 - - [26/Nov/2015:17:10:02 +0100] "GET /img/logo_caixa.png HTTP/1.1" 200 13860 "http://caixamagica.eu/solucion.php" "Mozilla/5.0 (Linux; Android 5.0.1; GT-I9295 Build/LRX22C) AppleWebKit/537.36 (KHTML, like Gecko) Chrome/45.0.2454.94 Mobile Safari/537.36"
192.168.0.126 - - [26/Nov/2015:17:10:02 +0100] "GET /js/vendor/what-input.min.js HTTP/1.1" 200 1114 "http://caixamagica.eu/solucion.php" "Mozilla/5.0 (Linux; Android 5.0.1; GT-I9295 Build/LRX22C) AppleWebKit/537.36 (KHTML, like Gecko) Chrome/45.0.2454.94 Mobile Safari/537.36"
192.168.0.126 - - [26/Nov/2015:17:10:02 +0100] "GET /css/app.css HTTP/1.1" 200 1502 "http://caixamagica.eu/solucion.php" "Mozilla/5.0 (Linux; Android 5.0.1; GT-I9295 Build/LRX22C) AppleWebKit/537.36 (KHTML, like Gecko) Chrome/45.0.2454.94 Mobile Safari/537.36"
192.168.0.126 - - [26/Nov/2015:17:10:02 +0100] "GET /js/app.js HTTP/1.1" 304 179 "http://caixamagica.eu/solucion.php" "Mozilla/5.0 (Linux; Android 5.0.1; GT-I9295 Build/LRX22C) AppleWebKit/537.36 (KHTML, like Gecko) Chrome/45.0.2454.94 Mobile Safari/537.36"
192.168.0.126 - - [26/Nov/2015:17:10:02 +0100] "GET /css/jquery-ui.css HTTP/1.1" 200 8374 "http://caixamagica.eu/solucion.php" "Mozilla/5.0 (Linux; Android 5.0.1; GT-I9295 Build/LRX22C) AppleWebKit/537.36 (KHTML, like Gecko) Chrome/45.0.2454.94 Mobile Safari/537.36"
192.168.0.126 - - [26/Nov/2015:17:10:02 +0100] "GET /css/foundation.css HTTP/1.1" 200 13869 "http://caixamagica.eu/solucion.php" "Mozilla/5.0 (Linux; Android 5.0.1; GT-I9295 Build/LRX22C) AppleWebKit/537.36 (KHTML, like Gecko) Chrome/45.0.2454.94 Mobile Safari/537.36"
192.168.0.126 - - [26/Nov/2015:17:10:02 +0100] "GET /js/foundation.min.js HTTP/1.1" 200 22300 "http://caixamagica.eu/solucion.php" "Mozilla/5.0 (Linux; Android 5.0.1; GT-I9295 Build/LRX22C) AppleWebKit/537.36 (KHTML, like Gecko) Chrome/45.0.2454.94 Mobile Safari/537.36"
192.168.0.126 - - [26/Nov/2015:17:10:02 +0100] "GET /js/vendor/jquery.min.js HTTP/1.1" 200 29910 "http://caixamagica.eu/solucion.php" "Mozilla/5.0 (Linux; Android 5.0.1; GT-I9295 Build/LRX22C) AppleWebKit/537.36 (KHTML, like Gecko) Chrome/45.0.2454.94 Mobile Safari/537.36"
192.168.0.126 - - [26/Nov/2015:17:10:02 +0100] "GET /js/jquery.js HTTP/1.1" 200 81487 "http://caixamagica.eu/solucion.php" "Mozilla/5.0 (Linux; Android 5.0.1; GT-I9295 Build/LRX22C) AppleWebKit/537.36 (KHTML, like Gecko) Chrome/45.0.2454.94 Mobile Safari/537.36"
192.168.0.126 - - [26/Nov/2015:17:10:02 +0100] "GET /img/ui-icons_ffffff_256x240.png HTTP/1.1" 304 181 "http://caixamagica.eu/solucion.php" "Mozilla/5.0 (Linux; Android 5.0.1; GT-I9295 Build/LRX22C) AppleWebKit/537.36 (KHTML, like Gecko) Chrome/45.0.2454.94 Mobile Safari/537.36"
::1 - - [26/Nov/2015:17:10:09 +0100] "OPTIONS * HTTP/1.0" 200 126 "-" "Apache/2.4.10 (Debian) (internal dummy connection)"
192.168.0.126 - - [26/Nov/2015:17:10:23 +0100] "POST /solucion.php HTTP/1.1" 302 237 "http://caixamagica.eu/solucion.php" "Mozilla/5.0 (Linux; Android 5.0.1; GT-I9295 Build/LRX22C) AppleWebKit/537.36 (KHTML, like Gecko) Chrome/45.0.2454.94 Mobile Safari/537.36"
192.168.0.126 - - [26/Nov/2015:17:10:23 +0100] "GET /agradecimiento.html HTTP/1.1" 200 979 "http://caixamagica.eu/solucion.php" "Mozilla/5.0 (Linux; Android 5.0.1; GT-I9295 Build/LRX22C) AppleWebKit/537.36 (KHTML, like Gecko) Chrome/45.0.2454.94 Mobile Safari/537.36"
192.168.0.126 - - [26/Nov/2015:17:10:23 +0100] "GET /css/app.css HTTP/1.1" 200 1503 "http://caixamagica.eu/agradecimiento.html" "Mozilla/5.0 (Linux; Android 5.0.1; GT-I9295 Build/LRX22C) AppleWebKit/537.36 (KHTML, like Gecko) Chrome/45.0.2454.94 Mobile Safari/537.36"
192.168.0.126 - - [26/Nov/2015:17:10:23 +0100] "GET /css/jquery-ui.css HTTP/1.1" 200 8375 "http://caixamagica.eu/agradecimiento.html" "Mozilla/5.0 (Linux; Android 5.0.1; GT-I9295 Build/LRX22C) AppleWebKit/537.36 (KHTML, like Gecko) Chrome/45.0.2454.94 Mobile Safari/537.36"
192.168.0.126 - - [26/Nov/2015:17:10:23 +0100] "GET /js/app.js HTTP/1.1" 304 179 "http://caixamagica.eu/agradecimiento.html" "Mozilla/5.0 (Linux; Android 5.0.1; GT-I9295 Build/LRX22C) AppleWebKit/537.36 (KHTML, like Gecko) Chrome/45.0.2454.94 Mobile Safari/537.36"
192.168.0.126 - - [26/Nov/2015:17:10:23 +0100] "GET /js/vendor/what-input.min.js HTTP/1.1" 200 1113 "http://caixamagica.eu/agradecimiento.html" "Mozilla/5.0 (Linux; Android 5.0.1; GT-I9295 Build/LRX22C) AppleWebKit/537.36 (KHTML, like Gecko) Chrome/45.0.2454.94 Mobile Safari/537.36"
192.168.0.126 - - [26/Nov/2015:17:10:23 +0100] "GET /css/foundation.css HTTP/1.1" 200 13869 "http://caixamagica.eu/agradecimiento.html" "Mozilla/5.0 (Linux; Android 5.0.1; GT-I9295 Build/LRX22C) AppleWebKit/537.36 (KHTML, like Gecko) Chrome/45.0.2454.94 Mobile Safari/537.36"
192.168.0.126 - - [26/Nov/2015:17:10:23 +0100] "GET /js/vendor/jquery.min.js HTTP/1.1" 200 29910 "http://caixamagica.eu/agradecimiento.html" "Mozilla/5.0 (Linux; Android 5.0.1; GT-I9295 Build/LRX22C) AppleWebKit/537.36 (KHTML, like Gecko) Chrome/45.0.2454.94 Mobile Safari/537.36"
192.168.0.126 - - [26/Nov/2015:17:10:23 +0100] "GET /js/foundation.min.js HTTP/1.1" 200 22301 "http://caixamagica.eu/agradecimiento.html" "Mozilla/5.0 (Linux; Android 5.0.1; GT-I9295 Build/LRX22C) AppleWebKit/537.36 (KHTML, like Gecko) Chrome/45.0.2454.94 Mobile Safari/537.36"
192.168.0.126 - - [26/Nov/2015:17:10:23 +0100] "GET /js/jquery.js HTTP/1.1" 200 81487 "http://caixamagica.eu/agradecimiento.html" "Mozilla/5.0 (Linux; Android 5.0.1; GT-I9295 Build/LRX22C) AppleWebKit/537.36 (KHTML, like Gecko) Chrome/45.0.2454.94 Mobile Safari/537.36"
192.168.0.126 - - [26/Nov/2015:17:10:24 +0100] "GET /img/ui-icons_ffffff_256x240.png HTTP/1.1" 304 181 "http://caixamagica.eu/agradecimiento.html" "Mozilla/5.0 (Linux; Android 5.0.1; GT-I9295 Build/LRX22C) AppleWebKit/537.36 (KHTML, like Gecko) Chrome/45.0.2454.94 Mobile Safari/537.36"
192.168.0.126 - - [26/Nov/2015:17:10:25 +0100] "GET /index.php HTTP/1.1" 200 818 "http://caixamagica.eu/agradecimiento.html" "Mozilla/5.0 (Linux; Android 5.0.1; GT-I9295 Build/LRX22C) AppleWebKit/537.36 (KHTML, like Gecko) Chrome/45.0.2454.94 Mobile Safari/537.36"
192.168.0.126 - - [26/Nov/2015:17:10:25 +0100] "GET /js/vendor/what-input.min.js HTTP/1.1" 200 1113 "http://caixamagica.eu/index.php" "Mozilla/5.0 (Linux; Android 5.0.1; GT-I9295 Build/LRX22C) AppleWebKit/537.36 (KHTML, like Gecko) Chrome/45.0.2454.94 Mobile Safari/537.36"
192.168.0.126 - - [26/Nov/2015:17:10:25 +0100] "GET /img/logo_caixa.png HTTP/1.1" 200 13860 "http://caixamagica.eu/index.php" "Mozilla/5.0 (Linux; Android 5.0.1; GT-I9295 Build/LRX22C) AppleWebKit/537.36 (KHTML, like Gecko) Chrome/45.0.2454.94 Mobile Safari/537.36"
192.168.0.126 - - [26/Nov/2015:17:10:25 +0100] "GET /css/app.css HTTP/1.1" 200 1502 "http://caixamagica.eu/index.php" "Mozilla/5.0 (Linux; Android 5.0.1; GT-I9295 Build/LRX22C) AppleWebKit/537.36 (KHTML, like Gecko) Chrome/45.0.2454.94 Mobile Safari/537.36"
192.168.0.126 - - [26/Nov/2015:17:10:25 +0100] "GET /js/app.js HTTP/1.1" 304 179 "http://caixamagica.eu/index.php" "Mozilla/5.0 (Linux; Android 5.0.1; GT-I9295 Build/LRX22C) AppleWebKit/537.36 (KHTML, like Gecko) Chrome/45.0.2454.94 Mobile Safari/537.36"
192.168.0.126 - - [26/Nov/2015:17:10:25 +0100] "GET /css/foundation.css HTTP/1.1" 200 13869 "http://caixamagica.eu/index.php" "Mozilla/5.0 (Linux; Android 5.0.1; GT-I9295 Build/LRX22C) AppleWebKit/537.36 (KHTML, like Gecko) Chrome/45.0.2454.94 Mobile Safari/537.36"
192.168.0.126 - - [26/Nov/2015:17:10:25 +0100] "GET /js/foundation.min.js HTTP/1.1" 200 22301 "http://caixamagica.eu/index.php" "Mozilla/5.0 (Linux; Android 5.0.1; GT-I9295 Build/LRX22C) AppleWebKit/537.36 (KHTML, like Gecko) Chrome/45.0.2454.94 Mobile Safari/537.36"
192.168.0.126 - - [26/Nov/2015:17:10:25 +0100] "GET /js/vendor/jquery.min.js HTTP/1.1" 200 29909 "http://caixamagica.eu/index.php" "Mozilla/5.0 (Linux; Android 5.0.1; GT-I9295 Build/LRX22C) AppleWebKit/537.36 (KHTML, like Gecko) Chrome/45.0.2454.94 Mobile Safari/537.36"
192.168.0.126 - - [26/Nov/2015:17:10:26 +0100] "GET /opciones.html HTTP/1.1" 200 1121 "http://caixamagica.eu/index.php" "Mozilla/5.0 (Linux; Android 5.0.1; GT-I9295 Build/LRX22C) AppleWebKit/537.36 (KHTML, like Gecko) Chrome/45.0.2454.94 Mobile Safari/537.36"
192.168.0.126 - - [26/Nov/2015:17:10:26 +0100] "GET /css/app.css HTTP/1.1" 200 1502 "http://caixamagica.eu/opciones.html" "Mozilla/5.0 (Linux; Android 5.0.1; GT-I9295 Build/LRX22C) AppleWebKit/537.36 (KHTML, like Gecko) Chrome/45.0.2454.94 Mobile Safari/537.36"
192.168.0.126 - - [26/Nov/2015:17:10:26 +0100] "GET /img/logo_caixa.png HTTP/1.1" 200 13860 "http://caixamagica.eu/opciones.html" "Mozilla/5.0 (Linux; Android 5.0.1; GT-I9295 Build/LRX22C) AppleWebKit/537.36 (KHTML, like Gecko) Chrome/45.0.2454.94 Mobile Safari/537.36"
192.168.0.126 - - [26/Nov/2015:17:10:26 +0100] "GET /js/app.js HTTP/1.1" 304 179 "http://caixamagica.eu/opciones.html" "Mozilla/5.0 (Linux; Android 5.0.1; GT-I9295 Build/LRX22C) AppleWebKit/537.36 (KHTML, like Gecko) Chrome/45.0.2454.94 Mobile Safari/537.36"
192.168.0.126 - - [26/Nov/2015:17:10:26 +0100] "GET /js/vendor/what-input.min.js HTTP/1.1" 200 1113 "http://caixamagica.eu/opciones.html" "Mozilla/5.0 (Linux; Android 5.0.1; GT-I9295 Build/LRX22C) AppleWebKit/537.36 (KHTML, like Gecko) Chrome/45.0.2454.94 Mobile Safari/537.36"
192.168.0.126 - - [26/Nov/2015:17:10:26 +0100] "GET /css/jquery-ui.css HTTP/1.1" 200 8374 "http://caixamagica.eu/opciones.html" "Mozilla/5.0 (Linux; Android 5.0.1; GT-I9295 Build/LRX22C) AppleWebKit/537.36 (KHTML, like Gecko) Chrome/45.0.2454.94 Mobile Safari/537.36"
192.168.0.126 - - [26/Nov/2015:17:10:26 +0100] "GET /css/foundation.css HTTP/1.1" 200 13869 "http://caixamagica.eu/opciones.html" "Mozilla/5.0 (Linux; Android 5.0.1; GT-I9295 Build/LRX22C) AppleWebKit/537.36 (KHTML, like Gecko) Chrome/45.0.2454.94 Mobile Safari/537.36"
192.168.0.126 - - [26/Nov/2015:17:10:26 +0100] "GET /js/foundation.min.js HTTP/1.1" 200 22300 "http://caixamagica.eu/opciones.html" "Mozilla/5.0 (Linux; Android 5.0.1; GT-I9295 Build/LRX22C) AppleWebKit/537.36 (KHTML, like Gecko) Chrome/45.0.2454.94 Mobile Safari/537.36"
192.168.0.126 - - [26/Nov/2015:17:10:26 +0100] "GET /js/vendor/jquery.min.js HTTP/1.1" 200 29909 "http://caixamagica.eu/opciones.html" "Mozilla/5.0 (Linux; Android 5.0.1; GT-I9295 Build/LRX22C) AppleWebKit/537.36 (KHTML, like Gecko) Chrome/45.0.2454.94 Mobile Safari/537.36"
192.168.0.126 - - [26/Nov/2015:17:10:26 +0100] "GET /img/ui-icons_ffffff_256x240.png HTTP/1.1" 304 181 "http://caixamagica.eu/opciones.html" "Mozilla/5.0 (Linux; Android 5.0.1; GT-I9295 Build/LRX22C) AppleWebKit/537.36 (KHTML, like Gecko) Chrome/45.0.2454.94 Mobile Safari/537.36"
192.168.0.126 - - [26/Nov/2015:17:10:26 +0100] "GET /js/jquery.js HTTP/1.1" 200 81487 "http://caixamagica.eu/opciones.html" "Mozilla/5.0 (Linux; Android 5.0.1; GT-I9295 Build/LRX22C) AppleWebKit/537.36 (KHTML, like Gecko) Chrome/45.0.2454.94 Mobile Safari/537.36"
192.168.0.126 - - [26/Nov/2015:17:10:28 +0100] "GET /decision.php HTTP/1.1" 200 1318 "http://caixamagica.eu/opciones.html" "Mozilla/5.0 (Linux; Android 5.0.1; GT-I9295 Build/LRX22C) AppleWebKit/537.36 (KHTML, like Gecko) Chrome/45.0.2454.94 Mobile Safari/537.36"
192.168.0.126 - - [26/Nov/2015:17:10:28 +0100] "GET /css/app.css HTTP/1.1" 200 1502 "http://caixamagica.eu/decision.php" "Mozilla/5.0 (Linux; Android 5.0.1; GT-I9295 Build/LRX22C) AppleWebKit/537.36 (KHTML, like Gecko) Chrome/45.0.2454.94 Mobile Safari/537.36"
192.168.0.126 - - [26/Nov/2015:17:10:28 +0100] "GET /img/logo_caixa.png HTTP/1.1" 200 13860 "http://caixamagica.eu/decision.php" "Mozilla/5.0 (Linux; Android 5.0.1; GT-I9295 Build/LRX22C) AppleWebKit/537.36 (KHTML, like Gecko) Chrome/45.0.2454.94 Mobile Safari/537.36"
192.168.0.126 - - [26/Nov/2015:17:10:28 +0100] "GET /js/vendor/what-input.min.js HTTP/1.1" 200 1113 "http://caixamagica.eu/decision.php" "Mozilla/5.0 (Linux; Android 5.0.1; GT-I9295 Build/LRX22C) AppleWebKit/537.36 (KHTML, like Gecko) Chrome/45.0.2454.94 Mobile Safari/537.36"
192.168.0.126 - - [26/Nov/2015:17:10:28 +0100] "GET /js/app.js HTTP/1.1" 304 179 "http://caixamagica.eu/decision.php" "Mozilla/5.0 (Linux; Android 5.0.1; GT-I9295 Build/LRX22C) AppleWebKit/537.36 (KHTML, like Gecko) Chrome/45.0.2454.94 Mobile Safari/537.36"
