192.168.1.127 - - [25/Nov/2015:15:46:25 +0100] "GET / HTTP/1.1" 200 416 "-" "Mozilla/5.0 (Macintosh; Intel Mac OS X 10.11; rv:42.0) Gecko/20100101 Firefox/42.0"
192.168.1.127 - - [25/Nov/2015:15:46:25 +0100] "GET /favicon.ico HTTP/1.1" 404 505 "-" "Mozilla/5.0 (Macintosh; Intel Mac OS X 10.11; rv:42.0) Gecko/20100101 Firefox/42.0"
192.168.1.127 - - [25/Nov/2015:15:46:37 +0100] "GET / HTTP/1.1" 302 560 "-" "Mozilla/5.0 (Macintosh; Intel Mac OS X 10.11; rv:42.0) Gecko/20100101 Firefox/42.0"
192.168.1.127 - - [25/Nov/2015:15:46:37 +0100] "GET /192.168.1.124/ HTTP/1.1" 404 509 "-" "Mozilla/5.0 (Macintosh; Intel Mac OS X 10.11; rv:42.0) Gecko/20100101 Firefox/42.0"
192.168.1.127 - - [25/Nov/2015:15:46:37 +0100] "GET /favicon.ico HTTP/1.1" 404 505 "-" "Mozilla/5.0 (Macintosh; Intel Mac OS X 10.11; rv:42.0) Gecko/20100101 Firefox/42.0"
192.168.1.127 - - [25/Nov/2015:15:47:31 +0100] "GET /192.168.1.124/ HTTP/1.1" 404 509 "-" "Mozilla/5.0 (Macintosh; Intel Mac OS X 10.11; rv:42.0) Gecko/20100101 Firefox/42.0"
192.168.1.127 - - [25/Nov/2015:15:47:31 +0100] "GET /favicon.ico HTTP/1.1" 404 505 "-" "Mozilla/5.0 (Macintosh; Intel Mac OS X 10.11; rv:42.0) Gecko/20100101 Firefox/42.0"
192.168.1.127 - - [25/Nov/2015:15:49:47 +0100] "GET / HTTP/1.1" 301 596 "-" "Mozilla/5.0 (Macintosh; Intel Mac OS X 10.11; rv:42.0) Gecko/20100101 Firefox/42.0"
192.168.1.127 - - [25/Nov/2015:15:49:48 +0100] "GET /192.168.1.124/ HTTP/1.1" 404 509 "-" "Mozilla/5.0 (Macintosh; Intel Mac OS X 10.11; rv:42.0) Gecko/20100101 Firefox/42.0"
192.168.1.127 - - [25/Nov/2015:15:49:48 +0100] "GET /favicon.ico HTTP/1.1" 404 505 "-" "Mozilla/5.0 (Macintosh; Intel Mac OS X 10.11; rv:42.0) Gecko/20100101 Firefox/42.0"
192.168.1.127 - - [25/Nov/2015:15:50:56 +0100] "GET /192.168.1.124/ HTTP/1.1" 404 509 "-" "Mozilla/5.0 (Macintosh; Intel Mac OS X 10.11; rv:42.0) Gecko/20100101 Firefox/42.0"
192.168.1.127 - - [25/Nov/2015:15:50:56 +0100] "GET /favicon.ico HTTP/1.1" 404 505 "-" "Mozilla/5.0 (Macintosh; Intel Mac OS X 10.11; rv:42.0) Gecko/20100101 Firefox/42.0"
192.168.1.127 - - [25/Nov/2015:15:51:00 +0100] "GET /192.168.1.124/ HTTP/1.1" 404 508 "-" "Mozilla/5.0 (Macintosh; Intel Mac OS X 10.11; rv:42.0) Gecko/20100101 Firefox/42.0"
192.168.1.127 - - [25/Nov/2015:15:51:00 +0100] "GET /favicon.ico HTTP/1.1" 404 505 "-" "Mozilla/5.0 (Macintosh; Intel Mac OS X 10.11; rv:42.0) Gecko/20100101 Firefox/42.0"
192.168.1.127 - - [25/Nov/2015:15:51:23 +0100] "GET / HTTP/1.1" 301 568 "-" "Mozilla/5.0 (Macintosh; Intel Mac OS X 10.11; rv:42.0) Gecko/20100101 Firefox/42.0"
192.168.1.127 - - [25/Nov/2015:15:51:23 +0100] "GET / HTTP/1.1" 200 416 "-" "Mozilla/5.0 (Macintosh; Intel Mac OS X 10.11; rv:42.0) Gecko/20100101 Firefox/42.0"
192.168.1.127 - - [25/Nov/2015:15:51:23 +0100] "GET /favicon.ico HTTP/1.1" 404 505 "-" "Mozilla/5.0 (Macintosh; Intel Mac OS X 10.11; rv:42.0) Gecko/20100101 Firefox/42.0"
192.168.1.127 - - [25/Nov/2015:15:52:12 +0100] "GET / HTTP/1.1" 301 568 "-" "Mozilla/5.0 (Macintosh; Intel Mac OS X 10_11_1) AppleWebKit/537.36 (KHTML, like Gecko) Chrome/46.0.2490.86 Safari/537.36"
192.168.1.127 - - [25/Nov/2015:15:52:12 +0100] "GET / HTTP/1.1" 200 416 "-" "Mozilla/5.0 (Macintosh; Intel Mac OS X 10_11_1) AppleWebKit/537.36 (KHTML, like Gecko) Chrome/46.0.2490.86 Safari/537.36"
192.168.1.127 - - [25/Nov/2015:15:52:12 +0100] "GET /favicon.ico HTTP/1.1" 404 505 "http://caixamagica.eu/" "Mozilla/5.0 (Macintosh; Intel Mac OS X 10_11_1) AppleWebKit/537.36 (KHTML, like Gecko) Chrome/46.0.2490.86 Safari/537.36"
192.168.1.127 - - [25/Nov/2015:15:52:46 +0100] "POST / HTTP/1.1" 301 572 "-" "Mozilla/5.0 (Macintosh; Intel Mac OS X 10.11; rv:42.0) Gecko/20100101 Firefox/42.0"
192.168.1.127 - - [25/Nov/2015:15:52:47 +0100] "GET / HTTP/1.1" 200 416 "-" "Mozilla/5.0 (Macintosh; Intel Mac OS X 10.11; rv:42.0) Gecko/20100101 Firefox/42.0"
192.168.1.136 - - [25/Nov/2015:15:52:52 +0100] "GET / HTTP/1.1" 301 572 "-" "Mozilla/5.0 (X11; Ubuntu; Linux x86_64; rv:41.0) Gecko/20100101 Firefox/41.0"
192.168.1.136 - - [25/Nov/2015:15:52:52 +0100] "GET / HTTP/1.1" 200 416 "-" "Mozilla/5.0 (X11; Ubuntu; Linux x86_64; rv:41.0) Gecko/20100101 Firefox/41.0"
192.168.1.136 - - [25/Nov/2015:15:52:52 +0100] "GET /favicon.ico HTTP/1.1" 404 505 "-" "Mozilla/5.0 (X11; Ubuntu; Linux x86_64; rv:41.0) Gecko/20100101 Firefox/41.0"
192.168.1.136 - - [25/Nov/2015:15:52:52 +0100] "GET /favicon.ico HTTP/1.1" 404 505 "-" "Mozilla/5.0 (X11; Ubuntu; Linux x86_64; rv:41.0) Gecko/20100101 Firefox/41.0"
192.168.1.138 - - [25/Nov/2015:15:53:39 +0100] "GET /generate_204 HTTP/1.1" 301 537 "-" "Dalvik/1.6.0 (Linux; U; Android 4.3; GT-I9295 Build/JSS15J)"
192.168.1.138 - - [25/Nov/2015:15:53:40 +0100] "GET /generate_204 HTTP/1.1" 301 574 "-" "Dalvik/2.1.0 (Linux; U; Android 5.0.1; GT-I9295 Build/LRX22C)"
192.168.1.125 - - [25/Nov/2015:15:53:40 +0100] "GET /generate_204 HTTP/1.1" 301 574 "-" "Dalvik/2.1.0 (Linux; U; Android 6.0; Nexus 5 Build/MRA58N)"
192.168.1.138 - - [25/Nov/2015:15:53:40 +0100] "GET /generate_204 HTTP/1.1" 301 573 "-" "Dalvik/2.1.0 (Linux; U; Android 5.0.1; GT-I9295 Build/LRX22C)"
192.168.1.125 - - [25/Nov/2015:15:53:41 +0100] "GET /generate_204 HTTP/1.1" 301 584 "-" "Dalvik/2.1.0 (Linux; U; Android 6.0; Nexus 5 Build/MRA58N)"
192.168.1.138 - - [25/Nov/2015:15:53:41 +0100] "GET /generate_204 HTTP/1.1" 301 574 "-" "Dalvik/2.1.0 (Linux; U; Android 5.0.1; GT-I9295 Build/LRX22C)"
192.168.1.138 - - [25/Nov/2015:15:53:41 +0100] "GET /generate_204 HTTP/1.1" 301 573 "-" "Dalvik/2.1.0 (Linux; U; Android 5.0.1; GT-I9295 Build/LRX22C)"
192.168.1.138 - - [25/Nov/2015:15:53:44 +0100] "GET /generate_204 HTTP/1.1" 301 537 "-" "Dalvik/1.6.0 (Linux; U; Android 4.3; GT-I9295 Build/JSS15J)"
192.168.1.138 - - [25/Nov/2015:15:53:51 +0100] "GET /generate_204 HTTP/1.1" 301 574 "-" "Dalvik/2.1.0 (Linux; U; Android 5.0.1; GT-I9295 Build/LRX22C)"
192.168.1.138 - - [25/Nov/2015:15:53:52 +0100] "GET / HTTP/1.1" 200 416 "-" "Dalvik/2.1.0 (Linux; U; Android 5.0.1; GT-I9295 Build/LRX22C)"
192.168.1.125 - - [25/Nov/2015:15:54:00 +0100] "GET /generate_204 HTTP/1.1" 301 584 "-" "Mozilla/5.0 (Linux; Android 6.0; Nexus 5 Build/MRA58N; wv) AppleWebKit/537.36 (KHTML, like Gecko) Version/4.0 Chrome/46.0.2490.76 Mobile Safari/537.36"
192.168.1.125 - - [25/Nov/2015:15:54:01 +0100] "GET /generate_204 HTTP/1.1" 301 584 "-" "Dalvik/2.1.0 (Linux; U; Android 6.0; Nexus 5 Build/MRA58N)"
192.168.1.125 - - [25/Nov/2015:15:54:02 +0100] "GET / HTTP/1.1" 200 416 "-" "Mozilla/5.0 (Linux; Android 6.0; Nexus 5 Build/MRA58N; wv) AppleWebKit/537.36 (KHTML, like Gecko) Version/4.0 Chrome/46.0.2490.76 Mobile Safari/537.36"
192.168.1.125 - - [25/Nov/2015:15:54:02 +0100] "GET /generate_204 HTTP/1.1" 301 584 "-" "Dalvik/2.1.0 (Linux; U; Android 6.0; Nexus 5 Build/MRA58N)"
192.168.1.125 - - [25/Nov/2015:15:54:02 +0100] "GET /favicon.ico HTTP/1.1" 404 505 "http://caixamagica.eu/" "Mozilla/5.0 (Linux; Android 6.0; Nexus 5 Build/MRA58N; wv) AppleWebKit/537.36 (KHTML, like Gecko) Version/4.0 Chrome/46.0.2490.76 Mobile Safari/537.36"
192.168.1.125 - - [25/Nov/2015:15:54:04 +0100] "GET /generate_204 HTTP/1.1" 301 584 "-" "Dalvik/2.1.0 (Linux; U; Android 6.0; Nexus 5 Build/MRA58N)"
192.168.1.138 - - [25/Nov/2015:15:54:17 +0100] "GET /generate_204 HTTP/1.1" 301 574 "-" "Dalvik/2.1.0 (Linux; U; Android 5.0.1; GT-I9295 Build/LRX22C)"
192.168.1.138 - - [25/Nov/2015:15:54:17 +0100] "GET / HTTP/1.1" 200 416 "-" "Dalvik/2.1.0 (Linux; U; Android 5.0.1; GT-I9295 Build/LRX22C)"
192.168.1.138 - - [25/Nov/2015:15:54:17 +0100] "GET / HTTP/1.1" 301 533 "-" "Dalvik/1.6.0 (Linux; U; Android 4.3; GT-I9295 Build/JSS15J)"
192.168.1.138 - - [25/Nov/2015:15:54:18 +0100] "GET / HTTP/1.1" 200 342 "-" "Dalvik/1.6.0 (Linux; U; Android 4.3; GT-I9295 Build/JSS15J)"
192.168.1.138 - - [25/Nov/2015:15:54:38 +0100] "GET / HTTP/1.1" 301 532 "-" "Dalvik/1.6.0 (Linux; U; Android 4.3; GT-I9295 Build/JSS15J)"
192.168.1.138 - - [25/Nov/2015:15:54:40 +0100] "GET / HTTP/1.1" 301 532 "-" "Dalvik/1.6.0 (Linux; U; Android 4.3; GT-I9295 Build/JSS15J)"
192.168.1.138 - - [25/Nov/2015:15:54:40 +0100] "GET / HTTP/1.1" 301 532 "-" "Dalvik/1.6.0 (Linux; U; Android 4.3; GT-I9295 Build/JSS15J)"
192.168.1.138 - - [25/Nov/2015:15:54:41 +0100] "GET / HTTP/1.1" 200 342 "-" "Dalvik/1.6.0 (Linux; U; Android 4.3; GT-I9295 Build/JSS15J)"
192.168.1.138 - - [25/Nov/2015:15:54:42 +0100] "GET /generate_204 HTTP/1.1" 301 574 "-" "Dalvik/2.1.0 (Linux; U; Android 5.0.1; GT-I9295 Build/LRX22C)"
192.168.1.138 - - [25/Nov/2015:15:54:42 +0100] "GET / HTTP/1.1" 301 568 "-" "Mozilla/5.0 (Linux; Android 5.0.1; GT-I9295 Build/LRX22C) AppleWebKit/537.36 (KHTML, like Gecko) Chrome/45.0.2454.94 Mobile Safari/537.36"
192.168.1.138 - - [25/Nov/2015:15:54:43 +0100] "GET / HTTP/1.1" 200 416 "-" "Mozilla/5.0 (Linux; Android 5.0.1; GT-I9295 Build/LRX22C) AppleWebKit/537.36 (KHTML, like Gecko) Chrome/45.0.2454.94 Mobile Safari/537.36"
192.168.1.139 - - [25/Nov/2015:15:54:43 +0100] "GET /ncsi.txt HTTP/1.1" 301 534 "-" "Microsoft NCSI"
192.168.1.138 - - [25/Nov/2015:15:54:44 +0100] "GET /favicon.ico HTTP/1.1" 404 505 "http://caixamagica.eu/" "Mozilla/5.0 (Linux; Android 5.0.1; GT-I9295 Build/LRX22C) AppleWebKit/537.36 (KHTML, like Gecko) Chrome/45.0.2454.94 Mobile Safari/537.36"
192.168.1.139 - - [25/Nov/2015:15:54:44 +0100] "GET /redirect HTTP/1.1" 301 571 "-" "WISPR!Microsoft Hotspot Authentication"
192.168.1.139 - - [25/Nov/2015:15:54:47 +0100] "GET /fwlink/?LinkID=219472&clcid=0x409 HTTP/1.1" 301 627 "-" "Mozilla/5.0 (Windows NT 6.3; WOW64) AppleWebKit/537.36 (KHTML, like Gecko) Chrome/45.0.2454.85 Safari/537.36"
192.168.1.139 - - [25/Nov/2015:15:54:47 +0100] "GET /?LinkID=219472&clcid=0x409 HTTP/1.1" 200 416 "-" "Mozilla/5.0 (Windows NT 6.3; WOW64) AppleWebKit/537.36 (KHTML, like Gecko) Chrome/45.0.2454.85 Safari/537.36"
192.168.1.139 - - [25/Nov/2015:15:54:48 +0100] "GET /favicon.ico HTTP/1.1" 404 505 "http://caixamagica.eu/?LinkID=219472&clcid=0x409" "Mozilla/5.0 (Windows NT 6.3; WOW64) AppleWebKit/537.36 (KHTML, like Gecko) Chrome/45.0.2454.85 Safari/537.36"
192.168.1.140 - - [25/Nov/2015:15:54:50 +0100] "GET /generate_204 HTTP/1.1" 301 584 "-" "Dalvik/2.1.0 (Linux; U; Android 5.1; XT1033 Build/LPB23.13-56)"
192.168.1.140 - - [25/Nov/2015:15:54:50 +0100] "GET /generate_204 HTTP/1.1" 301 574 "-" "Dalvik/2.1.0 (Linux; U; Android 5.1; XT1033 Build/LPB23.13-56)"
192.168.1.140 - - [25/Nov/2015:15:54:50 +0100] "GET /generate_204 HTTP/1.1" 301 574 "-" "Dalvik/2.1.0 (Linux; U; Android 5.1; XT1033 Build/LPB23.13-56)"
192.168.1.139 - - [25/Nov/2015:15:54:51 +0100] "GET /GIAG2.crl HTTP/1.1" 301 569 "-" "Microsoft-CryptoAPI/6.3"
192.168.1.139 - - [25/Nov/2015:15:54:51 +0100] "GET / HTTP/1.1" 304 180 "-" "Microsoft-CryptoAPI/6.3"
192.168.1.139 - - [25/Nov/2015:15:54:52 +0100] "GET /AddTrustExternalCARoot.crl HTTP/1.1" 301 572 "-" "Microsoft-CryptoAPI/6.3"
192.168.1.139 - - [25/Nov/2015:15:54:52 +0100] "GET / HTTP/1.1" 200 378 "-" "Microsoft-CryptoAPI/6.3"
192.168.1.140 - - [25/Nov/2015:15:54:55 +0100] "GET /generate_204 HTTP/1.1" 301 584 "-" "Mozilla/5.0 (Linux; Android 5.1; XT1033 Build/LPB23.13-56; wv) AppleWebKit/537.36 (KHTML, like Gecko) Version/4.0 Chrome/46.0.2490.76 Mobile Safari/537.36"
192.168.1.140 - - [25/Nov/2015:15:54:55 +0100] "GET / HTTP/1.1" 200 416 "-" "Mozilla/5.0 (Linux; Android 5.1; XT1033 Build/LPB23.13-56; wv) AppleWebKit/537.36 (KHTML, like Gecko) Version/4.0 Chrome/46.0.2490.76 Mobile Safari/537.36"
192.168.1.140 - - [25/Nov/2015:15:54:56 +0100] "GET /favicon.ico HTTP/1.1" 404 505 "http://caixamagica.eu/" "Mozilla/5.0 (Linux; Android 5.1; XT1033 Build/LPB23.13-56; wv) AppleWebKit/537.36 (KHTML, like Gecko) Version/4.0 Chrome/46.0.2490.76 Mobile Safari/537.36"
192.168.1.140 - - [25/Nov/2015:15:54:56 +0100] "GET /generate_204 HTTP/1.1" 301 584 "-" "Dalvik/2.1.0 (Linux; U; Android 5.1; XT1033 Build/LPB23.13-56)"
192.168.1.140 - - [25/Nov/2015:15:54:56 +0100] "GET /generate_204 HTTP/1.1" 301 584 "-" "Dalvik/2.1.0 (Linux; U; Android 5.1; XT1033 Build/LPB23.13-56)"
192.168.1.140 - - [25/Nov/2015:15:54:59 +0100] "GET /generate_204 HTTP/1.1" 301 584 "-" "Dalvik/2.1.0 (Linux; U; Android 5.1; XT1033 Build/LPB23.13-56)"
192.168.1.140 - - [25/Nov/2015:15:55:01 +0100] "GET /generate_204 HTTP/1.1" 301 584 "-" "Dalvik/2.1.0 (Linux; U; Android 5.1; XT1033 Build/LPB23.13-56)"
192.168.1.140 - - [25/Nov/2015:15:55:02 +0100] "GET /mobile/status.php HTTP/1.1" 301 573 "-" "Dalvik/2.1.0 (Linux; U; Android 5.1; XT1033 Build/LPB23.13-56)"
192.168.1.140 - - [25/Nov/2015:15:55:04 +0100] "GET /generate_204 HTTP/1.1" 301 584 "-" "Dalvik/2.1.0 (Linux; U; Android 5.1; XT1033 Build/LPB23.13-56)"
192.168.1.139 - - [25/Nov/2015:15:55:06 +0100] "GET /ncsi.txt HTTP/1.1" 301 534 "-" "Microsoft NCSI"
192.168.1.138 - - [25/Nov/2015:15:55:07 +0100] "GET / HTTP/1.1" 301 529 "-" "Dalvik/1.6.0 (Linux; U; Android 4.3; GT-I9295 Build/JSS15J)"
192.168.1.138 - - [25/Nov/2015:15:55:08 +0100] "GET / HTTP/1.1" 200 356 "-" "Dalvik/1.6.0 (Linux; U; Android 4.3; GT-I9295 Build/JSS15J)"
192.168.1.140 - - [25/Nov/2015:15:55:16 +0100] "GET /generate_204 HTTP/1.1" 301 584 "-" "Dalvik/2.1.0 (Linux; U; Android 5.1; XT1033 Build/LPB23.13-56)"
192.168.1.127 - - [25/Nov/2015:15:55:18 +0100] "POST / HTTP/1.1" 301 571 "-" "Mozilla/5.0 (Macintosh; Intel Mac OS X 10.11; rv:42.0) Gecko/20100101 Firefox/42.0"
192.168.1.127 - - [25/Nov/2015:15:55:18 +0100] "POST / HTTP/1.1" 301 571 "-" "Mozilla/5.0 (Macintosh; Intel Mac OS X 10.11; rv:42.0) Gecko/20100101 Firefox/42.0"
192.168.1.127 - - [25/Nov/2015:15:55:18 +0100] "GET / HTTP/1.1" 200 428 "-" "Mozilla/5.0 (Macintosh; Intel Mac OS X 10.11; rv:42.0) Gecko/20100101 Firefox/42.0"
192.168.1.127 - - [25/Nov/2015:15:55:18 +0100] "GET / HTTP/1.1" 200 428 "-" "Mozilla/5.0 (Macintosh; Intel Mac OS X 10.11; rv:42.0) Gecko/20100101 Firefox/42.0"
192.168.1.140 - - [25/Nov/2015:15:55:22 +0100] "GET /generate_204 HTTP/1.1" 301 584 "-" "Dalvik/2.1.0 (Linux; U; Android 5.1; XT1033 Build/LPB23.13-56)"
192.168.1.140 - - [25/Nov/2015:15:55:22 +0100] "GET /generate_204 HTTP/1.1" 301 584 "-" "Dalvik/2.1.0 (Linux; U; Android 5.1; XT1033 Build/LPB23.13-56)"
192.168.1.140 - - [25/Nov/2015:15:55:22 +0100] "GET /generate_204 HTTP/1.1" 301 584 "-" "Dalvik/2.1.0 (Linux; U; Android 5.1; XT1033 Build/LPB23.13-56)"
192.168.1.139 - - [25/Nov/2015:15:55:35 +0100] "GET /ncsi.txt HTTP/1.1" 301 534 "-" "Microsoft NCSI"
192.168.1.140 - - [25/Nov/2015:15:55:44 +0100] "GET /?cid=256002347743983&locale=pt_BR HTTP/1.1" 301 633 "-" "Mozilla/5.0 (Linux; Android 5.1; XT1033 Build/LPB23.13-56) AppleWebKit/537.36 (KHTML, like Gecko) Chrome/46.0.2490.76 Mobile Safari/537.36"
192.168.1.140 - - [25/Nov/2015:15:55:57 +0100] "GET /?cid=256002347743983&locale=pt_BR HTTP/1.1" 200 428 "-" "Mozilla/5.0 (Linux; Android 5.1; XT1033 Build/LPB23.13-56) AppleWebKit/537.36 (KHTML, like Gecko) Chrome/46.0.2490.76 Mobile Safari/537.36"
192.168.1.140 - - [25/Nov/2015:15:55:58 +0100] "GET /generate_204 HTTP/1.1" 301 584 "-" "Dalvik/2.1.0 (Linux; U; Android 5.1; XT1033 Build/LPB23.13-56)"
192.168.1.140 - - [25/Nov/2015:15:56:01 +0100] "GET /favicon.ico HTTP/1.1" 404 505 "http://caixamagica.eu/?cid=256002347743983&locale=pt_BR" "Mozilla/5.0 (Linux; Android 5.1; XT1033 Build/LPB23.13-56) AppleWebKit/537.36 (KHTML, like Gecko) Chrome/46.0.2490.76 Mobile Safari/537.36"
192.168.1.140 - - [25/Nov/2015:15:56:02 +0100] "GET /mobile/status.php HTTP/1.1" 301 573 "-" "Dalvik/2.1.0 (Linux; U; Android 5.1; XT1033 Build/LPB23.13-56)"
192.168.1.141 - - [25/Nov/2015:15:56:14 +0100] "GET /generate_204 HTTP/1.1" 301 574 "-" "Dalvik/1.6.0 (Linux; U; Android 4.4.4; XT1039 Build/KXB21.14-L1.56-1)"
192.168.1.141 - - [25/Nov/2015:15:56:14 +0100] "GET /xtra2.bin HTTP/1.1" 301 575 "-" "Android"
192.168.1.141 - - [25/Nov/2015:15:56:14 +0100] "GET / HTTP/1.1" 200 428 "-" "Dalvik/1.6.0 (Linux; U; Android 4.4.4; XT1039 Build/KXB21.14-L1.56-1)"
192.168.1.141 - - [25/Nov/2015:15:56:14 +0100] "GET /generate_204 HTTP/1.1" 301 573 "-" "Dalvik/1.6.0 (Linux; U; Android 4.4.4; XT1039 Build/KXB21.14-L1.56-1)"
192.168.1.141 - - [25/Nov/2015:15:56:15 +0100] "GET / HTTP/1.1" 200 427 "-" "Dalvik/1.6.0 (Linux; U; Android 4.4.4; XT1039 Build/KXB21.14-L1.56-1)"
192.168.1.141 - - [25/Nov/2015:15:56:15 +0100] "GET /generate_204 HTTP/1.1" 301 573 "-" "Dalvik/1.6.0 (Linux; U; Android 4.4.4; XT1039 Build/KXB21.14-L1.56-1)"
192.168.1.141 - - [25/Nov/2015:15:56:15 +0100] "GET / HTTP/1.1" 200 427 "-" "Dalvik/1.6.0 (Linux; U; Android 4.4.4; XT1039 Build/KXB21.14-L1.56-1)"
192.168.1.141 - - [25/Nov/2015:15:56:15 +0100] "GET /generate_204 HTTP/1.1" 301 573 "-" "Dalvik/1.6.0 (Linux; U; Android 4.4.4; XT1039 Build/KXB21.14-L1.56-1)"
192.168.1.141 - - [25/Nov/2015:15:56:15 +0100] "GET / HTTP/1.1" 200 427 "-" "Dalvik/1.6.0 (Linux; U; Android 4.4.4; XT1039 Build/KXB21.14-L1.56-1)"
192.168.1.141 - - [25/Nov/2015:15:56:15 +0100] "GET /xtra2.bin HTTP/1.1" 301 575 "-" "Android"
192.168.1.141 - - [25/Nov/2015:15:56:15 +0100] "GET /xtra2.bin HTTP/1.1" 301 575 "-" "Android"
192.168.1.141 - - [25/Nov/2015:15:56:22 +0100] "GET /android/config_update/10152015-sms-metadata.txt HTTP/1.1" 301 570 "-" "AndroidDownloadManager/4.4.4 (Linux; U; Android 4.4.4; XT1039 Build/KXB21.14-L1.56-1)"
192.168.1.141 - - [25/Nov/2015:15:56:22 +0100] "GET / HTTP/1.1" 200 393 "-" "AndroidDownloadManager/4.4.4 (Linux; U; Android 4.4.4; XT1039 Build/KXB21.14-L1.56-1)"
192.168.1.141 - - [25/Nov/2015:15:56:23 +0100] "GET /generate_204 HTTP/1.1" 301 568 "-" "Dalvik/1.6.0 (Linux; U; Android 4.4.4; XT1039 Build/KXB21.14-L1.56-1)"
192.168.1.140 - - [25/Nov/2015:15:56:27 +0100] "GET /logger?logtype=appmetric&metric_state=1&mm_pkid=net.skyscanner.android.main&mm_pknm=Voos&mm_hdid=&mm_mmdid= HTTP/1.1" 301 794 "-" "Apache-HttpClient/UNAVAILABLE (java 1.4)"
192.168.1.140 - - [25/Nov/2015:15:56:27 +0100] "GET /?logtype=appmetric&metric_state=1&mm_pkid=net.skyscanner.android.main&mm_pknm=Voos&mm_hdid=&mm_mmdid= HTTP/1.1" 200 393 "-" "Apache-HttpClient/UNAVAILABLE (java 1.4)"
192.168.1.140 - - [25/Nov/2015:15:56:29 +0100] "GET /generate_204 HTTP/1.1" 301 584 "-" "Dalvik/2.1.0 (Linux; U; Android 5.1; XT1033 Build/LPB23.13-56)"
192.168.1.141 - - [25/Nov/2015:15:56:29 +0100] "GET /generate_204 HTTP/1.1" 301 568 "-" "Mozilla/5.0 (Linux; Android 4.4.4; XT1039 Build/KXB21.14-L1.56-1) AppleWebKit/537.36 (KHTML, like Gecko) Chrome/46.0.2490.76 Mobile Safari/537.36"
192.168.1.141 - - [25/Nov/2015:15:56:31 +0100] "GET / HTTP/1.1" 200 428 "-" "Mozilla/5.0 (Linux; Android 4.4.4; XT1039 Build/KXB21.14-L1.56-1) AppleWebKit/537.36 (KHTML, like Gecko) Chrome/46.0.2490.76 Mobile Safari/537.36"
192.168.1.141 - - [25/Nov/2015:15:56:33 +0100] "GET /favicon.ico HTTP/1.1" 404 505 "http://caixamagica.eu/" "Mozilla/5.0 (Linux; Android 4.4.4; XT1039 Build/KXB21.14-L1.56-1) AppleWebKit/537.36 (KHTML, like Gecko) Chrome/46.0.2490.76 Mobile Safari/537.36"
192.168.1.140 - - [25/Nov/2015:15:56:53 +0100] "GET /generate_204 HTTP/1.1" 301 584 "-" "Dalvik/2.1.0 (Linux; U; Android 5.1; XT1033 Build/LPB23.13-56)"
192.168.1.125 - - [25/Nov/2015:15:57:02 +0100] "GET /generate_204 HTTP/1.1" 301 584 "-" "Dalvik/2.1.0 (Linux; U; Android 6.0; Nexus 5 Build/MRA58N)"
192.168.1.140 - - [25/Nov/2015:15:57:05 +0100] "GET /generate_204 HTTP/1.1" 301 584 "-" "Dalvik/2.1.0 (Linux; U; Android 5.1; XT1033 Build/LPB23.13-56)"
192.168.1.127 - - [25/Nov/2015:15:57:07 +0100] "POST / HTTP/1.1" 301 572 "-" "Mozilla/5.0 (Macintosh; Intel Mac OS X 10.11; rv:42.0) Gecko/20100101 Firefox/42.0"
192.168.1.127 - - [25/Nov/2015:15:57:07 +0100] "GET / HTTP/1.1" 200 428 "-" "Mozilla/5.0 (Macintosh; Intel Mac OS X 10.11; rv:42.0) Gecko/20100101 Firefox/42.0"
192.168.1.127 - - [25/Nov/2015:15:57:07 +0100] "POST / HTTP/1.1" 301 571 "-" "Mozilla/5.0 (Macintosh; Intel Mac OS X 10.11; rv:42.0) Gecko/20100101 Firefox/42.0"
192.168.1.127 - - [25/Nov/2015:15:57:08 +0100] "GET / HTTP/1.1" 200 427 "-" "Mozilla/5.0 (Macintosh; Intel Mac OS X 10.11; rv:42.0) Gecko/20100101 Firefox/42.0"
192.168.1.140 - - [25/Nov/2015:15:57:08 +0100] "GET /generate_204 HTTP/1.1" 301 584 "-" "Dalvik/2.1.0 (Linux; U; Android 5.1; XT1033 Build/LPB23.13-56)"
192.168.1.140 - - [25/Nov/2015:15:57:33 +0100] "GET /generate_204 HTTP/1.1" 301 574 "-" "Dalvik/2.1.0 (Linux; U; Android 5.1; XT1033 Build/LPB23.13-56)"
192.168.1.136 - - [25/Nov/2015:15:57:37 +0100] "GET / HTTP/1.1" 200 428 "-" "Mozilla/5.0 (X11; Ubuntu; Linux x86_64; rv:41.0) Gecko/20100101 Firefox/41.0"
192.168.1.125 - - [25/Nov/2015:15:58:08 +0100] "GET /generate_204 HTTP/1.1" 301 584 "-" "Mozilla/5.0 (Linux; Android 6.0; Nexus 5 Build/MRA58N; wv) AppleWebKit/537.36 (KHTML, like Gecko) Version/4.0 Chrome/46.0.2490.76 Mobile Safari/537.36"
192.168.1.125 - - [25/Nov/2015:15:58:18 +0100] "GET / HTTP/1.1" 200 426 "-" "Mozilla/5.0 (Linux; Android 6.0; Nexus 5 Build/MRA58N; wv) AppleWebKit/537.36 (KHTML, like Gecko) Version/4.0 Chrome/46.0.2490.76 Mobile Safari/537.36"
192.168.1.125 - - [25/Nov/2015:15:58:19 +0100] "GET /generate_204 HTTP/1.1" 301 584 "-" "Dalvik/2.1.0 (Linux; U; Android 6.0; Nexus 5 Build/MRA58N)"
192.168.1.125 - - [25/Nov/2015:15:58:19 +0100] "GET /generate_204 HTTP/1.1" 301 584 "-" "Dalvik/2.1.0 (Linux; U; Android 6.0; Nexus 5 Build/MRA58N)"
192.168.1.125 - - [25/Nov/2015:15:58:21 +0100] "GET /favicon.ico HTTP/1.1" 404 505 "http://caixamagica.eu/" "Mozilla/5.0 (Linux; Android 6.0; Nexus 5 Build/MRA58N; wv) AppleWebKit/537.36 (KHTML, like Gecko) Version/4.0 Chrome/46.0.2490.76 Mobile Safari/537.36"
192.168.1.127 - - [25/Nov/2015:15:58:37 +0100] "GET /chrome/crlset/2651/crl-set-delta-2645-1024066581050925330.crx.data HTTP/1.1" 301 570 "-" "Mozilla/5.0 (Macintosh; Intel Mac OS X 10_11_1) AppleWebKit/537.36 (KHTML, like Gecko) Chrome/46.0.2490.86 Safari/537.36"
192.168.1.127 - - [25/Nov/2015:15:58:37 +0100] "GET / HTTP/1.1" 200 426 "-" "Mozilla/5.0 (Macintosh; Intel Mac OS X 10_11_1) AppleWebKit/537.36 (KHTML, like Gecko) Chrome/46.0.2490.86 Safari/537.36"
192.168.1.140 - - [25/Nov/2015:15:58:44 +0100] "GET /generate_204 HTTP/1.1" 301 584 "-" "Dalvik/2.1.0 (Linux; U; Android 5.1; XT1033 Build/LPB23.13-56)"
192.168.1.125 - - [25/Nov/2015:15:59:29 +0100] "-" 408 0 "-" "-"
192.168.1.125 - - [25/Nov/2015:15:59:33 +0100] "-" 408 0 "-" "-"
192.168.1.141 - - [25/Nov/2015:16:02:04 +0100] "-" 408 0 "-" "-"
192.168.1.141 - - [25/Nov/2015:16:02:05 +0100] "-" 408 0 "-" "-"
192.168.0.125 - - [26/Nov/2015:00:59:28 +0100] "GET /generate_204 HTTP/1.1" 301 584 "-" "Dalvik/2.1.0 (Linux; U; Android 6.0; Nexus 5 Build/MRA58N)"
192.168.0.125 - - [26/Nov/2015:00:59:34 +0100] "GET /generate_204 HTTP/1.1" 301 584 "-" "Mozilla/5.0 (Linux; Android 6.0; Nexus 5 Build/MRA58N; wv) AppleWebKit/537.36 (KHTML, like Gecko) Version/4.0 Chrome/46.0.2490.76 Mobile Safari/537.36"
192.168.0.125 - - [26/Nov/2015:00:59:34 +0100] "GET / HTTP/1.1" 200 427 "-" "Mozilla/5.0 (Linux; Android 6.0; Nexus 5 Build/MRA58N; wv) AppleWebKit/537.36 (KHTML, like Gecko) Version/4.0 Chrome/46.0.2490.76 Mobile Safari/537.36"
192.168.0.125 - - [26/Nov/2015:00:59:35 +0100] "GET /favicon.ico HTTP/1.1" 404 505 "http://caixamagica.eu/" "Mozilla/5.0 (Linux; Android 6.0; Nexus 5 Build/MRA58N; wv) AppleWebKit/537.36 (KHTML, like Gecko) Version/4.0 Chrome/46.0.2490.76 Mobile Safari/537.36"
192.168.0.125 - - [26/Nov/2015:00:59:35 +0100] "GET /generate_204 HTTP/1.1" 301 584 "-" "Dalvik/2.1.0 (Linux; U; Android 6.0; Nexus 5 Build/MRA58N)"
192.168.0.125 - - [26/Nov/2015:00:59:35 +0100] "GET /generate_204 HTTP/1.1" 301 584 "-" "Dalvik/2.1.0 (Linux; U; Android 6.0; Nexus 5 Build/MRA58N)"
192.168.0.125 - - [26/Nov/2015:00:59:36 +0100] "GET /generate_204 HTTP/1.1" 301 584 "-" "Dalvik/2.1.0 (Linux; U; Android 6.0; Nexus 5 Build/MRA58N)"
192.168.0.126 - - [26/Nov/2015:00:59:50 +0100] "GET /generate_204 HTTP/1.1" 301 574 "-" "Dalvik/2.1.0 (Linux; U; Android 5.0.1; GT-I9295 Build/LRX22C)"
192.168.0.126 - - [26/Nov/2015:00:59:50 +0100] "GET /generate_204 HTTP/1.1" 301 537 "-" "Dalvik/1.6.0 (Linux; U; Android 4.3; GT-I9295 Build/JSS15J)"
192.168.0.126 - - [26/Nov/2015:00:59:50 +0100] "GET /generate_204 HTTP/1.1" 301 574 "-" "Dalvik/2.1.0 (Linux; U; Android 5.0.1; GT-I9295 Build/LRX22C)"
192.168.0.126 - - [26/Nov/2015:00:59:53 +0100] "GET /generate_204 HTTP/1.1" 301 537 "-" "Dalvik/1.6.0 (Linux; U; Android 4.3; GT-I9295 Build/JSS15J)"
192.168.0.126 - - [26/Nov/2015:00:59:55 +0100] "GET / HTTP/1.1" 301 569 "-" "Mozilla/5.0 (Linux; Android 5.0.1; GT-I9295 Build/LRX22C) AppleWebKit/537.36 (KHTML, like Gecko) Chrome/45.0.2454.94 Mobile Safari/537.36"
192.168.0.126 - - [26/Nov/2015:00:59:55 +0100] "GET / HTTP/1.1" 200 427 "-" "Mozilla/5.0 (Linux; Android 5.0.1; GT-I9295 Build/LRX22C) AppleWebKit/537.36 (KHTML, like Gecko) Chrome/45.0.2454.94 Mobile Safari/537.36"
192.168.0.126 - - [26/Nov/2015:00:59:55 +0100] "GET /favicon.ico HTTP/1.1" 404 505 "http://caixamagica.eu/" "Mozilla/5.0 (Linux; Android 5.0.1; GT-I9295 Build/LRX22C) AppleWebKit/537.36 (KHTML, like Gecko) Chrome/45.0.2454.94 Mobile Safari/537.36"
192.168.0.126 - - [26/Nov/2015:00:59:56 +0100] "GET /r/collect?v=1&_v=j40&a=835030574&t=pageview&_s=1&dl=http%3A%2F%2Fm.agenciabrasil.ebc.com.br%2Fcultura%2Fnoticia%2F2015-11%2Fmateria-para-amanha-2511-laboratorio-ibero-americano-de-inovacao-cidada&ul=pt-br&de=UTF-8&dt=Agencia%20Brasil%20Mobile&sd=32-bit&sr=360x640&vp=360x615&je=1&_u=QAEAAAABI~&jid=1748982685&cid=873943848.1426429515&tid=UA-12972004-2&_r=1&cd1=Cultura&cd2=texto&cd3=&cd6=agenciabrasil&z=1862840467 HTTP/1.1" 301 1513 "http://m.agenciabrasil.ebc.com.br/cultura/noticia/2015-11/materia-para-amanha-2511-laboratorio-ibero-americano-de-inovacao-cidada" "Mozilla/5.0 (Linux; Android 5.0.1; GT-I9295 Build/LRX22C) AppleWebKit/537.36 (KHTML, like Gecko) Chrome/45.0.2454.94 Mobile Safari/537.36"
192.168.0.126 - - [26/Nov/2015:00:59:56 +0100] "GET /r/collect?v=1&_v=j40&a=835030574&t=pageview&_s=1&dl=http%3A%2F%2Fm.agenciabrasil.ebc.com.br%2Fcultura%2Fnoticia%2F2015-11%2Fmateria-para-amanha-2511-laboratorio-ibero-americano-de-inovacao-cidada&ul=pt-br&de=UTF-8&dt=Agencia%20Brasil%20Mobile&sd=32-bit&sr=360x640&vp=360x615&je=1&_u=QAEAAAABI~&jid=314782617&cid=873943848.1426429515&tid=UA-12972004-12&_r=1&cd1=Cultura&cd2=texto&cd3=&cd6=agenciabrasil&z=1364009136 HTTP/1.1" 301 1513 "http://m.agenciabrasil.ebc.com.br/cultura/noticia/2015-11/materia-para-amanha-2511-laboratorio-ibero-americano-de-inovacao-cidada" "Mozilla/5.0 (Linux; Android 5.0.1; GT-I9295 Build/LRX22C) AppleWebKit/537.36 (KHTML, like Gecko) Chrome/45.0.2454.94 Mobile Safari/537.36"
192.168.0.126 - - [26/Nov/2015:00:59:56 +0100] "GET /?v=1&_v=j40&a=835030574&t=pageview&_s=1&dl=http%253A%252F%252Fm.agenciabrasil.ebc.com.br%252Fcultura%252Fnoticia%252F2015-11%252Fmateria-para-amanha-2511-laboratorio-ibero-americano-de-inovacao-cidada&ul=pt-br&de=UTF-8&dt=Agencia%2520Brasil%2520Mobile&sd=32-bit&sr=360x640&vp=360x615&je=1&_u=QAEAAAABI~&jid=1748982685&cid=873943848.1426429515&tid=UA-12972004-2&_r=1&cd1=Cultura&cd2=texto&cd3=&cd6=agenciabrasil&z=1862840467 HTTP/1.1" 200 426 "http://m.agenciabrasil.ebc.com.br/cultura/noticia/2015-11/materia-para-amanha-2511-laboratorio-ibero-americano-de-inovacao-cidada" "Mozilla/5.0 (Linux; Android 5.0.1; GT-I9295 Build/LRX22C) AppleWebKit/537.36 (KHTML, like Gecko) Chrome/45.0.2454.94 Mobile Safari/537.36"
192.168.0.126 - - [26/Nov/2015:00:59:56 +0100] "GET /?v=1&_v=j40&a=835030574&t=pageview&_s=1&dl=http%253A%252F%252Fm.agenciabrasil.ebc.com.br%252Fcultura%252Fnoticia%252F2015-11%252Fmateria-para-amanha-2511-laboratorio-ibero-americano-de-inovacao-cidada&ul=pt-br&de=UTF-8&dt=Agencia%2520Brasil%2520Mobile&sd=32-bit&sr=360x640&vp=360x615&je=1&_u=QAEAAAABI~&jid=314782617&cid=873943848.1426429515&tid=UA-12972004-12&_r=1&cd1=Cultura&cd2=texto&cd3=&cd6=agenciabrasil&z=1364009136 HTTP/1.1" 200 427 "http://m.agenciabrasil.ebc.com.br/cultura/noticia/2015-11/materia-para-amanha-2511-laboratorio-ibero-americano-de-inovacao-cidada" "Mozilla/5.0 (Linux; Android 5.0.1; GT-I9295 Build/LRX22C) AppleWebKit/537.36 (KHTML, like Gecko) Chrome/45.0.2454.94 Mobile Safari/537.36"
192.168.0.126 - - [26/Nov/2015:00:59:57 +0100] "GET /js/app/Global.js?_=1448495996293 HTTP/1.1" 301 613 "http://m.agenciabrasil.ebc.com.br/cultura/noticia/2015-11/materia-para-amanha-2511-laboratorio-ibero-americano-de-inovacao-cidada" "Mozilla/5.0 (Linux; Android 5.0.1; GT-I9295 Build/LRX22C) AppleWebKit/537.36 (KHTML, like Gecko) Chrome/45.0.2454.94 Mobile Safari/537.36"
192.168.0.126 - - [26/Nov/2015:00:59:57 +0100] "GET /js/util/fallback.classList.js?_=1448495996293 HTTP/1.1" 301 613 "http://m.agenciabrasil.ebc.com.br/cultura/noticia/2015-11/materia-para-amanha-2511-laboratorio-ibero-americano-de-inovacao-cidada" "Mozilla/5.0 (Linux; Android 5.0.1; GT-I9295 Build/LRX22C) AppleWebKit/537.36 (KHTML, like Gecko) Chrome/45.0.2454.94 Mobile Safari/537.36"
192.168.0.126 - - [26/Nov/2015:00:59:57 +0100] "GET /sites/_agenciabrasil/themes/agenciabrasil/favicon.ico HTTP/1.1" 301 579 "http://m.agenciabrasil.ebc.com.br/cultura/noticia/2015-11/materia-para-amanha-2511-laboratorio-ibero-americano-de-inovacao-cidada" "Mozilla/5.0 (Linux; Android 5.0.1; GT-I9295 Build/LRX22C) AppleWebKit/537.36 (KHTML, like Gecko) Chrome/45.0.2454.94 Mobile Safari/537.36"
192.168.0.126 - - [26/Nov/2015:00:59:57 +0100] "GET /?_=1448495996293 HTTP/1.1" 200 426 "http://m.agenciabrasil.ebc.com.br/cultura/noticia/2015-11/materia-para-amanha-2511-laboratorio-ibero-americano-de-inovacao-cidada" "Mozilla/5.0 (Linux; Android 5.0.1; GT-I9295 Build/LRX22C) AppleWebKit/537.36 (KHTML, like Gecko) Chrome/45.0.2454.94 Mobile Safari/537.36"
192.168.0.126 - - [26/Nov/2015:00:59:57 +0100] "GET /js/libs/hammer.min.js?_=1448495996293 HTTP/1.1" 301 612 "http://m.agenciabrasil.ebc.com.br/cultura/noticia/2015-11/materia-para-amanha-2511-laboratorio-ibero-americano-de-inovacao-cidada" "Mozilla/5.0 (Linux; Android 5.0.1; GT-I9295 Build/LRX22C) AppleWebKit/537.36 (KHTML, like Gecko) Chrome/45.0.2454.94 Mobile Safari/537.36"
192.168.0.126 - - [26/Nov/2015:00:59:58 +0100] "GET /js/componentes/menu.js?_=1448495996293 HTTP/1.1" 301 612 "http://m.agenciabrasil.ebc.com.br/cultura/noticia/2015-11/materia-para-amanha-2511-laboratorio-ibero-americano-de-inovacao-cidada" "Mozilla/5.0 (Linux; Android 5.0.1; GT-I9295 Build/LRX22C) AppleWebKit/537.36 (KHTML, like Gecko) Chrome/45.0.2454.94 Mobile Safari/537.36"
192.168.0.126 - - [26/Nov/2015:01:00:03 +0100] "GET /generate_204 HTTP/1.1" 301 574 "-" "Dalvik/2.1.0 (Linux; U; Android 5.0.1; GT-I9295 Build/LRX22C)"
192.168.0.126 - - [26/Nov/2015:01:00:03 +0100] "GET / HTTP/1.1" 200 427 "-" "Dalvik/2.1.0 (Linux; U; Android 5.0.1; GT-I9295 Build/LRX22C)"
192.168.0.126 - - [26/Nov/2015:01:00:03 +0100] "GET /generate_204 HTTP/1.1" 301 537 "-" "Dalvik/1.6.0 (Linux; U; Android 4.3; GT-I9295 Build/JSS15J)"
192.168.0.126 - - [26/Nov/2015:01:00:13 +0100] "GET /generate_204 HTTP/1.1" 301 537 "-" "Dalvik/1.6.0 (Linux; U; Android 4.3; GT-I9295 Build/JSS15J)"
192.168.0.126 - - [26/Nov/2015:01:00:22 +0100] "GET /generate_204 HTTP/1.1" 301 574 "-" "Dalvik/2.1.0 (Linux; U; Android 5.0.1; GT-I9295 Build/LRX22C)"
192.168.0.126 - - [26/Nov/2015:01:00:22 +0100] "GET / HTTP/1.1" 200 427 "-" "Dalvik/2.1.0 (Linux; U; Android 5.0.1; GT-I9295 Build/LRX22C)"
192.168.0.126 - - [26/Nov/2015:01:00:23 +0100] "GET /generate_204 HTTP/1.1" 301 537 "-" "Dalvik/1.6.0 (Linux; U; Android 4.3; GT-I9295 Build/JSS15J)"
192.168.0.126 - - [26/Nov/2015:01:00:33 +0100] "GET /generate_204 HTTP/1.1" 301 537 "-" "Dalvik/1.6.0 (Linux; U; Android 4.3; GT-I9295 Build/JSS15J)"
192.168.0.126 - - [26/Nov/2015:01:00:43 +0100] "GET /generate_204 HTTP/1.1" 301 537 "-" "Dalvik/1.6.0 (Linux; U; Android 4.3; GT-I9295 Build/JSS15J)"
192.168.0.126 - - [26/Nov/2015:01:00:51 +0100] "GET /generate_204 HTTP/1.1" 301 574 "-" "Dalvik/2.1.0 (Linux; U; Android 5.0.1; GT-I9295 Build/LRX22C)"
192.168.0.126 - - [26/Nov/2015:01:00:54 +0100] "GET /generate_204 HTTP/1.1" 301 537 "-" "Dalvik/1.6.0 (Linux; U; Android 4.3; GT-I9295 Build/JSS15J)"
192.168.0.126 - - [26/Nov/2015:01:01:04 +0100] "GET /generate_204 HTTP/1.1" 301 537 "-" "Dalvik/1.6.0 (Linux; U; Android 4.3; GT-I9295 Build/JSS15J)"
192.168.0.126 - - [26/Nov/2015:01:01:12 +0100] "GET /generate_204 HTTP/1.1" 301 574 "-" "Dalvik/2.1.0 (Linux; U; Android 5.0.1; GT-I9295 Build/LRX22C)"
192.168.0.126 - - [26/Nov/2015:01:01:14 +0100] "GET /generate_204 HTTP/1.1" 301 537 "-" "Dalvik/1.6.0 (Linux; U; Android 4.3; GT-I9295 Build/JSS15J)"
192.168.0.126 - - [26/Nov/2015:01:01:24 +0100] "GET /generate_204 HTTP/1.1" 301 537 "-" "Dalvik/1.6.0 (Linux; U; Android 4.3; GT-I9295 Build/JSS15J)"
192.168.0.126 - - [26/Nov/2015:01:01:34 +0100] "GET /generate_204 HTTP/1.1" 301 537 "-" "Dalvik/1.6.0 (Linux; U; Android 4.3; GT-I9295 Build/JSS15J)"
192.168.0.126 - - [26/Nov/2015:01:01:44 +0100] "GET /generate_204 HTTP/1.1" 301 537 "-" "Dalvik/1.6.0 (Linux; U; Android 4.3; GT-I9295 Build/JSS15J)"
192.168.0.126 - - [26/Nov/2015:01:01:54 +0100] "GET /generate_204 HTTP/1.1" 301 537 "-" "Dalvik/1.6.0 (Linux; U; Android 4.3; GT-I9295 Build/JSS15J)"
192.168.0.126 - - [26/Nov/2015:01:02:05 +0100] "GET /generate_204 HTTP/1.1" 301 537 "-" "Dalvik/1.6.0 (Linux; U; Android 4.3; GT-I9295 Build/JSS15J)"
192.168.0.127 - - [26/Nov/2015:01:02:48 +0100] "GET /generate_204 HTTP/1.1" 301 574 "-" "Dalvik/1.6.0 (Linux; U; Android 4.4.2; LG-D295 Build/KOT49I.A1423019035)"
192.168.0.127 - - [26/Nov/2015:01:02:56 +0100] "GET /generate_204 HTTP/1.1" 301 569 "-" "Dalvik/1.6.0 (Linux; U; Android 4.4.2; LG-D295 Build/KOT49I.A1423019035)"
192.168.0.127 - - [26/Nov/2015:01:03:07 +0100] "GET /generate_204 HTTP/1.1" 301 569 "-" "Mozilla/5.0 (Linux; Android 4.4.2; LG-D295 Build/KOT49I.A1423019035) AppleWebKit/537.36 (KHTML, like Gecko) Chrome/36.0.1985.135 Mobile Safari/537.36"
192.168.0.127 - - [26/Nov/2015:01:03:07 +0100] "GET / HTTP/1.1" 200 427 "-" "Mozilla/5.0 (Linux; Android 4.4.2; LG-D295 Build/KOT49I.A1423019035) AppleWebKit/537.36 (KHTML, like Gecko) Chrome/36.0.1985.135 Mobile Safari/537.36"
192.168.0.127 - - [26/Nov/2015:01:03:08 +0100] "GET /favicon.ico HTTP/1.1" 404 505 "-" "Mozilla/5.0 (Linux; Android 4.4.2; LG-D295 Build/KOT49I.A1423019035) AppleWebKit/537.36 (KHTML, like Gecko) Chrome/36.0.1985.135 Mobile Safari/537.36"
192.168.0.125 - - [26/Nov/2015:13:48:08 +0100] "GET /generate_204 HTTP/1.1" 301 584 "-" "Dalvik/2.1.0 (Linux; U; Android 6.0; Nexus 5 Build/MRA58N)"
192.168.0.125 - - [26/Nov/2015:13:48:12 +0100] "GET /generate_204 HTTP/1.1" 301 584 "-" "Mozilla/5.0 (Linux; Android 6.0; Nexus 5 Build/MRA58N; wv) AppleWebKit/537.36 (KHTML, like Gecko) Version/4.0 Chrome/46.0.2490.76 Mobile Safari/537.36"
192.168.0.125 - - [26/Nov/2015:13:48:12 +0100] "GET / HTTP/1.1" 200 427 "-" "Mozilla/5.0 (Linux; Android 6.0; Nexus 5 Build/MRA58N; wv) AppleWebKit/537.36 (KHTML, like Gecko) Version/4.0 Chrome/46.0.2490.76 Mobile Safari/537.36"
192.168.0.125 - - [26/Nov/2015:13:48:12 +0100] "GET /favicon.ico HTTP/1.1" 404 505 "http://caixamagica.eu/" "Mozilla/5.0 (Linux; Android 6.0; Nexus 5 Build/MRA58N; wv) AppleWebKit/537.36 (KHTML, like Gecko) Version/4.0 Chrome/46.0.2490.76 Mobile Safari/537.36"
192.168.0.125 - - [26/Nov/2015:13:48:13 +0100] "GET /generate_204 HTTP/1.1" 301 584 "-" "Dalvik/2.1.0 (Linux; U; Android 6.0; Nexus 5 Build/MRA58N)"
192.168.0.125 - - [26/Nov/2015:13:48:13 +0100] "GET /generate_204 HTTP/1.1" 301 584 "-" "Dalvik/2.1.0 (Linux; U; Android 6.0; Nexus 5 Build/MRA58N)"
192.168.0.125 - - [26/Nov/2015:13:48:13 +0100] "GET /generate_204 HTTP/1.1" 301 584 "-" "Dalvik/2.1.0 (Linux; U; Android 6.0; Nexus 5 Build/MRA58N)"
192.168.0.125 - - [26/Nov/2015:13:55:13 +0100] "GET /generate_204 HTTP/1.1" 301 584 "-" "Dalvik/2.1.0 (Linux; U; Android 6.0; Nexus 5 Build/MRA58N)"
192.168.0.125 - - [26/Nov/2015:13:55:16 +0100] "GET /generate_204 HTTP/1.1" 301 584 "-" "Mozilla/5.0 (Linux; Android 6.0; Nexus 5 Build/MRA58N; wv) AppleWebKit/537.36 (KHTML, like Gecko) Version/4.0 Chrome/46.0.2490.76 Mobile Safari/537.36"
192.168.0.125 - - [26/Nov/2015:13:55:16 +0100] "GET / HTTP/1.1" 200 412 "-" "Mozilla/5.0 (Linux; Android 6.0; Nexus 5 Build/MRA58N; wv) AppleWebKit/537.36 (KHTML, like Gecko) Version/4.0 Chrome/46.0.2490.76 Mobile Safari/537.36"
192.168.0.125 - - [26/Nov/2015:13:55:16 +0100] "GET /favicon.ico HTTP/1.1" 404 505 "http://caixamagica.eu/" "Mozilla/5.0 (Linux; Android 6.0; Nexus 5 Build/MRA58N; wv) AppleWebKit/537.36 (KHTML, like Gecko) Version/4.0 Chrome/46.0.2490.76 Mobile Safari/537.36"
192.168.0.125 - - [26/Nov/2015:13:55:17 +0100] "GET /generate_204 HTTP/1.1" 301 584 "-" "Dalvik/2.1.0 (Linux; U; Android 6.0; Nexus 5 Build/MRA58N)"
192.168.0.125 - - [26/Nov/2015:13:55:17 +0100] "GET /generate_204 HTTP/1.1" 301 584 "-" "Dalvik/2.1.0 (Linux; U; Android 6.0; Nexus 5 Build/MRA58N)"
192.168.0.125 - - [26/Nov/2015:13:55:17 +0100] "GET /generate_204 HTTP/1.1" 301 584 "-" "Dalvik/2.1.0 (Linux; U; Android 6.0; Nexus 5 Build/MRA58N)"
192.168.0.125 - - [26/Nov/2015:13:55:21 +0100] "GET /?hello=Marco HTTP/1.1" 200 413 "http://caixamagica.eu/" "Mozilla/5.0 (Linux; Android 6.0; Nexus 5 Build/MRA58N; wv) AppleWebKit/537.36 (KHTML, like Gecko) Version/4.0 Chrome/46.0.2490.76 Mobile Safari/537.36"
192.168.0.125 - - [26/Nov/2015:13:55:22 +0100] "GET /generate_204 HTTP/1.1" 301 584 "-" "Dalvik/2.1.0 (Linux; U; Android 6.0; Nexus 5 Build/MRA58N)"
192.168.0.125 - - [26/Nov/2015:13:55:22 +0100] "GET /generate_204 HTTP/1.1" 301 584 "-" "Dalvik/2.1.0 (Linux; U; Android 6.0; Nexus 5 Build/MRA58N)"
192.168.0.125 - - [26/Nov/2015:13:55:27 +0100] "GET /?hello=Carlos HTTP/1.1" 200 415 "http://caixamagica.eu/?hello=Marco" "Mozilla/5.0 (Linux; Android 6.0; Nexus 5 Build/MRA58N; wv) AppleWebKit/537.36 (KHTML, like Gecko) Version/4.0 Chrome/46.0.2490.76 Mobile Safari/537.36"
192.168.0.125 - - [26/Nov/2015:13:55:28 +0100] "GET /generate_204 HTTP/1.1" 301 584 "-" "Dalvik/2.1.0 (Linux; U; Android 6.0; Nexus 5 Build/MRA58N)"
192.168.0.125 - - [26/Nov/2015:13:55:28 +0100] "GET /generate_204 HTTP/1.1" 301 584 "-" "Dalvik/2.1.0 (Linux; U; Android 6.0; Nexus 5 Build/MRA58N)"
192.168.0.130 - - [26/Nov/2015:13:56:01 +0100] "GET / HTTP/1.1" 200 412 "-" "Mozilla/5.0 (X11; Ubuntu; Linux x86_64; rv:41.0) Gecko/20100101 Firefox/41.0"
192.168.0.131 - - [26/Nov/2015:13:56:02 +0100] "GET /hotspot-detect.html HTTP/1.0" 301 535 "-" "CaptiveNetworkSupport-325.10.1 wispr"
192.168.0.131 - - [26/Nov/2015:13:56:02 +0100] "GET / HTTP/1.0" 200 388 "-" "CaptiveNetworkSupport-325.10.1 wispr"
192.168.0.131 - - [26/Nov/2015:13:56:03 +0100] "GET /hotspot-detect.html HTTP/1.1" 301 572 "-" "Mozilla/5.0 (iPhone; CPU iPhone OS 9_1 like Mac OS X) AppleWebKit/601.1.46 (KHTML, like Gecko) Mobile/13B143"
192.168.0.131 - - [26/Nov/2015:13:56:03 +0100] "GET / HTTP/1.1" 200 412 "-" "Mozilla/5.0 (iPhone; CPU iPhone OS 9_1 like Mac OS X) AppleWebKit/601.1.46 (KHTML, like Gecko) Mobile/13B143"
192.168.0.131 - - [26/Nov/2015:13:56:03 +0100] "GET /hotspot-detect.html HTTP/1.0" 301 535 "-" "CaptiveNetworkSupport-325.10.1 wispr"
192.168.0.131 - - [26/Nov/2015:13:56:04 +0100] "GET / HTTP/1.0" 200 388 "-" "CaptiveNetworkSupport-325.10.1 wispr"
192.168.0.130 - - [26/Nov/2015:13:56:07 +0100] "GET /?hello=Ricardo HTTP/1.1" 200 413 "http://caixamagica.eu/" "Mozilla/5.0 (X11; Ubuntu; Linux x86_64; rv:41.0) Gecko/20100101 Firefox/41.0"
192.168.0.132 - - [26/Nov/2015:13:56:14 +0100] "GET /ncsi.txt HTTP/1.1" 301 534 "-" "Microsoft NCSI"
192.168.0.132 - - [26/Nov/2015:13:56:15 +0100] "GET /redirect HTTP/1.1" 301 571 "-" "WISPR!Microsoft Hotspot Authentication"
192.168.0.132 - - [26/Nov/2015:13:56:19 +0100] "GET /fwlink/?LinkID=219472&clcid=0x409 HTTP/1.1" 301 627 "-" "Mozilla/5.0 (Windows NT 6.3; WOW64) AppleWebKit/537.36 (KHTML, like Gecko) Chrome/45.0.2454.85 Safari/537.36"
192.168.0.132 - - [26/Nov/2015:13:56:21 +0100] "GET /?LinkID=219472&clcid=0x409 HTTP/1.1" 200 412 "-" "Mozilla/5.0 (Windows NT 6.3; WOW64) AppleWebKit/537.36 (KHTML, like Gecko) Chrome/45.0.2454.85 Safari/537.36"
192.168.0.131 - - [26/Nov/2015:13:56:23 +0100] "GET /?hello=Carlos HTTP/1.1" 200 415 "http://caixamagica.eu/" "Mozilla/5.0 (iPhone; CPU iPhone OS 9_1 like Mac OS X) AppleWebKit/601.1.46 (KHTML, like Gecko) Mobile/13B143"
192.168.0.131 - - [26/Nov/2015:13:56:24 +0100] "GET /hotspot-detect.html HTTP/1.0" 301 535 "-" "CaptiveNetworkSupport-325.10.1 wispr"
192.168.0.131 - - [26/Nov/2015:13:56:24 +0100] "GET / HTTP/1.0" 200 388 "-" "CaptiveNetworkSupport-325.10.1 wispr"
192.168.0.131 - - [26/Nov/2015:13:56:24 +0100] "GET /hotspot-detect.html HTTP/1.0" 301 535 "-" "CaptiveNetworkSupport-325.10.1 wispr"
192.168.0.131 - - [26/Nov/2015:13:56:25 +0100] "GET / HTTP/1.0" 200 388 "-" "CaptiveNetworkSupport-325.10.1 wispr"
192.168.0.130 - - [26/Nov/2015:13:56:26 +0100] "GET /?hello=Wey HTTP/1.1" 200 412 "http://caixamagica.eu/?hello=Ricardo" "Mozilla/5.0 (X11; Ubuntu; Linux x86_64; rv:41.0) Gecko/20100101 Firefox/41.0"
192.168.0.132 - - [26/Nov/2015:13:56:32 +0100] "GET /ncsi.txt HTTP/1.1" 301 534 "-" "Microsoft NCSI"
192.168.0.132 - - [26/Nov/2015:13:56:33 +0100] "GET /?hello=Thomaz HTTP/1.1" 200 416 "http://caixamagica.eu/?LinkID=219472&clcid=0x409" "Mozilla/5.0 (Windows NT 6.3; WOW64) AppleWebKit/537.36 (KHTML, like Gecko) Chrome/45.0.2454.85 Safari/537.36"
192.168.0.130 - - [26/Nov/2015:13:56:45 +0100] "GET / HTTP/1.1" 200 412 "-" "Mozilla/5.0 (X11; Ubuntu; Linux x86_64; rv:41.0) Gecko/20100101 Firefox/41.0"
192.168.0.132 - - [26/Nov/2015:13:56:56 +0100] "GET /?hello=Erick HTTP/1.1" 200 414 "http://caixamagica.eu/?hello=Thomaz" "Mozilla/5.0 (Windows NT 6.3; WOW64) AppleWebKit/537.36 (KHTML, like Gecko) Chrome/45.0.2454.85 Safari/537.36"
192.168.0.132 - - [26/Nov/2015:13:56:57 +0100] "GET /GWX/GWX?ts=1448542616792&SQM=82b516e03d1a45a6bc427e64969bab76&GWX=ab880695e69945b892244561d688b38a&WU=922aa1f8e0fd4af7b79edaea1fb5011a&WER=dd9fcc1a545d49648e3668a2097ddf69&CS=81&OSVersion=6.3.9600&VER=6.3.9600.18064&CSE=79&COV=9 HTTP/1.1" 301 1043 "-" "-"
192.168.0.132 - - [26/Nov/2015:13:56:57 +0100] "GET /?ts=1448542616792&SQM=82b516e03d1a45a6bc427e64969bab76&GWX=ab880695e69945b892244561d688b38a&WU=922aa1f8e0fd4af7b79edaea1fb5011a&WER=dd9fcc1a545d49648e3668a2097ddf69&CS=81&OSVersion=6.3.9600&VER=6.3.9600.18064&CSE=79&COV=9 HTTP/1.1" 200 425 "-" "-"
192.168.0.132 - - [26/Nov/2015:13:57:02 +0100] "GET /ncsi.txt HTTP/1.1" 301 534 "-" "Microsoft NCSI"
192.168.0.132 - - [26/Nov/2015:13:57:19 +0100] "GET /GWX/GWX?ts=1448542640088&SQM=82b516e03d1a45a6bc427e64969bab76&GWX=ab880695e69945b892244561d688b38a&WU=922aa1f8e0fd4af7b79edaea1fb5011a&WER=dd9fcc1a545d49648e3668a2097ddf69&CS=81&OSVersion=6.3.9600&VER=6.3.9600.18064&CMD=1 HTTP/1.1" 301 1025 "-" "-"
192.168.0.132 - - [26/Nov/2015:13:57:19 +0100] "GET /GWX/GWX?ts=1448542640090&SQM=82b516e03d1a45a6bc427e64969bab76&GWX=ab880695e69945b892244561d688b38a&WU=922aa1f8e0fd4af7b79edaea1fb5011a&WER=dd9fcc1a545d49648e3668a2097ddf69&CS=81&OSVersion=6.3.9600&VER=6.3.9600.18064&BLK=0 HTTP/1.1" 301 1025 "-" "-"
192.168.0.132 - - [26/Nov/2015:13:57:19 +0100] "GET /GWX/GWX?ts=1448542640091&SQM=82b516e03d1a45a6bc427e64969bab76&GWX=ab880695e69945b892244561d688b38a&WU=922aa1f8e0fd4af7b79edaea1fb5011a&WER=dd9fcc1a545d49648e3668a2097ddf69&CS=81&OSVersion=6.3.9600&VER=6.3.9600.18064&CGE=2147942487 HTTP/1.1" 301 1043 "-" "-"
192.168.0.132 - - [26/Nov/2015:13:57:19 +0100] "GET /GWX/GWX?ts=1448542640121&SQM=82b516e03d1a45a6bc427e64969bab76&GWX=ab880695e69945b892244561d688b38a&WU=922aa1f8e0fd4af7b79edaea1fb5011a&WER=dd9fcc1a545d49648e3668a2097ddf69&CS=81&OSVersion=6.3.9600&VER=6.3.9600.18064&CMD=1 HTTP/1.1" 301 1024 "-" "-"
192.168.0.132 - - [26/Nov/2015:13:57:19 +0100] "GET /GWX/GWX?ts=1448542640122&SQM=82b516e03d1a45a6bc427e64969bab76&GWX=ab880695e69945b892244561d688b38a&WU=922aa1f8e0fd4af7b79edaea1fb5011a&WER=dd9fcc1a545d49648e3668a2097ddf69&CS=81&OSVersion=6.3.9600&VER=6.3.9600.18064&BLK=0 HTTP/1.1" 301 1024 "-" "-"
192.168.0.132 - - [26/Nov/2015:13:57:19 +0100] "GET /GWX/GWX?ts=1448542640125&SQM=82b516e03d1a45a6bc427e64969bab76&GWX=ab880695e69945b892244561d688b38a&WU=922aa1f8e0fd4af7b79edaea1fb5011a&WER=dd9fcc1a545d49648e3668a2097ddf69&CS=81&OSVersion=6.3.9600&VER=6.3.9600.18064&CGE=2147942487 HTTP/1.1" 301 1042 "-" "-"
192.168.0.132 - - [26/Nov/2015:13:57:19 +0100] "GET /GWX/GWX?ts=1448542640121&SQM=82b516e03d1a45a6bc427e64969bab76&GWX=ab880695e69945b892244561d688b38a&WU=922aa1f8e0fd4af7b79edaea1fb5011a&WER=dd9fcc1a545d49648e3668a2097ddf69&CS=81&OSVersion=6.3.9600&VER=6.3.9600.18064&CMD=1 HTTP/1.1" 301 1024 "-" "-"
192.168.0.132 - - [26/Nov/2015:13:57:19 +0100] "GET /GWX/GWX?ts=1448542640122&SQM=82b516e03d1a45a6bc427e64969bab76&GWX=ab880695e69945b892244561d688b38a&WU=922aa1f8e0fd4af7b79edaea1fb5011a&WER=dd9fcc1a545d49648e3668a2097ddf69&CS=81&OSVersion=6.3.9600&VER=6.3.9600.18064&BLK=0 HTTP/1.1" 301 1024 "-" "-"
192.168.0.132 - - [26/Nov/2015:13:57:19 +0100] "GET /GWX/GWX?ts=1448542640125&SQM=82b516e03d1a45a6bc427e64969bab76&GWX=ab880695e69945b892244561d688b38a&WU=922aa1f8e0fd4af7b79edaea1fb5011a&WER=dd9fcc1a545d49648e3668a2097ddf69&CS=81&OSVersion=6.3.9600&VER=6.3.9600.18064&CGE=2147942487 HTTP/1.1" 301 1042 "-" "-"
192.168.0.132 - - [26/Nov/2015:13:57:19 +0100] "GET /GWX/GWX?ts=1448542640121&SQM=82b516e03d1a45a6bc427e64969bab76&GWX=ab880695e69945b892244561d688b38a&WU=922aa1f8e0fd4af7b79edaea1fb5011a&WER=dd9fcc1a545d49648e3668a2097ddf69&CS=81&OSVersion=6.3.9600&VER=6.3.9600.18064&CMD=1 HTTP/1.1" 301 1024 "-" "-"
192.168.0.132 - - [26/Nov/2015:13:57:19 +0100] "GET /GWX/GWX?ts=1448542640122&SQM=82b516e03d1a45a6bc427e64969bab76&GWX=ab880695e69945b892244561d688b38a&WU=922aa1f8e0fd4af7b79edaea1fb5011a&WER=dd9fcc1a545d49648e3668a2097ddf69&CS=81&OSVersion=6.3.9600&VER=6.3.9600.18064&BLK=0 HTTP/1.1" 301 1024 "-" "-"
192.168.0.132 - - [26/Nov/2015:13:57:19 +0100] "GET /GWX/GWX?ts=1448542640125&SQM=82b516e03d1a45a6bc427e64969bab76&GWX=ab880695e69945b892244561d688b38a&WU=922aa1f8e0fd4af7b79edaea1fb5011a&WER=dd9fcc1a545d49648e3668a2097ddf69&CS=81&OSVersion=6.3.9600&VER=6.3.9600.18064&CGE=2147942487 HTTP/1.1" 301 1042 "-" "-"
192.168.0.132 - - [26/Nov/2015:13:57:20 +0100] "GET /GWX/GWX?ts=1448542640559&SQM=82b516e03d1a45a6bc427e64969bab76&GWX=ab880695e69945b892244561d688b38a&WU=922aa1f8e0fd4af7b79edaea1fb5011a&WER=dd9fcc1a545d49648e3668a2097ddf69&CS=81&OSVersion=6.3.9600&VER=6.3.9600.18064&MFP=20 HTTP/1.1" 301 1027 "-" "-"
192.168.0.132 - - [26/Nov/2015:13:57:20 +0100] "GET /?ts=1448542640559&SQM=82b516e03d1a45a6bc427e64969bab76&GWX=ab880695e69945b892244561d688b38a&WU=922aa1f8e0fd4af7b79edaea1fb5011a&WER=dd9fcc1a545d49648e3668a2097ddf69&CS=81&OSVersion=6.3.9600&VER=6.3.9600.18064&MFP=20 HTTP/1.1" 200 425 "-" "-"
192.168.0.132 - - [26/Nov/2015:13:57:20 +0100] "GET /GWX/GWX?ts=1448542640121&SQM=82b516e03d1a45a6bc427e64969bab76&GWX=ab880695e69945b892244561d688b38a&WU=922aa1f8e0fd4af7b79edaea1fb5011a&WER=dd9fcc1a545d49648e3668a2097ddf69&CS=81&OSVersion=6.3.9600&VER=6.3.9600.18064&CMD=1 HTTP/1.1" 301 1024 "-" "-"
192.168.0.132 - - [26/Nov/2015:13:57:20 +0100] "GET /?ts=1448542640121&SQM=82b516e03d1a45a6bc427e64969bab76&GWX=ab880695e69945b892244561d688b38a&WU=922aa1f8e0fd4af7b79edaea1fb5011a&WER=dd9fcc1a545d49648e3668a2097ddf69&CS=81&OSVersion=6.3.9600&VER=6.3.9600.18064&CMD=1 HTTP/1.1" 200 424 "-" "-"
192.168.0.132 - - [26/Nov/2015:13:57:20 +0100] "GET /GWX/GWX?ts=1448542640122&SQM=82b516e03d1a45a6bc427e64969bab76&GWX=ab880695e69945b892244561d688b38a&WU=922aa1f8e0fd4af7b79edaea1fb5011a&WER=dd9fcc1a545d49648e3668a2097ddf69&CS=81&OSVersion=6.3.9600&VER=6.3.9600.18064&BLK=0 HTTP/1.1" 301 1024 "-" "-"
192.168.0.132 - - [26/Nov/2015:13:57:20 +0100] "GET /?ts=1448542640122&SQM=82b516e03d1a45a6bc427e64969bab76&GWX=ab880695e69945b892244561d688b38a&WU=922aa1f8e0fd4af7b79edaea1fb5011a&WER=dd9fcc1a545d49648e3668a2097ddf69&CS=81&OSVersion=6.3.9600&VER=6.3.9600.18064&BLK=0 HTTP/1.1" 200 424 "-" "-"
192.168.0.132 - - [26/Nov/2015:13:57:20 +0100] "GET /GWX/GWX?ts=1448542640125&SQM=82b516e03d1a45a6bc427e64969bab76&GWX=ab880695e69945b892244561d688b38a&WU=922aa1f8e0fd4af7b79edaea1fb5011a&WER=dd9fcc1a545d49648e3668a2097ddf69&CS=81&OSVersion=6.3.9600&VER=6.3.9600.18064&CGE=2147942487 HTTP/1.1" 301 1042 "-" "-"
192.168.0.132 - - [26/Nov/2015:13:57:20 +0100] "GET /?ts=1448542640125&SQM=82b516e03d1a45a6bc427e64969bab76&GWX=ab880695e69945b892244561d688b38a&WU=922aa1f8e0fd4af7b79edaea1fb5011a&WER=dd9fcc1a545d49648e3668a2097ddf69&CS=81&OSVersion=6.3.9600&VER=6.3.9600.18064&CGE=2147942487 HTTP/1.1" 200 424 "-" "-"
192.168.0.132 - - [26/Nov/2015:13:57:20 +0100] "GET /GWX/GWX?ts=1448542640807&SQM=82b516e03d1a45a6bc427e64969bab76&GWX=ab880695e69945b892244561d688b38a&WU=922aa1f8e0fd4af7b79edaea1fb5011a&WER=dd9fcc1a545d49648e3668a2097ddf69&CS=81&OSVersion=6.3.9600&VER=6.3.9600.18064&MFE=SOFTWARE%5CMicrosoft%5CWindows%5CCurrentVersion%5CGWX%5CDetector%5CState%5CUIType,0,2 HTTP/1.1" 301 1220 "-" "-"
192.168.0.132 - - [26/Nov/2015:13:57:20 +0100] "GET /?ts=1448542640807&SQM=82b516e03d1a45a6bc427e64969bab76&GWX=ab880695e69945b892244561d688b38a&WU=922aa1f8e0fd4af7b79edaea1fb5011a&WER=dd9fcc1a545d49648e3668a2097ddf69&CS=81&OSVersion=6.3.9600&VER=6.3.9600.18064&MFE=SOFTWARE%255CMicrosoft%255CWindows%255CCurrentVersion%255CGWX%255CDetector%255CState%255CUIType,0,2 HTTP/1.1" 200 424 "-" "-"
192.168.0.132 - - [26/Nov/2015:13:57:20 +0100] "GET /GWX/GWX?ts=1448542640841&SQM=82b516e03d1a45a6bc427e64969bab76&GWX=ab880695e69945b892244561d688b38a&WU=922aa1f8e0fd4af7b79edaea1fb5011a&WER=dd9fcc1a545d49648e3668a2097ddf69&CS=81&OSVersion=6.3.9600&VER=6.3.9600.18064&MFE=SOFTWARE%5CMicrosoft%5CWindows%5CCurrentVersion%5CWindowsUpdate%5COSUpgrade%5CAllowOSUpgrade,1,2 HTTP/1.1" 301 1238 "-" "-"
192.168.0.132 - - [26/Nov/2015:13:57:20 +0100] "GET /?ts=1448542640841&SQM=82b516e03d1a45a6bc427e64969bab76&GWX=ab880695e69945b892244561d688b38a&WU=922aa1f8e0fd4af7b79edaea1fb5011a&WER=dd9fcc1a545d49648e3668a2097ddf69&CS=81&OSVersion=6.3.9600&VER=6.3.9600.18064&MFE=SOFTWARE%255CMicrosoft%255CWindows%255CCurrentVersion%255CWindowsUpdate%255COSUpgrade%255CAllowOSUpgrade,1,2 HTTP/1.1" 200 424 "-" "-"
