192.168.0.134 - - [26/Nov/2015:15:08:07 +0100] "GET /js/foundation.min.js HTTP/1.1" 200 22300 "http://caixamagica.eu/agradecimiento.html" "Mozilla/5.0 (Windows NT 10.0; Win64; x64) AppleWebKit/537.36 (KHTML, like Gecko) Chrome/46.0.2490.86 Safari/537.36"
192.168.0.134 - - [26/Nov/2015:15:08:07 +0100] "GET /js/vendor/jquery.min.js HTTP/1.1" 200 29909 "http://caixamagica.eu/agradecimiento.html" "Mozilla/5.0 (Windows NT 10.0; Win64; x64) AppleWebKit/537.36 (KHTML, like Gecko) Chrome/46.0.2490.86 Safari/537.36"
192.168.0.134 - - [26/Nov/2015:15:08:07 +0100] "GET /img/ui-icons_ffffff_256x240.png HTTP/1.1" 304 181 "http://caixamagica.eu/agradecimiento.html" "Mozilla/5.0 (Windows NT 10.0; Win64; x64) AppleWebKit/537.36 (KHTML, like Gecko) Chrome/46.0.2490.86 Safari/537.36"
192.168.0.134 - - [26/Nov/2015:15:08:07 +0100] "GET /js/jquery.js HTTP/1.1" 200 81487 "http://caixamagica.eu/agradecimiento.html" "Mozilla/5.0 (Windows NT 10.0; Win64; x64) AppleWebKit/537.36 (KHTML, like Gecko) Chrome/46.0.2490.86 Safari/537.36"
192.168.0.134 - - [26/Nov/2015:15:08:12 +0100] "GET /index.html HTTP/1.1" 200 853 "http://caixamagica.eu/agradecimiento.html" "Mozilla/5.0 (Windows NT 10.0; Win64; x64) AppleWebKit/537.36 (KHTML, like Gecko) Chrome/46.0.2490.86 Safari/537.36"
192.168.0.134 - - [26/Nov/2015:15:08:12 +0100] "GET /css/app.css HTTP/1.1" 200 1521 "http://caixamagica.eu/index.html" "Mozilla/5.0 (Windows NT 10.0; Win64; x64) AppleWebKit/537.36 (KHTML, like Gecko) Chrome/46.0.2490.86 Safari/537.36"
192.168.0.134 - - [26/Nov/2015:15:08:12 +0100] "GET /js/app.js HTTP/1.1" 304 179 "http://caixamagica.eu/index.html" "Mozilla/5.0 (Windows NT 10.0; Win64; x64) AppleWebKit/537.36 (KHTML, like Gecko) Chrome/46.0.2490.86 Safari/537.36"
192.168.0.134 - - [26/Nov/2015:15:08:12 +0100] "GET /js/vendor/what-input.min.js HTTP/1.1" 200 1113 "http://caixamagica.eu/index.html" "Mozilla/5.0 (Windows NT 10.0; Win64; x64) AppleWebKit/537.36 (KHTML, like Gecko) Chrome/46.0.2490.86 Safari/537.36"
192.168.0.134 - - [26/Nov/2015:15:08:12 +0100] "GET /js/vendor/jquery.min.js HTTP/1.1" 200 29909 "http://caixamagica.eu/index.html" "Mozilla/5.0 (Windows NT 10.0; Win64; x64) AppleWebKit/537.36 (KHTML, like Gecko) Chrome/46.0.2490.86 Safari/537.36"
192.168.0.134 - - [26/Nov/2015:15:08:12 +0100] "GET /css/foundation.css HTTP/1.1" 200 13869 "http://caixamagica.eu/index.html" "Mozilla/5.0 (Windows NT 10.0; Win64; x64) AppleWebKit/537.36 (KHTML, like Gecko) Chrome/46.0.2490.86 Safari/537.36"
192.168.0.134 - - [26/Nov/2015:15:08:12 +0100] "GET /js/foundation.min.js HTTP/1.1" 200 22300 "http://caixamagica.eu/index.html" "Mozilla/5.0 (Windows NT 10.0; Win64; x64) AppleWebKit/537.36 (KHTML, like Gecko) Chrome/46.0.2490.86 Safari/537.36"
192.168.0.134 - - [26/Nov/2015:15:08:15 +0100] "GET /resultados.html HTTP/1.1" 200 1390 "http://caixamagica.eu/index.html" "Mozilla/5.0 (Windows NT 10.0; Win64; x64) AppleWebKit/537.36 (KHTML, like Gecko) Chrome/46.0.2490.86 Safari/537.36"
192.168.0.134 - - [26/Nov/2015:15:08:15 +0100] "GET /css/app.css HTTP/1.1" 200 1521 "http://caixamagica.eu/resultados.html" "Mozilla/5.0 (Windows NT 10.0; Win64; x64) AppleWebKit/537.36 (KHTML, like Gecko) Chrome/46.0.2490.86 Safari/537.36"
192.168.0.134 - - [26/Nov/2015:15:08:15 +0100] "GET /js/vendor/what-input.min.js HTTP/1.1" 200 1113 "http://caixamagica.eu/resultados.html" "Mozilla/5.0 (Windows NT 10.0; Win64; x64) AppleWebKit/537.36 (KHTML, like Gecko) Chrome/46.0.2490.86 Safari/537.36"
192.168.0.134 - - [26/Nov/2015:15:08:15 +0100] "GET /js/app.js HTTP/1.1" 304 179 "http://caixamagica.eu/resultados.html" "Mozilla/5.0 (Windows NT 10.0; Win64; x64) AppleWebKit/537.36 (KHTML, like Gecko) Chrome/46.0.2490.86 Safari/537.36"
192.168.0.134 - - [26/Nov/2015:15:08:15 +0100] "GET /css/jquery-ui.css HTTP/1.1" 200 8374 "http://caixamagica.eu/resultados.html" "Mozilla/5.0 (Windows NT 10.0; Win64; x64) AppleWebKit/537.36 (KHTML, like Gecko) Chrome/46.0.2490.86 Safari/537.36"
192.168.0.134 - - [26/Nov/2015:15:08:15 +0100] "GET /js/foundation.min.js HTTP/1.1" 200 22300 "http://caixamagica.eu/resultados.html" "Mozilla/5.0 (Windows NT 10.0; Win64; x64) AppleWebKit/537.36 (KHTML, like Gecko) Chrome/46.0.2490.86 Safari/537.36"
192.168.0.134 - - [26/Nov/2015:15:08:15 +0100] "GET /js/vendor/jquery.min.js HTTP/1.1" 200 29909 "http://caixamagica.eu/resultados.html" "Mozilla/5.0 (Windows NT 10.0; Win64; x64) AppleWebKit/537.36 (KHTML, like Gecko) Chrome/46.0.2490.86 Safari/537.36"
192.168.0.134 - - [26/Nov/2015:15:08:15 +0100] "GET /css/foundation.css HTTP/1.1" 200 13869 "http://caixamagica.eu/resultados.html" "Mozilla/5.0 (Windows NT 10.0; Win64; x64) AppleWebKit/537.36 (KHTML, like Gecko) Chrome/46.0.2490.86 Safari/537.36"
192.168.0.134 - - [26/Nov/2015:15:08:15 +0100] "GET /js/jquery.js HTTP/1.1" 200 81487 "http://caixamagica.eu/resultados.html" "Mozilla/5.0 (Windows NT 10.0; Win64; x64) AppleWebKit/537.36 (KHTML, like Gecko) Chrome/46.0.2490.86 Safari/537.36"
::1 - - [26/Nov/2015:15:08:22 +0100] "OPTIONS * HTTP/1.0" 200 126 "-" "Apache/2.4.10 (Debian) (internal dummy connection)"
::1 - - [26/Nov/2015:15:08:23 +0100] "OPTIONS * HTTP/1.0" 200 126 "-" "Apache/2.4.10 (Debian) (internal dummy connection)"
192.168.0.134 - - [26/Nov/2015:15:08:24 +0100] "GET /ncsi.txt HTTP/1.1" 301 534 "-" "Microsoft NCSI"
192.168.0.134 - - [26/Nov/2015:15:08:24 +0100] "GET /ncsi.txt HTTP/1.1" 301 534 "-" "Microsoft NCSI"
::1 - - [26/Nov/2015:15:08:24 +0100] "OPTIONS * HTTP/1.0" 200 126 "-" "Apache/2.4.10 (Debian) (internal dummy connection)"
::1 - - [26/Nov/2015:15:08:26 +0100] "OPTIONS * HTTP/1.0" 200 126 "-" "Apache/2.4.10 (Debian) (internal dummy connection)"
192.168.0.128 - - [26/Nov/2015:15:08:35 +0100] "GET /bag HTTP/1.1" 301 580 "-" "Mac OS X/10.11.1 (15B42)"
192.168.0.128 - - [26/Nov/2015:15:08:35 +0100] "GET / HTTP/1.1" 200 854 "-" "Mac OS X/10.11.1 (15B42)"
192.168.0.128 - - [26/Nov/2015:15:08:35 +0100] "GET /bag HTTP/1.1" 301 580 "-" "Mac OS X/10.11.1 (15B42)"
192.168.0.128 - - [26/Nov/2015:15:08:35 +0100] "GET / HTTP/1.1" 200 853 "-" "Mac OS X/10.11.1 (15B42)"
192.168.0.128 - - [26/Nov/2015:15:09:03 +0100] "POST /wp-admin/admin-ajax.php HTTP/1.1" 301 573 "http://pensando.mj.gov.br/wp-admin/" "Mozilla/5.0 (Macintosh; Intel Mac OS X 10.11; rv:42.0) Gecko/20100101 Firefox/42.0"
192.168.0.128 - - [26/Nov/2015:15:09:16 +0100] "GET /bag HTTP/1.1" 301 580 "-" "Mac OS X/10.11.1 (15B42)"
192.168.0.128 - - [26/Nov/2015:15:09:16 +0100] "GET /bag HTTP/1.1" 301 580 "-" "Mac OS X/10.11.1 (15B42)"
192.168.0.128 - - [26/Nov/2015:15:09:16 +0100] "GET / HTTP/1.1" 200 854 "-" "Mac OS X/10.11.1 (15B42)"
192.168.0.128 - - [26/Nov/2015:15:09:16 +0100] "GET / HTTP/1.1" 200 854 "-" "Mac OS X/10.11.1 (15B42)"
192.168.0.126 - - [26/Nov/2015:15:09:37 +0100] "GET /generate_204 HTTP/1.1" 301 537 "-" "Dalvik/1.6.0 (Linux; U; Android 4.3; GT-I9295 Build/JSS15J)"
192.168.0.126 - - [26/Nov/2015:15:09:39 +0100] "GET /generate_204 HTTP/1.1" 301 574 "-" "Dalvik/2.1.0 (Linux; U; Android 5.0.1; GT-I9295 Build/LRX22C)"
192.168.0.126 - - [26/Nov/2015:15:09:39 +0100] "GET /generate_204 HTTP/1.1" 301 573 "-" "Dalvik/2.1.0 (Linux; U; Android 5.0.1; GT-I9295 Build/LRX22C)"
192.168.0.126 - - [26/Nov/2015:15:09:39 +0100] "GET /generate_204 HTTP/1.1" 301 574 "-" "Dalvik/2.1.0 (Linux; U; Android 5.0.1; GT-I9295 Build/LRX22C)"
192.168.0.126 - - [26/Nov/2015:15:09:39 +0100] "GET /generate_204 HTTP/1.1" 301 573 "-" "Dalvik/2.1.0 (Linux; U; Android 5.0.1; GT-I9295 Build/LRX22C)"
192.168.0.126 - - [26/Nov/2015:15:09:41 +0100] "GET / HTTP/1.1" 200 854 "-" "Mozilla/5.0 (Linux; Android 5.0.1; GT-I9295 Build/LRX22C) AppleWebKit/537.36 (KHTML, like Gecko) Chrome/45.0.2454.94 Mobile Safari/537.36"
192.168.0.126 - - [26/Nov/2015:15:09:41 +0100] "GET /generate_204 HTTP/1.1" 301 537 "-" "Dalvik/1.6.0 (Linux; U; Android 4.3; GT-I9295 Build/JSS15J)"
192.168.0.126 - - [26/Nov/2015:15:09:41 +0100] "GET /css/app.css HTTP/1.1" 200 1522 "http://caixamagica.eu/" "Mozilla/5.0 (Linux; Android 5.0.1; GT-I9295 Build/LRX22C) AppleWebKit/537.36 (KHTML, like Gecko) Chrome/45.0.2454.94 Mobile Safari/537.36"
192.168.0.126 - - [26/Nov/2015:15:09:41 +0100] "GET /css/foundation.css HTTP/1.1" 200 13869 "http://caixamagica.eu/" "Mozilla/5.0 (Linux; Android 5.0.1; GT-I9295 Build/LRX22C) AppleWebKit/537.36 (KHTML, like Gecko) Chrome/45.0.2454.94 Mobile Safari/537.36"
192.168.0.126 - - [26/Nov/2015:15:09:41 +0100] "GET /js/vendor/what-input.min.js HTTP/1.1" 200 1113 "http://caixamagica.eu/" "Mozilla/5.0 (Linux; Android 5.0.1; GT-I9295 Build/LRX22C) AppleWebKit/537.36 (KHTML, like Gecko) Chrome/45.0.2454.94 Mobile Safari/537.36"
192.168.0.126 - - [26/Nov/2015:15:09:41 +0100] "GET /js/app.js HTTP/1.1" 200 321 "http://caixamagica.eu/" "Mozilla/5.0 (Linux; Android 5.0.1; GT-I9295 Build/LRX22C) AppleWebKit/537.36 (KHTML, like Gecko) Chrome/45.0.2454.94 Mobile Safari/537.36"
192.168.0.126 - - [26/Nov/2015:15:09:41 +0100] "GET /js/vendor/jquery.min.js HTTP/1.1" 200 29910 "http://caixamagica.eu/" "Mozilla/5.0 (Linux; Android 5.0.1; GT-I9295 Build/LRX22C) AppleWebKit/537.36 (KHTML, like Gecko) Chrome/45.0.2454.94 Mobile Safari/537.36"
192.168.0.126 - - [26/Nov/2015:15:09:41 +0100] "GET /js/foundation.min.js HTTP/1.1" 200 22301 "http://caixamagica.eu/" "Mozilla/5.0 (Linux; Android 5.0.1; GT-I9295 Build/LRX22C) AppleWebKit/537.36 (KHTML, like Gecko) Chrome/45.0.2454.94 Mobile Safari/537.36"
192.168.0.126 - - [26/Nov/2015:15:09:43 +0100] "GET /favicon.ico HTTP/1.1" 404 505 "http://caixamagica.eu/" "Mozilla/5.0 (Linux; Android 5.0.1; GT-I9295 Build/LRX22C) AppleWebKit/537.36 (KHTML, like Gecko) Chrome/45.0.2454.94 Mobile Safari/537.36"
192.168.0.126 - - [26/Nov/2015:15:09:46 +0100] "GET /generate_204 HTTP/1.1" 301 574 "-" "Dalvik/2.1.0 (Linux; U; Android 5.0.1; GT-I9295 Build/LRX22C)"
192.168.0.126 - - [26/Nov/2015:15:09:46 +0100] "GET / HTTP/1.1" 200 854 "-" "Dalvik/2.1.0 (Linux; U; Android 5.0.1; GT-I9295 Build/LRX22C)"
192.168.0.126 - - [26/Nov/2015:15:09:47 +0100] "GET /opciones.html HTTP/1.1" 200 1018 "http://caixamagica.eu/" "Mozilla/5.0 (Linux; Android 5.0.1; GT-I9295 Build/LRX22C) AppleWebKit/537.36 (KHTML, like Gecko) Chrome/45.0.2454.94 Mobile Safari/537.36"
192.168.0.126 - - [26/Nov/2015:15:09:47 +0100] "GET /css/jquery-ui.css HTTP/1.1" 200 8374 "http://caixamagica.eu/opciones.html" "Mozilla/5.0 (Linux; Android 5.0.1; GT-I9295 Build/LRX22C) AppleWebKit/537.36 (KHTML, like Gecko) Chrome/45.0.2454.94 Mobile Safari/537.36"
192.168.0.126 - - [26/Nov/2015:15:09:47 +0100] "GET /js/jquery.js HTTP/1.1" 200 81488 "http://caixamagica.eu/opciones.html" "Mozilla/5.0 (Linux; Android 5.0.1; GT-I9295 Build/LRX22C) AppleWebKit/537.36 (KHTML, like Gecko) Chrome/45.0.2454.94 Mobile Safari/537.36"
192.168.0.126 - - [26/Nov/2015:15:09:48 +0100] "GET /img/ui-icons_ffffff_256x240.png HTTP/1.1" 200 6585 "http://caixamagica.eu/css/jquery-ui.css" "Mozilla/5.0 (Linux; Android 5.0.1; GT-I9295 Build/LRX22C) AppleWebKit/537.36 (KHTML, like Gecko) Chrome/45.0.2454.94 Mobile Safari/537.36"
192.168.0.126 - - [26/Nov/2015:15:09:51 +0100] "GET /generate_204 HTTP/1.1" 301 537 "-" "Dalvik/1.6.0 (Linux; U; Android 4.3; GT-I9295 Build/JSS15J)"
::1 - - [26/Nov/2015:15:09:54 +0100] "OPTIONS * HTTP/1.0" 200 126 "-" "Apache/2.4.10 (Debian) (internal dummy connection)"
192.168.0.126 - - [26/Nov/2015:15:09:54 +0100] "GET /problema.html HTTP/1.1" 200 1192 "http://caixamagica.eu/opciones.html" "Mozilla/5.0 (Linux; Android 5.0.1; GT-I9295 Build/LRX22C) AppleWebKit/537.36 (KHTML, like Gecko) Chrome/45.0.2454.94 Mobile Safari/537.36"
::1 - - [26/Nov/2015:15:09:55 +0100] "OPTIONS * HTTP/1.0" 200 126 "-" "Apache/2.4.10 (Debian) (internal dummy connection)"
192.168.0.126 - - [26/Nov/2015:15:10:01 +0100] "GET /generate_204 HTTP/1.1" 301 537 "-" "Dalvik/1.6.0 (Linux; U; Android 4.3; GT-I9295 Build/JSS15J)"
::1 - - [26/Nov/2015:15:10:02 +0100] "OPTIONS * HTTP/1.0" 200 126 "-" "Apache/2.4.10 (Debian) (internal dummy connection)"
192.168.0.126 - - [26/Nov/2015:15:10:09 +0100] "GET /generate_204 HTTP/1.1" 301 574 "-" "Dalvik/2.1.0 (Linux; U; Android 5.0.1; GT-I9295 Build/LRX22C)"
192.168.0.126 - - [26/Nov/2015:15:10:09 +0100] "GET / HTTP/1.1" 200 854 "-" "Dalvik/2.1.0 (Linux; U; Android 5.0.1; GT-I9295 Build/LRX22C)"
192.168.0.126 - - [26/Nov/2015:15:10:11 +0100] "GET /generate_204 HTTP/1.1" 301 537 "-" "Dalvik/1.6.0 (Linux; U; Android 4.3; GT-I9295 Build/JSS15J)"
192.168.0.126 - - [26/Nov/2015:15:10:13 +0100] "GET /decision.html HTTP/1.1" 200 1101 "http://caixamagica.eu/problema.html" "Mozilla/5.0 (Linux; Android 5.0.1; GT-I9295 Build/LRX22C) AppleWebKit/537.36 (KHTML, like Gecko) Chrome/45.0.2454.94 Mobile Safari/537.36"
192.168.0.126 - - [26/Nov/2015:15:10:13 +0100] "GET /css/app.css HTTP/1.1" 200 1522 "http://caixamagica.eu/decision.html" "Mozilla/5.0 (Linux; Android 5.0.1; GT-I9295 Build/LRX22C) AppleWebKit/537.36 (KHTML, like Gecko) Chrome/45.0.2454.94 Mobile Safari/537.36"
192.168.0.126 - - [26/Nov/2015:15:10:13 +0100] "GET /js/vendor/what-input.min.js HTTP/1.1" 200 1114 "http://caixamagica.eu/decision.html" "Mozilla/5.0 (Linux; Android 5.0.1; GT-I9295 Build/LRX22C) AppleWebKit/537.36 (KHTML, like Gecko) Chrome/45.0.2454.94 Mobile Safari/537.36"
192.168.0.126 - - [26/Nov/2015:15:10:13 +0100] "GET /js/app.js HTTP/1.1" 304 179 "http://caixamagica.eu/decision.html" "Mozilla/5.0 (Linux; Android 5.0.1; GT-I9295 Build/LRX22C) AppleWebKit/537.36 (KHTML, like Gecko) Chrome/45.0.2454.94 Mobile Safari/537.36"
192.168.0.126 - - [26/Nov/2015:15:10:13 +0100] "GET /css/jquery-ui.css HTTP/1.1" 200 8375 "http://caixamagica.eu/decision.html" "Mozilla/5.0 (Linux; Android 5.0.1; GT-I9295 Build/LRX22C) AppleWebKit/537.36 (KHTML, like Gecko) Chrome/45.0.2454.94 Mobile Safari/537.36"
192.168.0.126 - - [26/Nov/2015:15:10:13 +0100] "GET /css/foundation.css HTTP/1.1" 200 13869 "http://caixamagica.eu/decision.html" "Mozilla/5.0 (Linux; Android 5.0.1; GT-I9295 Build/LRX22C) AppleWebKit/537.36 (KHTML, like Gecko) Chrome/45.0.2454.94 Mobile Safari/537.36"
192.168.0.126 - - [26/Nov/2015:15:10:13 +0100] "GET /js/foundation.min.js HTTP/1.1" 200 22301 "http://caixamagica.eu/decision.html" "Mozilla/5.0 (Linux; Android 5.0.1; GT-I9295 Build/LRX22C) AppleWebKit/537.36 (KHTML, like Gecko) Chrome/45.0.2454.94 Mobile Safari/537.36"
192.168.0.126 - - [26/Nov/2015:15:10:13 +0100] "GET /js/vendor/jquery.min.js HTTP/1.1" 200 29910 "http://caixamagica.eu/decision.html" "Mozilla/5.0 (Linux; Android 5.0.1; GT-I9295 Build/LRX22C) AppleWebKit/537.36 (KHTML, like Gecko) Chrome/45.0.2454.94 Mobile Safari/537.36"
192.168.0.126 - - [26/Nov/2015:15:10:14 +0100] "GET /img/ui-icons_ffffff_256x240.png HTTP/1.1" 304 181 "http://caixamagica.eu/decision.html" "Mozilla/5.0 (Linux; Android 5.0.1; GT-I9295 Build/LRX22C) AppleWebKit/537.36 (KHTML, like Gecko) Chrome/45.0.2454.94 Mobile Safari/537.36"
192.168.0.126 - - [26/Nov/2015:15:10:13 +0100] "GET /js/jquery.js HTTP/1.1" 200 81487 "http://caixamagica.eu/decision.html" "Mozilla/5.0 (Linux; Android 5.0.1; GT-I9295 Build/LRX22C) AppleWebKit/537.36 (KHTML, like Gecko) Chrome/45.0.2454.94 Mobile Safari/537.36"
192.168.0.126 - - [26/Nov/2015:15:10:16 +0100] "GET /solucion.html HTTP/1.1" 200 1276 "http://caixamagica.eu/decision.html" "Mozilla/5.0 (Linux; Android 5.0.1; GT-I9295 Build/LRX22C) AppleWebKit/537.36 (KHTML, like Gecko) Chrome/45.0.2454.94 Mobile Safari/537.36"
::1 - - [26/Nov/2015:15:10:21 +0100] "OPTIONS * HTTP/1.0" 200 126 "-" "Apache/2.4.10 (Debian) (internal dummy connection)"
192.168.0.126 - - [26/Nov/2015:15:10:22 +0100] "GET /generate_204 HTTP/1.1" 301 537 "-" "Dalvik/1.6.0 (Linux; U; Android 4.3; GT-I9295 Build/JSS15J)"
::1 - - [26/Nov/2015:15:10:22 +0100] "OPTIONS * HTTP/1.0" 200 126 "-" "Apache/2.4.10 (Debian) (internal dummy connection)"
::1 - - [26/Nov/2015:15:10:24 +0100] "OPTIONS * HTTP/1.0" 200 126 "-" "Apache/2.4.10 (Debian) (internal dummy connection)"
192.168.0.126 - - [26/Nov/2015:15:10:27 +0100] "GET /generate_204 HTTP/1.1" 301 574 "-" "Dalvik/2.1.0 (Linux; U; Android 5.0.1; GT-I9295 Build/LRX22C)"
192.168.0.126 - - [26/Nov/2015:15:10:32 +0100] "GET /generate_204 HTTP/1.1" 301 537 "-" "Dalvik/1.6.0 (Linux; U; Android 4.3; GT-I9295 Build/JSS15J)"
192.168.0.126 - - [26/Nov/2015:15:10:40 +0100] "GET /generate_204 HTTP/1.1" 301 574 "-" "Dalvik/2.1.0 (Linux; U; Android 5.0.1; GT-I9295 Build/LRX22C)"
192.168.0.126 - - [26/Nov/2015:15:10:42 +0100] "GET /generate_204 HTTP/1.1" 301 537 "-" "Dalvik/1.6.0 (Linux; U; Android 4.3; GT-I9295 Build/JSS15J)"
192.168.0.126 - - [26/Nov/2015:15:10:52 +0100] "GET /generate_204 HTTP/1.1" 301 537 "-" "Dalvik/1.6.0 (Linux; U; Android 4.3; GT-I9295 Build/JSS15J)"
192.168.0.126 - - [26/Nov/2015:15:11:02 +0100] "GET /generate_204 HTTP/1.1" 301 537 "-" "Dalvik/1.6.0 (Linux; U; Android 4.3; GT-I9295 Build/JSS15J)"
192.168.0.126 - - [26/Nov/2015:15:11:12 +0100] "GET /generate_204 HTTP/1.1" 301 537 "-" "Dalvik/1.6.0 (Linux; U; Android 4.3; GT-I9295 Build/JSS15J)"
192.168.0.126 - - [26/Nov/2015:15:11:12 +0100] "GET /generate_204 HTTP/1.1" 301 574 "-" "Dalvik/2.1.0 (Linux; U; Android 5.0.1; GT-I9295 Build/LRX22C)"
192.168.0.126 - - [26/Nov/2015:15:11:23 +0100] "GET /generate_204 HTTP/1.1" 301 537 "-" "Dalvik/1.6.0 (Linux; U; Android 4.3; GT-I9295 Build/JSS15J)"
192.168.0.126 - - [26/Nov/2015:15:11:23 +0100] "GET /agradecimiento.html HTTP/1.1" 200 1023 "http://caixamagica.eu/solucion.html" "Mozilla/5.0 (Linux; Android 5.0.1; GT-I9295 Build/LRX22C) AppleWebKit/537.36 (KHTML, like Gecko) Chrome/45.0.2454.94 Mobile Safari/537.36"
192.168.0.126 - - [26/Nov/2015:15:11:23 +0100] "GET /css/app.css HTTP/1.1" 200 1522 "http://caixamagica.eu/agradecimiento.html" "Mozilla/5.0 (Linux; Android 5.0.1; GT-I9295 Build/LRX22C) AppleWebKit/537.36 (KHTML, like Gecko) Chrome/45.0.2454.94 Mobile Safari/537.36"
192.168.0.126 - - [26/Nov/2015:15:11:23 +0100] "GET /js/vendor/what-input.min.js HTTP/1.1" 200 1113 "http://caixamagica.eu/agradecimiento.html" "Mozilla/5.0 (Linux; Android 5.0.1; GT-I9295 Build/LRX22C) AppleWebKit/537.36 (KHTML, like Gecko) Chrome/45.0.2454.94 Mobile Safari/537.36"
192.168.0.126 - - [26/Nov/2015:15:11:23 +0100] "GET /js/app.js HTTP/1.1" 304 180 "http://caixamagica.eu/agradecimiento.html" "Mozilla/5.0 (Linux; Android 5.0.1; GT-I9295 Build/LRX22C) AppleWebKit/537.36 (KHTML, like Gecko) Chrome/45.0.2454.94 Mobile Safari/537.36"
192.168.0.126 - - [26/Nov/2015:15:11:23 +0100] "GET /css/jquery-ui.css HTTP/1.1" 200 8375 "http://caixamagica.eu/agradecimiento.html" "Mozilla/5.0 (Linux; Android 5.0.1; GT-I9295 Build/LRX22C) AppleWebKit/537.36 (KHTML, like Gecko) Chrome/45.0.2454.94 Mobile Safari/537.36"
192.168.0.126 - - [26/Nov/2015:15:11:23 +0100] "GET /css/foundation.css HTTP/1.1" 200 13869 "http://caixamagica.eu/agradecimiento.html" "Mozilla/5.0 (Linux; Android 5.0.1; GT-I9295 Build/LRX22C) AppleWebKit/537.36 (KHTML, like Gecko) Chrome/45.0.2454.94 Mobile Safari/537.36"
192.168.0.126 - - [26/Nov/2015:15:11:23 +0100] "GET /js/foundation.min.js HTTP/1.1" 200 22301 "http://caixamagica.eu/agradecimiento.html" "Mozilla/5.0 (Linux; Android 5.0.1; GT-I9295 Build/LRX22C) AppleWebKit/537.36 (KHTML, like Gecko) Chrome/45.0.2454.94 Mobile Safari/537.36"
192.168.0.126 - - [26/Nov/2015:15:11:23 +0100] "GET /js/vendor/jquery.min.js HTTP/1.1" 200 29910 "http://caixamagica.eu/agradecimiento.html" "Mozilla/5.0 (Linux; Android 5.0.1; GT-I9295 Build/LRX22C) AppleWebKit/537.36 (KHTML, like Gecko) Chrome/45.0.2454.94 Mobile Safari/537.36"
192.168.0.126 - - [26/Nov/2015:15:11:23 +0100] "GET /img/ui-icons_ffffff_256x240.png HTTP/1.1" 304 181 "http://caixamagica.eu/agradecimiento.html" "Mozilla/5.0 (Linux; Android 5.0.1; GT-I9295 Build/LRX22C) AppleWebKit/537.36 (KHTML, like Gecko) Chrome/45.0.2454.94 Mobile Safari/537.36"
192.168.0.126 - - [26/Nov/2015:15:11:23 +0100] "GET /js/jquery.js HTTP/1.1" 200 81487 "http://caixamagica.eu/agradecimiento.html" "Mozilla/5.0 (Linux; Android 5.0.1; GT-I9295 Build/LRX22C) AppleWebKit/537.36 (KHTML, like Gecko) Chrome/45.0.2454.94 Mobile Safari/537.36"
192.168.0.126 - - [26/Nov/2015:15:11:27 +0100] "GET /solucion.html HTTP/1.1" 200 1276 "http://caixamagica.eu/agradecimiento.html" "Mozilla/5.0 (Linux; Android 5.0.1; GT-I9295 Build/LRX22C) AppleWebKit/537.36 (KHTML, like Gecko) Chrome/45.0.2454.94 Mobile Safari/537.36"
192.168.0.126 - - [26/Nov/2015:15:11:29 +0100] "GET /index.html HTTP/1.1" 200 853 "http://caixamagica.eu/solucion.html" "Mozilla/5.0 (Linux; Android 5.0.1; GT-I9295 Build/LRX22C) AppleWebKit/537.36 (KHTML, like Gecko) Chrome/45.0.2454.94 Mobile Safari/537.36"
192.168.0.126 - - [26/Nov/2015:15:11:32 +0100] "GET /opciones.html HTTP/1.1" 200 1018 "http://caixamagica.eu/index.html" "Mozilla/5.0 (Linux; Android 5.0.1; GT-I9295 Build/LRX22C) AppleWebKit/537.36 (KHTML, like Gecko) Chrome/45.0.2454.94 Mobile Safari/537.36"
192.168.0.126 - - [26/Nov/2015:15:11:33 +0100] "GET /generate_204 HTTP/1.1" 301 537 "-" "Dalvik/1.6.0 (Linux; U; Android 4.3; GT-I9295 Build/JSS15J)"
192.168.0.126 - - [26/Nov/2015:15:11:33 +0100] "GET /problema.html HTTP/1.1" 200 1191 "http://caixamagica.eu/opciones.html" "Mozilla/5.0 (Linux; Android 5.0.1; GT-I9295 Build/LRX22C) AppleWebKit/537.36 (KHTML, like Gecko) Chrome/45.0.2454.94 Mobile Safari/537.36"
::1 - - [26/Nov/2015:15:11:39 +0100] "OPTIONS * HTTP/1.0" 200 126 "-" "Apache/2.4.10 (Debian) (internal dummy connection)"
192.168.0.126 - - [26/Nov/2015:15:11:39 +0100] "GET /decision.html HTTP/1.1" 200 1101 "http://caixamagica.eu/problema.html" "Mozilla/5.0 (Linux; Android 5.0.1; GT-I9295 Build/LRX22C) AppleWebKit/537.36 (KHTML, like Gecko) Chrome/45.0.2454.94 Mobile Safari/537.36"
192.168.0.126 - - [26/Nov/2015:15:11:43 +0100] "GET /generate_204 HTTP/1.1" 301 537 "-" "Dalvik/1.6.0 (Linux; U; Android 4.3; GT-I9295 Build/JSS15J)"
192.168.0.133 - - [26/Nov/2015:15:11:52 +0100] "GET /generate_204 HTTP/1.1" 301 574 "-" "Dalvik/1.6.0 (Linux; U; Android 4.4.4; SM-G530H Build/KTU84P)"
192.168.0.133 - - [26/Nov/2015:15:12:53 +0100] "GET /generate_204 HTTP/1.1" 301 574 "-" "Dalvik/1.6.0 (Linux; U; Android 4.4.4; SM-G530H Build/KTU84P)"
192.168.0.125 - - [26/Nov/2015:15:13:03 +0100] "-" 408 0 "-" "-"
::1 - - [26/Nov/2015:15:13:06 +0100] "OPTIONS * HTTP/1.0" 200 126 "-" "Apache/2.4.10 (Debian) (internal dummy connection)"
192.168.0.126 - - [26/Nov/2015:15:15:03 +0100] "GET /generate_204 HTTP/1.1" 301 537 "-" "Dalvik/1.6.0 (Linux; U; Android 4.3; GT-I9295 Build/JSS15J)"
192.168.0.126 - - [26/Nov/2015:15:15:04 +0100] "GET /generate_204 HTTP/1.1" 301 574 "-" "Dalvik/2.1.0 (Linux; U; Android 5.0.1; GT-I9295 Build/LRX22C)"
192.168.0.126 - - [26/Nov/2015:15:15:04 +0100] "GET /generate_204 HTTP/1.1" 301 574 "-" "Dalvik/2.1.0 (Linux; U; Android 5.0.1; GT-I9295 Build/LRX22C)"
192.168.0.126 - - [26/Nov/2015:15:15:05 +0100] "GET /generate_204 HTTP/1.1" 301 573 "-" "Dalvik/2.1.0 (Linux; U; Android 5.0.1; GT-I9295 Build/LRX22C)"
192.168.0.126 - - [26/Nov/2015:15:15:05 +0100] "GET /generate_204 HTTP/1.1" 301 573 "-" "Dalvik/2.1.0 (Linux; U; Android 5.0.1; GT-I9295 Build/LRX22C)"
192.168.0.126 - - [26/Nov/2015:15:15:05 +0100] "GET / HTTP/1.1" 200 854 "-" "Mozilla/5.0 (Linux; Android 5.0.1; GT-I9295 Build/LRX22C) AppleWebKit/537.36 (KHTML, like Gecko) Chrome/45.0.2454.94 Mobile Safari/537.36"
192.168.0.126 - - [26/Nov/2015:15:15:06 +0100] "GET /js/app.js HTTP/1.1" 304 180 "http://caixamagica.eu/" "Mozilla/5.0 (Linux; Android 5.0.1; GT-I9295 Build/LRX22C) AppleWebKit/537.36 (KHTML, like Gecko) Chrome/45.0.2454.94 Mobile Safari/537.36"
192.168.0.126 - - [26/Nov/2015:15:15:06 +0100] "GET /js/vendor/what-input.min.js HTTP/1.1" 200 1114 "http://caixamagica.eu/" "Mozilla/5.0 (Linux; Android 5.0.1; GT-I9295 Build/LRX22C) AppleWebKit/537.36 (KHTML, like Gecko) Chrome/45.0.2454.94 Mobile Safari/537.36"
192.168.0.126 - - [26/Nov/2015:15:15:06 +0100] "GET /css/app.css HTTP/1.1" 200 1521 "http://caixamagica.eu/" "Mozilla/5.0 (Linux; Android 5.0.1; GT-I9295 Build/LRX22C) AppleWebKit/537.36 (KHTML, like Gecko) Chrome/45.0.2454.94 Mobile Safari/537.36"
192.168.0.126 - - [26/Nov/2015:15:15:06 +0100] "GET /css/foundation.css HTTP/1.1" 200 13870 "http://caixamagica.eu/" "Mozilla/5.0 (Linux; Android 5.0.1; GT-I9295 Build/LRX22C) AppleWebKit/537.36 (KHTML, like Gecko) Chrome/45.0.2454.94 Mobile Safari/537.36"
192.168.0.126 - - [26/Nov/2015:15:15:06 +0100] "GET /js/foundation.min.js HTTP/1.1" 200 22301 "http://caixamagica.eu/" "Mozilla/5.0 (Linux; Android 5.0.1; GT-I9295 Build/LRX22C) AppleWebKit/537.36 (KHTML, like Gecko) Chrome/45.0.2454.94 Mobile Safari/537.36"
192.168.0.126 - - [26/Nov/2015:15:15:06 +0100] "GET /js/vendor/jquery.min.js HTTP/1.1" 200 29910 "http://caixamagica.eu/" "Mozilla/5.0 (Linux; Android 5.0.1; GT-I9295 Build/LRX22C) AppleWebKit/537.36 (KHTML, like Gecko) Chrome/45.0.2454.94 Mobile Safari/537.36"
192.168.0.126 - - [26/Nov/2015:15:15:06 +0100] "GET /generate_204 HTTP/1.1" 301 537 "-" "Dalvik/1.6.0 (Linux; U; Android 4.3; GT-I9295 Build/JSS15J)"
192.168.0.126 - - [26/Nov/2015:15:15:12 +0100] "GET /opciones.html HTTP/1.1" 200 1019 "http://caixamagica.eu/" "Mozilla/5.0 (Linux; Android 5.0.1; GT-I9295 Build/LRX22C) AppleWebKit/537.36 (KHTML, like Gecko) Chrome/45.0.2454.94 Mobile Safari/537.36"
192.168.0.126 - - [26/Nov/2015:15:15:12 +0100] "GET /css/jquery-ui.css HTTP/1.1" 200 8374 "http://caixamagica.eu/opciones.html" "Mozilla/5.0 (Linux; Android 5.0.1; GT-I9295 Build/LRX22C) AppleWebKit/537.36 (KHTML, like Gecko) Chrome/45.0.2454.94 Mobile Safari/537.36"
192.168.0.126 - - [26/Nov/2015:15:15:13 +0100] "GET /js/jquery.js HTTP/1.1" 200 81488 "http://caixamagica.eu/opciones.html" "Mozilla/5.0 (Linux; Android 5.0.1; GT-I9295 Build/LRX22C) AppleWebKit/537.36 (KHTML, like Gecko) Chrome/45.0.2454.94 Mobile Safari/537.36"
192.168.0.126 - - [26/Nov/2015:15:15:13 +0100] "GET /img/ui-icons_ffffff_256x240.png HTTP/1.1" 304 181 "http://caixamagica.eu/css/jquery-ui.css" "Mozilla/5.0 (Linux; Android 5.0.1; GT-I9295 Build/LRX22C) AppleWebKit/537.36 (KHTML, like Gecko) Chrome/45.0.2454.94 Mobile Safari/537.36"
::1 - - [26/Nov/2015:15:15:13 +0100] "OPTIONS * HTTP/1.0" 200 126 "-" "Apache/2.4.10 (Debian) (internal dummy connection)"
192.168.0.126 - - [26/Nov/2015:15:15:13 +0100] "GET /generate_204 HTTP/1.1" 301 574 "-" "Dalvik/2.1.0 (Linux; U; Android 5.0.1; GT-I9295 Build/LRX22C)"
192.168.0.126 - - [26/Nov/2015:15:15:13 +0100] "GET / HTTP/1.1" 200 854 "-" "Dalvik/2.1.0 (Linux; U; Android 5.0.1; GT-I9295 Build/LRX22C)"
192.168.0.126 - - [26/Nov/2015:15:15:15 +0100] "GET /problema.html HTTP/1.1" 200 1191 "http://caixamagica.eu/opciones.html" "Mozilla/5.0 (Linux; Android 5.0.1; GT-I9295 Build/LRX22C) AppleWebKit/537.36 (KHTML, like Gecko) Chrome/45.0.2454.94 Mobile Safari/537.36"
192.168.0.126 - - [26/Nov/2015:15:15:17 +0100] "GET /generate_204 HTTP/1.1" 301 537 "-" "Dalvik/1.6.0 (Linux; U; Android 4.3; GT-I9295 Build/JSS15J)"
192.168.0.126 - - [26/Nov/2015:15:15:19 +0100] "GET /decision.html HTTP/1.1" 200 1100 "http://caixamagica.eu/problema.html" "Mozilla/5.0 (Linux; Android 5.0.1; GT-I9295 Build/LRX22C) AppleWebKit/537.36 (KHTML, like Gecko) Chrome/45.0.2454.94 Mobile Safari/537.36"
::1 - - [26/Nov/2015:15:15:21 +0100] "OPTIONS * HTTP/1.0" 200 126 "-" "Apache/2.4.10 (Debian) (internal dummy connection)"
192.168.0.126 - - [26/Nov/2015:15:15:23 +0100] "GET /solucion.html HTTP/1.1" 200 1276 "http://caixamagica.eu/decision.html" "Mozilla/5.0 (Linux; Android 5.0.1; GT-I9295 Build/LRX22C) AppleWebKit/537.36 (KHTML, like Gecko) Chrome/45.0.2454.94 Mobile Safari/537.36"
192.168.0.126 - - [26/Nov/2015:15:15:27 +0100] "GET /generate_204 HTTP/1.1" 301 537 "-" "Dalvik/1.6.0 (Linux; U; Android 4.3; GT-I9295 Build/JSS15J)"
::1 - - [26/Nov/2015:15:15:31 +0100] "OPTIONS * HTTP/1.0" 200 126 "-" "Apache/2.4.10 (Debian) (internal dummy connection)"
192.168.0.126 - - [26/Nov/2015:15:15:33 +0100] "GET /agradecimiento.html HTTP/1.1" 200 1023 "http://caixamagica.eu/solucion.html" "Mozilla/5.0 (Linux; Android 5.0.1; GT-I9295 Build/LRX22C) AppleWebKit/537.36 (KHTML, like Gecko) Chrome/45.0.2454.94 Mobile Safari/537.36"
192.168.0.126 - - [26/Nov/2015:15:15:35 +0100] "GET /generate_204 HTTP/1.1" 301 574 "-" "Dalvik/2.1.0 (Linux; U; Android 5.0.1; GT-I9295 Build/LRX22C)"
192.168.0.126 - - [26/Nov/2015:15:15:35 +0100] "GET / HTTP/1.1" 200 854 "-" "Dalvik/2.1.0 (Linux; U; Android 5.0.1; GT-I9295 Build/LRX22C)"
192.168.0.126 - - [26/Nov/2015:15:15:37 +0100] "GET /generate_204 HTTP/1.1" 301 537 "-" "Dalvik/1.6.0 (Linux; U; Android 4.3; GT-I9295 Build/JSS15J)"
192.168.0.126 - - [26/Nov/2015:15:15:47 +0100] "GET /generate_204 HTTP/1.1" 301 537 "-" "Dalvik/1.6.0 (Linux; U; Android 4.3; GT-I9295 Build/JSS15J)"
192.168.0.126 - - [26/Nov/2015:15:15:53 +0100] "GET /generate_204 HTTP/1.1" 301 574 "-" "Dalvik/2.1.0 (Linux; U; Android 5.0.1; GT-I9295 Build/LRX22C)"
192.168.0.126 - - [26/Nov/2015:15:15:57 +0100] "GET /generate_204 HTTP/1.1" 301 537 "-" "Dalvik/1.6.0 (Linux; U; Android 4.3; GT-I9295 Build/JSS15J)"
192.168.0.126 - - [26/Nov/2015:15:16:05 +0100] "GET /generate_204 HTTP/1.1" 301 574 "-" "Dalvik/2.1.0 (Linux; U; Android 5.0.1; GT-I9295 Build/LRX22C)"
192.168.0.126 - - [26/Nov/2015:15:16:08 +0100] "GET /generate_204 HTTP/1.1" 301 537 "-" "Dalvik/1.6.0 (Linux; U; Android 4.3; GT-I9295 Build/JSS15J)"
192.168.0.126 - - [26/Nov/2015:15:16:19 +0100] "GET /generate_204 HTTP/1.1" 301 537 "-" "Dalvik/1.6.0 (Linux; U; Android 4.3; GT-I9295 Build/JSS15J)"
192.168.0.126 - - [26/Nov/2015:15:16:29 +0100] "GET /generate_204 HTTP/1.1" 301 537 "-" "Dalvik/1.6.0 (Linux; U; Android 4.3; GT-I9295 Build/JSS15J)"
192.168.0.133 - - [26/Nov/2015:15:17:22 +0100] "GET /generate_204 HTTP/1.1" 301 574 "-" "Dalvik/1.6.0 (Linux; U; Android 4.4.4; SM-G530H Build/KTU84P)"
192.168.0.126 - - [26/Nov/2015:15:17:35 +0100] "GET /generate_204 HTTP/1.1" 301 537 "-" "Dalvik/1.6.0 (Linux; U; Android 4.3; GT-I9295 Build/JSS15J)"
192.168.0.128 - - [26/Nov/2015:15:40:25 +0100] "GET /bag HTTP/1.1" 301 580 "-" "Mac OS X/10.11.1 (15B42)"
192.168.0.128 - - [26/Nov/2015:15:40:25 +0100] "GET /bag HTTP/1.1" 301 580 "-" "Mac OS X/10.11.1 (15B42)"
192.168.0.128 - - [26/Nov/2015:15:40:25 +0100] "GET / HTTP/1.1" 200 854 "-" "Mac OS X/10.11.1 (15B42)"
192.168.0.128 - - [26/Nov/2015:15:40:25 +0100] "GET / HTTP/1.1" 200 854 "-" "Mac OS X/10.11.1 (15B42)"
192.168.0.128 - - [26/Nov/2015:15:40:56 +0100] "GET /bag HTTP/1.1" 301 580 "-" "Mac OS X/10.11.1 (15B42)"
192.168.0.128 - - [26/Nov/2015:15:40:56 +0100] "GET / HTTP/1.1" 200 854 "-" "Mac OS X/10.11.1 (15B42)"
192.168.0.128 - - [26/Nov/2015:15:40:56 +0100] "GET /bag HTTP/1.1" 301 580 "-" "Mac OS X/10.11.1 (15B42)"
192.168.0.128 - - [26/Nov/2015:15:40:56 +0100] "GET / HTTP/1.1" 200 853 "-" "Mac OS X/10.11.1 (15B42)"
192.168.0.128 - - [26/Nov/2015:15:41:30 +0100] "GET /bag HTTP/1.1" 301 580 "-" "Mac OS X/10.11.1 (15B42)"
192.168.0.128 - - [26/Nov/2015:15:41:30 +0100] "GET /bag HTTP/1.1" 301 580 "-" "Mac OS X/10.11.1 (15B42)"
192.168.0.128 - - [26/Nov/2015:15:41:30 +0100] "GET / HTTP/1.1" 200 854 "-" "Mac OS X/10.11.1 (15B42)"
192.168.0.128 - - [26/Nov/2015:15:41:30 +0100] "GET / HTTP/1.1" 200 854 "-" "Mac OS X/10.11.1 (15B42)"
192.168.0.128 - - [26/Nov/2015:15:42:01 +0100] "GET /bag HTTP/1.1" 301 580 "-" "Mac OS X/10.11.1 (15B42)"
192.168.0.128 - - [26/Nov/2015:15:42:01 +0100] "GET / HTTP/1.1" 200 854 "-" "Mac OS X/10.11.1 (15B42)"
192.168.0.128 - - [26/Nov/2015:15:42:01 +0100] "GET /bag HTTP/1.1" 301 580 "-" "Mac OS X/10.11.1 (15B42)"
192.168.0.128 - - [26/Nov/2015:15:42:01 +0100] "GET / HTTP/1.1" 200 853 "-" "Mac OS X/10.11.1 (15B42)"
192.168.0.125 - - [26/Nov/2015:15:42:26 +0100] "GET /generate_204 HTTP/1.1" 301 574 "-" "Dalvik/2.1.0 (Linux; U; Android 6.0; Nexus 5 Build/MRA58N)"
192.168.0.125 - - [26/Nov/2015:15:42:26 +0100] "GET /generate_204 HTTP/1.1" 301 584 "-" "Dalvik/2.1.0 (Linux; U; Android 6.0; Nexus 5 Build/MRA58N)"
192.168.0.125 - - [26/Nov/2015:15:42:31 +0100] "GET /generate_204 HTTP/1.1" 301 584 "-" "Mozilla/5.0 (Linux; Android 6.0; Nexus 5 Build/MRA58N; wv) AppleWebKit/537.36 (KHTML, like Gecko) Version/4.0 Chrome/46.0.2490.76 Mobile Safari/537.36"
192.168.0.125 - - [26/Nov/2015:15:42:31 +0100] "GET / HTTP/1.1" 200 854 "-" "Mozilla/5.0 (Linux; Android 6.0; Nexus 5 Build/MRA58N; wv) AppleWebKit/537.36 (KHTML, like Gecko) Version/4.0 Chrome/46.0.2490.76 Mobile Safari/537.36"
192.168.0.125 - - [26/Nov/2015:15:42:31 +0100] "GET /css/app.css HTTP/1.1" 200 1522 "http://caixamagica.eu/" "Mozilla/5.0 (Linux; Android 6.0; Nexus 5 Build/MRA58N; wv) AppleWebKit/537.36 (KHTML, like Gecko) Version/4.0 Chrome/46.0.2490.76 Mobile Safari/537.36"
192.168.0.125 - - [26/Nov/2015:15:42:31 +0100] "GET /js/vendor/what-input.min.js HTTP/1.1" 200 1114 "http://caixamagica.eu/" "Mozilla/5.0 (Linux; Android 6.0; Nexus 5 Build/MRA58N; wv) AppleWebKit/537.36 (KHTML, like Gecko) Version/4.0 Chrome/46.0.2490.76 Mobile Safari/537.36"
192.168.0.125 - - [26/Nov/2015:15:42:31 +0100] "GET /css/foundation.css HTTP/1.1" 200 13869 "http://caixamagica.eu/" "Mozilla/5.0 (Linux; Android 6.0; Nexus 5 Build/MRA58N; wv) AppleWebKit/537.36 (KHTML, like Gecko) Version/4.0 Chrome/46.0.2490.76 Mobile Safari/537.36"
192.168.0.125 - - [26/Nov/2015:15:42:31 +0100] "GET /js/app.js HTTP/1.1" 200 320 "http://caixamagica.eu/" "Mozilla/5.0 (Linux; Android 6.0; Nexus 5 Build/MRA58N; wv) AppleWebKit/537.36 (KHTML, like Gecko) Version/4.0 Chrome/46.0.2490.76 Mobile Safari/537.36"
192.168.0.125 - - [26/Nov/2015:15:42:31 +0100] "GET /js/vendor/jquery.min.js HTTP/1.1" 200 29910 "http://caixamagica.eu/" "Mozilla/5.0 (Linux; Android 6.0; Nexus 5 Build/MRA58N; wv) AppleWebKit/537.36 (KHTML, like Gecko) Version/4.0 Chrome/46.0.2490.76 Mobile Safari/537.36"
192.168.0.125 - - [26/Nov/2015:15:42:31 +0100] "GET /js/foundation.min.js HTTP/1.1" 200 22300 "http://caixamagica.eu/" "Mozilla/5.0 (Linux; Android 6.0; Nexus 5 Build/MRA58N; wv) AppleWebKit/537.36 (KHTML, like Gecko) Version/4.0 Chrome/46.0.2490.76 Mobile Safari/537.36"
192.168.0.125 - - [26/Nov/2015:15:42:32 +0100] "GET /generate_204 HTTP/1.1" 301 584 "-" "Dalvik/2.1.0 (Linux; U; Android 6.0; Nexus 5 Build/MRA58N)"
192.168.0.125 - - [26/Nov/2015:15:42:32 +0100] "GET /generate_204 HTTP/1.1" 301 584 "-" "Dalvik/2.1.0 (Linux; U; Android 6.0; Nexus 5 Build/MRA58N)"
192.168.0.125 - - [26/Nov/2015:15:42:32 +0100] "GET /favicon.ico HTTP/1.1" 404 505 "http://caixamagica.eu/" "Mozilla/5.0 (Linux; Android 6.0; Nexus 5 Build/MRA58N; wv) AppleWebKit/537.36 (KHTML, like Gecko) Version/4.0 Chrome/46.0.2490.76 Mobile Safari/537.36"
192.168.0.125 - - [26/Nov/2015:15:42:33 +0100] "GET /generate_204 HTTP/1.1" 301 584 "-" "Dalvik/2.1.0 (Linux; U; Android 6.0; Nexus 5 Build/MRA58N)"
192.168.0.125 - - [26/Nov/2015:15:42:33 +0100] "GET /opciones.html HTTP/1.1" 200 1018 "http://caixamagica.eu/" "Mozilla/5.0 (Linux; Android 6.0; Nexus 5 Build/MRA58N; wv) AppleWebKit/537.36 (KHTML, like Gecko) Version/4.0 Chrome/46.0.2490.76 Mobile Safari/537.36"
192.168.0.125 - - [26/Nov/2015:15:42:33 +0100] "GET /css/jquery-ui.css HTTP/1.1" 200 8374 "http://caixamagica.eu/opciones.html" "Mozilla/5.0 (Linux; Android 6.0; Nexus 5 Build/MRA58N; wv) AppleWebKit/537.36 (KHTML, like Gecko) Version/4.0 Chrome/46.0.2490.76 Mobile Safari/537.36"
192.168.0.125 - - [26/Nov/2015:15:42:33 +0100] "GET /img/ui-icons_ffffff_256x240.png HTTP/1.1" 200 6585 "http://caixamagica.eu/css/jquery-ui.css" "Mozilla/5.0 (Linux; Android 6.0; Nexus 5 Build/MRA58N; wv) AppleWebKit/537.36 (KHTML, like Gecko) Version/4.0 Chrome/46.0.2490.76 Mobile Safari/537.36"
192.168.0.125 - - [26/Nov/2015:15:42:33 +0100] "GET /js/jquery.js HTTP/1.1" 200 81487 "http://caixamagica.eu/opciones.html" "Mozilla/5.0 (Linux; Android 6.0; Nexus 5 Build/MRA58N; wv) AppleWebKit/537.36 (KHTML, like Gecko) Version/4.0 Chrome/46.0.2490.76 Mobile Safari/537.36"
192.168.0.125 - - [26/Nov/2015:15:42:35 +0100] "GET /generate_204 HTTP/1.1" 301 584 "-" "Dalvik/2.1.0 (Linux; U; Android 6.0; Nexus 5 Build/MRA58N)"
192.168.0.125 - - [26/Nov/2015:15:42:35 +0100] "GET /generate_204 HTTP/1.1" 301 584 "-" "Dalvik/2.1.0 (Linux; U; Android 6.0; Nexus 5 Build/MRA58N)"
192.168.0.125 - - [26/Nov/2015:15:42:36 +0100] "GET /problema.html HTTP/1.1" 200 1191 "http://caixamagica.eu/opciones.html" "Mozilla/5.0 (Linux; Android 6.0; Nexus 5 Build/MRA58N; wv) AppleWebKit/537.36 (KHTML, like Gecko) Version/4.0 Chrome/46.0.2490.76 Mobile Safari/537.36"
192.168.0.125 - - [26/Nov/2015:15:42:37 +0100] "GET /generate_204 HTTP/1.1" 301 584 "-" "Dalvik/2.1.0 (Linux; U; Android 6.0; Nexus 5 Build/MRA58N)"
192.168.0.125 - - [26/Nov/2015:15:42:38 +0100] "GET /generate_204 HTTP/1.1" 301 584 "-" "Dalvik/2.1.0 (Linux; U; Android 6.0; Nexus 5 Build/MRA58N)"
192.168.0.128 - - [26/Nov/2015:15:42:39 +0100] "GET /bag HTTP/1.1" 301 580 "-" "Mac OS X/10.11.1 (15B42)"
192.168.0.128 - - [26/Nov/2015:15:42:39 +0100] "GET /bag HTTP/1.1" 301 580 "-" "Mac OS X/10.11.1 (15B42)"
192.168.0.128 - - [26/Nov/2015:15:42:39 +0100] "GET / HTTP/1.1" 200 854 "-" "Mac OS X/10.11.1 (15B42)"
192.168.0.128 - - [26/Nov/2015:15:42:39 +0100] "GET / HTTP/1.1" 200 854 "-" "Mac OS X/10.11.1 (15B42)"
192.168.0.125 - - [26/Nov/2015:15:42:44 +0100] "GET /decision.html HTTP/1.1" 200 1101 "http://caixamagica.eu/problema.html" "Mozilla/5.0 (Linux; Android 6.0; Nexus 5 Build/MRA58N; wv) AppleWebKit/537.36 (KHTML, like Gecko) Version/4.0 Chrome/46.0.2490.76 Mobile Safari/537.36"
192.168.0.125 - - [26/Nov/2015:15:42:45 +0100] "GET /generate_204 HTTP/1.1" 301 584 "-" "Dalvik/2.1.0 (Linux; U; Android 6.0; Nexus 5 Build/MRA58N)"
192.168.0.125 - - [26/Nov/2015:15:42:46 +0100] "GET /generate_204 HTTP/1.1" 301 584 "-" "Dalvik/2.1.0 (Linux; U; Android 6.0; Nexus 5 Build/MRA58N)"
192.168.0.125 - - [26/Nov/2015:15:43:08 +0100] "GET /generate_204 HTTP/1.1" 301 584 "-" "Dalvik/2.1.0 (Linux; U; Android 6.0; Nexus 5 Build/MRA58N)"
192.168.0.125 - - [26/Nov/2015:15:43:08 +0100] "GET /generate_204 HTTP/1.1" 301 584 "-" "Dalvik/2.1.0 (Linux; U; Android 6.0; Nexus 5 Build/MRA58N)"
192.168.0.125 - - [26/Nov/2015:15:43:09 +0100] "GET /generate_204 HTTP/1.1" 301 584 "-" "Dalvik/2.1.0 (Linux; U; Android 6.0; Nexus 5 Build/MRA58N)"
192.168.0.125 - - [26/Nov/2015:15:43:09 +0100] "GET /generate_204 HTTP/1.1" 301 584 "-" "Dalvik/2.1.0 (Linux; U; Android 6.0; Nexus 5 Build/MRA58N)"
192.168.0.128 - - [26/Nov/2015:15:43:10 +0100] "GET /bag HTTP/1.1" 301 580 "-" "Mac OS X/10.11.1 (15B42)"
192.168.0.128 - - [26/Nov/2015:15:43:10 +0100] "GET / HTTP/1.1" 200 854 "-" "Mac OS X/10.11.1 (15B42)"
192.168.0.128 - - [26/Nov/2015:15:43:10 +0100] "GET /bag HTTP/1.1" 301 580 "-" "Mac OS X/10.11.1 (15B42)"
192.168.0.128 - - [26/Nov/2015:15:43:10 +0100] "GET / HTTP/1.1" 200 853 "-" "Mac OS X/10.11.1 (15B42)"
192.168.0.125 - - [26/Nov/2015:15:43:16 +0100] "GET /index.html HTTP/1.1" 200 854 "http://caixamagica.eu/opciones.html" "Mozilla/5.0 (Linux; Android 6.0; Nexus 5 Build/MRA58N; wv) AppleWebKit/537.36 (KHTML, like Gecko) Version/4.0 Chrome/46.0.2490.76 Mobile Safari/537.36"
192.168.0.125 - - [26/Nov/2015:15:43:18 +0100] "GET /generate_204 HTTP/1.1" 301 584 "-" "Dalvik/2.1.0 (Linux; U; Android 6.0; Nexus 5 Build/MRA58N)"
192.168.0.125 - - [26/Nov/2015:15:43:18 +0100] "GET /generate_204 HTTP/1.1" 301 584 "-" "Dalvik/2.1.0 (Linux; U; Android 6.0; Nexus 5 Build/MRA58N)"
192.168.10.179 - - [26/Nov/2015:16:07:15 +0100] "GET / HTTP/1.1" 301 569 "-" "Mozilla/5.0"
192.168.0.125 - - [26/Nov/2015:16:16:43 +0100] "GET /generate_204 HTTP/1.1" 301 584 "-" "Dalvik/2.1.0 (Linux; U; Android 6.0; Nexus 5 Build/MRA58N)"
192.168.0.125 - - [26/Nov/2015:16:17:00 +0100] "GET /opciones.html HTTP/1.1" 200 1019 "http://caixamagica.eu/index.html" "Mozilla/5.0 (Linux; Android 6.0; Nexus 5 Build/MRA58N; wv) AppleWebKit/537.36 (KHTML, like Gecko) Version/4.0 Chrome/46.0.2490.76 Mobile Safari/537.36"
192.168.0.125 - - [26/Nov/2015:16:17:01 +0100] "GET /js/vendor/what-input.min.js HTTP/1.1" 200 1113 "http://caixamagica.eu/opciones.html" "Mozilla/5.0 (Linux; Android 6.0; Nexus 5 Build/MRA58N; wv) AppleWebKit/537.36 (KHTML, like Gecko) Version/4.0 Chrome/46.0.2490.76 Mobile Safari/537.36"
192.168.0.125 - - [26/Nov/2015:16:17:01 +0100] "GET /js/app.js HTTP/1.1" 304 180 "http://caixamagica.eu/opciones.html" "Mozilla/5.0 (Linux; Android 6.0; Nexus 5 Build/MRA58N; wv) AppleWebKit/537.36 (KHTML, like Gecko) Version/4.0 Chrome/46.0.2490.76 Mobile Safari/537.36"
192.168.0.125 - - [26/Nov/2015:16:17:01 +0100] "GET /css/app.css HTTP/1.1" 200 1522 "http://caixamagica.eu/opciones.html" "Mozilla/5.0 (Linux; Android 6.0; Nexus 5 Build/MRA58N; wv) AppleWebKit/537.36 (KHTML, like Gecko) Version/4.0 Chrome/46.0.2490.76 Mobile Safari/537.36"
192.168.0.125 - - [26/Nov/2015:16:17:01 +0100] "GET /css/jquery-ui.css HTTP/1.1" 200 8375 "http://caixamagica.eu/opciones.html" "Mozilla/5.0 (Linux; Android 6.0; Nexus 5 Build/MRA58N; wv) AppleWebKit/537.36 (KHTML, like Gecko) Version/4.0 Chrome/46.0.2490.76 Mobile Safari/537.36"
192.168.0.125 - - [26/Nov/2015:16:17:01 +0100] "GET /css/foundation.css HTTP/1.1" 200 13870 "http://caixamagica.eu/opciones.html" "Mozilla/5.0 (Linux; Android 6.0; Nexus 5 Build/MRA58N; wv) AppleWebKit/537.36 (KHTML, like Gecko) Version/4.0 Chrome/46.0.2490.76 Mobile Safari/537.36"
192.168.0.125 - - [26/Nov/2015:16:17:01 +0100] "GET /js/foundation.min.js HTTP/1.1" 200 22301 "http://caixamagica.eu/opciones.html" "Mozilla/5.0 (Linux; Android 6.0; Nexus 5 Build/MRA58N; wv) AppleWebKit/537.36 (KHTML, like Gecko) Version/4.0 Chrome/46.0.2490.76 Mobile Safari/537.36"
192.168.0.125 - - [26/Nov/2015:16:17:01 +0100] "GET /js/vendor/jquery.min.js HTTP/1.1" 200 29909 "http://caixamagica.eu/opciones.html" "Mozilla/5.0 (Linux; Android 6.0; Nexus 5 Build/MRA58N; wv) AppleWebKit/537.36 (KHTML, like Gecko) Version/4.0 Chrome/46.0.2490.76 Mobile Safari/537.36"
192.168.0.125 - - [26/Nov/2015:16:17:01 +0100] "GET /img/ui-icons_ffffff_256x240.png HTTP/1.1" 304 181 "http://caixamagica.eu/opciones.html" "Mozilla/5.0 (Linux; Android 6.0; Nexus 5 Build/MRA58N; wv) AppleWebKit/537.36 (KHTML, like Gecko) Version/4.0 Chrome/46.0.2490.76 Mobile Safari/537.36"
192.168.0.125 - - [26/Nov/2015:16:17:04 +0100] "GET /generate_204 HTTP/1.1" 301 584 "-" "Dalvik/2.1.0 (Linux; U; Android 6.0; Nexus 5 Build/MRA58N)"
192.168.0.125 - - [26/Nov/2015:16:17:04 +0100] "GET /generate_204 HTTP/1.1" 301 584 "-" "Dalvik/2.1.0 (Linux; U; Android 6.0; Nexus 5 Build/MRA58N)"
192.168.0.125 - - [26/Nov/2015:16:17:04 +0100] "GET /generate_204 HTTP/1.1" 301 584 "-" "Dalvik/2.1.0 (Linux; U; Android 6.0; Nexus 5 Build/MRA58N)"
192.168.0.125 - - [26/Nov/2015:16:17:01 +0100] "GET /js/jquery.js HTTP/1.1" 200 81487 "http://caixamagica.eu/opciones.html" "Mozilla/5.0 (Linux; Android 6.0; Nexus 5 Build/MRA58N; wv) AppleWebKit/537.36 (KHTML, like Gecko) Version/4.0 Chrome/46.0.2490.76 Mobile Safari/537.36"
192.168.0.125 - - [26/Nov/2015:16:17:05 +0100] "GET /generate_204 HTTP/1.1" 301 584 "-" "Dalvik/2.1.0 (Linux; U; Android 6.0; Nexus 5 Build/MRA58N)"
::1 - - [26/Nov/2015:16:17:11 +0100] "OPTIONS * HTTP/1.0" 200 126 "-" "Apache/2.4.10 (Debian) (internal dummy connection)"
192.168.0.125 - - [26/Nov/2015:16:35:45 +0100] "GET /generate_204 HTTP/1.1" 301 584 "-" "Dalvik/2.1.0 (Linux; U; Android 6.0; Nexus 5 Build/MRA58N)"
192.168.0.128 - - [26/Nov/2015:16:44:24 +0100] "GET /bag HTTP/1.1" 301 580 "-" "Mac OS X/10.11.1 (15B42)"
192.168.0.128 - - [26/Nov/2015:16:44:24 +0100] "GET / HTTP/1.1" 200 854 "-" "Mac OS X/10.11.1 (15B42)"
192.168.0.128 - - [26/Nov/2015:16:44:54 +0100] "GET /bag HTTP/1.1" 301 580 "-" "Mac OS X/10.11.1 (15B42)"
192.168.0.128 - - [26/Nov/2015:16:44:54 +0100] "GET / HTTP/1.1" 200 854 "-" "Mac OS X/10.11.1 (15B42)"
192.168.0.128 - - [26/Nov/2015:16:45:28 +0100] "GET /bag HTTP/1.1" 301 580 "-" "Mac OS X/10.11.1 (15B42)"
192.168.0.128 - - [26/Nov/2015:16:45:28 +0100] "GET / HTTP/1.1" 200 854 "-" "Mac OS X/10.11.1 (15B42)"
192.168.0.128 - - [26/Nov/2015:16:45:59 +0100] "GET /bag HTTP/1.1" 301 580 "-" "Mac OS X/10.11.1 (15B42)"
192.168.0.128 - - [26/Nov/2015:16:45:59 +0100] "GET / HTTP/1.1" 200 854 "-" "Mac OS X/10.11.1 (15B42)"
192.168.0.128 - - [26/Nov/2015:16:46:37 +0100] "GET /bag HTTP/1.1" 301 580 "-" "Mac OS X/10.11.1 (15B42)"
192.168.0.128 - - [26/Nov/2015:16:46:37 +0100] "GET / HTTP/1.1" 200 854 "-" "Mac OS X/10.11.1 (15B42)"
192.168.0.126 - - [26/Nov/2015:16:19:22 +0100] "GET /favicon.ico HTTP/1.1" 404 506 "http://caixamagica.eu/agradecimiento.html" "Mozilla/5.0 (Linux; Android 5.0.1; GT-I9295 Build/LRX22C) AppleWebKit/537.36 (KHTML, like Gecko) Chrome/45.0.2454.94 Mobile Safari/537.36"
192.168.0.125 - - [26/Nov/2015:16:19:31 +0100] "GET / HTTP/1.1" 200 854 "-" "Mozilla/5.0 (Linux; Android 6.0; Nexus 5 Build/MRA58N) AppleWebKit/537.36 (KHTML, like Gecko) Chrome/46.0.2490.76 Mobile Safari/537.36"
192.168.0.125 - - [26/Nov/2015:16:19:32 +0100] "GET /css/app.css HTTP/1.1" 200 1522 "http://caixamagica.eu/" "Mozilla/5.0 (Linux; Android 6.0; Nexus 5 Build/MRA58N) AppleWebKit/537.36 (KHTML, like Gecko) Chrome/46.0.2490.76 Mobile Safari/537.36"
192.168.0.125 - - [26/Nov/2015:16:19:32 +0100] "GET /js/app.js HTTP/1.1" 200 321 "http://caixamagica.eu/" "Mozilla/5.0 (Linux; Android 6.0; Nexus 5 Build/MRA58N) AppleWebKit/537.36 (KHTML, like Gecko) Chrome/46.0.2490.76 Mobile Safari/537.36"
192.168.0.125 - - [26/Nov/2015:16:19:32 +0100] "GET /js/vendor/what-input.min.js HTTP/1.1" 200 1114 "http://caixamagica.eu/" "Mozilla/5.0 (Linux; Android 6.0; Nexus 5 Build/MRA58N) AppleWebKit/537.36 (KHTML, like Gecko) Chrome/46.0.2490.76 Mobile Safari/537.36"
192.168.0.125 - - [26/Nov/2015:16:19:32 +0100] "GET /css/foundation.css HTTP/1.1" 200 13869 "http://caixamagica.eu/" "Mozilla/5.0 (Linux; Android 6.0; Nexus 5 Build/MRA58N) AppleWebKit/537.36 (KHTML, like Gecko) Chrome/46.0.2490.76 Mobile Safari/537.36"
192.168.0.125 - - [26/Nov/2015:16:19:32 +0100] "GET /js/foundation.min.js HTTP/1.1" 200 22301 "http://caixamagica.eu/" "Mozilla/5.0 (Linux; Android 6.0; Nexus 5 Build/MRA58N) AppleWebKit/537.36 (KHTML, like Gecko) Chrome/46.0.2490.76 Mobile Safari/537.36"
192.168.0.125 - - [26/Nov/2015:16:19:32 +0100] "GET /js/vendor/jquery.min.js HTTP/1.1" 200 29910 "http://caixamagica.eu/" "Mozilla/5.0 (Linux; Android 6.0; Nexus 5 Build/MRA58N) AppleWebKit/537.36 (KHTML, like Gecko) Chrome/46.0.2490.76 Mobile Safari/537.36"
192.168.0.126 - - [26/Nov/2015:16:19:32 +0100] "GET / HTTP/1.1" 200 854 "-" "Mozilla/5.0 (Linux; Android 5.0.1; GT-I9295 Build/LRX22C) AppleWebKit/537.36 (KHTML, like Gecko) Chrome/45.0.2454.94 Mobile Safari/537.36"
192.168.0.126 - - [26/Nov/2015:16:19:32 +0100] "GET /css/foundation.css HTTP/1.1" 200 13869 "http://caixamagica.eu/" "Mozilla/5.0 (Linux; Android 5.0.1; GT-I9295 Build/LRX22C) AppleWebKit/537.36 (KHTML, like Gecko) Chrome/45.0.2454.94 Mobile Safari/537.36"
192.168.0.125 - - [26/Nov/2015:16:19:32 +0100] "GET /favicon.ico HTTP/1.1" 404 505 "http://caixamagica.eu/" "Mozilla/5.0 (Linux; Android 6.0; Nexus 5 Build/MRA58N) AppleWebKit/537.36 (KHTML, like Gecko) Chrome/46.0.2490.76 Mobile Safari/537.36"
192.168.0.126 - - [26/Nov/2015:16:19:33 +0100] "GET /css/app.css HTTP/1.1" 200 1522 "http://caixamagica.eu/" "Mozilla/5.0 (Linux; Android 5.0.1; GT-I9295 Build/LRX22C) AppleWebKit/537.36 (KHTML, like Gecko) Chrome/45.0.2454.94 Mobile Safari/537.36"
192.168.0.126 - - [26/Nov/2015:16:19:33 +0100] "GET /js/vendor/jquery.min.js HTTP/1.1" 200 29910 "http://caixamagica.eu/" "Mozilla/5.0 (Linux; Android 5.0.1; GT-I9295 Build/LRX22C) AppleWebKit/537.36 (KHTML, like Gecko) Chrome/45.0.2454.94 Mobile Safari/537.36"
192.168.0.126 - - [26/Nov/2015:16:19:34 +0100] "GET /js/vendor/what-input.min.js HTTP/1.1" 200 1114 "http://caixamagica.eu/" "Mozilla/5.0 (Linux; Android 5.0.1; GT-I9295 Build/LRX22C) AppleWebKit/537.36 (KHTML, like Gecko) Chrome/45.0.2454.94 Mobile Safari/537.36"
192.168.0.126 - - [26/Nov/2015:16:19:34 +0100] "GET /js/app.js HTTP/1.1" 304 180 "http://caixamagica.eu/" "Mozilla/5.0 (Linux; Android 5.0.1; GT-I9295 Build/LRX22C) AppleWebKit/537.36 (KHTML, like Gecko) Chrome/45.0.2454.94 Mobile Safari/537.36"
192.168.0.126 - - [26/Nov/2015:16:19:34 +0100] "GET /js/foundation.min.js HTTP/1.1" 200 22301 "http://caixamagica.eu/" "Mozilla/5.0 (Linux; Android 5.0.1; GT-I9295 Build/LRX22C) AppleWebKit/537.36 (KHTML, like Gecko) Chrome/45.0.2454.94 Mobile Safari/537.36"
192.168.0.125 - - [26/Nov/2015:16:19:35 +0100] "GET /opciones.html HTTP/1.1" 200 1018 "http://caixamagica.eu/" "Mozilla/5.0 (Linux; Android 6.0; Nexus 5 Build/MRA58N) AppleWebKit/537.36 (KHTML, like Gecko) Chrome/46.0.2490.76 Mobile Safari/537.36"
192.168.0.125 - - [26/Nov/2015:16:19:35 +0100] "GET /css/app.css HTTP/1.1" 200 1521 "http://caixamagica.eu/opciones.html" "Mozilla/5.0 (Linux; Android 6.0; Nexus 5 Build/MRA58N) AppleWebKit/537.36 (KHTML, like Gecko) Chrome/46.0.2490.76 Mobile Safari/537.36"
192.168.0.125 - - [26/Nov/2015:16:19:35 +0100] "GET /css/jquery-ui.css HTTP/1.1" 200 8374 "http://caixamagica.eu/opciones.html" "Mozilla/5.0 (Linux; Android 6.0; Nexus 5 Build/MRA58N) AppleWebKit/537.36 (KHTML, like Gecko) Chrome/46.0.2490.76 Mobile Safari/537.36"
192.168.0.125 - - [26/Nov/2015:16:19:35 +0100] "GET /js/vendor/what-input.min.js HTTP/1.1" 200 1113 "http://caixamagica.eu/opciones.html" "Mozilla/5.0 (Linux; Android 6.0; Nexus 5 Build/MRA58N) AppleWebKit/537.36 (KHTML, like Gecko) Chrome/46.0.2490.76 Mobile Safari/537.36"
192.168.0.125 - - [26/Nov/2015:16:19:35 +0100] "GET /js/app.js HTTP/1.1" 304 179 "http://caixamagica.eu/opciones.html" "Mozilla/5.0 (Linux; Android 6.0; Nexus 5 Build/MRA58N) AppleWebKit/537.36 (KHTML, like Gecko) Chrome/46.0.2490.76 Mobile Safari/537.36"
192.168.0.125 - - [26/Nov/2015:16:19:35 +0100] "GET /js/foundation.min.js HTTP/1.1" 200 22300 "http://caixamagica.eu/opciones.html" "Mozilla/5.0 (Linux; Android 6.0; Nexus 5 Build/MRA58N) AppleWebKit/537.36 (KHTML, like Gecko) Chrome/46.0.2490.76 Mobile Safari/537.36"
192.168.0.125 - - [26/Nov/2015:16:19:35 +0100] "GET /css/foundation.css HTTP/1.1" 200 13869 "http://caixamagica.eu/opciones.html" "Mozilla/5.0 (Linux; Android 6.0; Nexus 5 Build/MRA58N) AppleWebKit/537.36 (KHTML, like Gecko) Chrome/46.0.2490.76 Mobile Safari/537.36"
